Command: /home/diazb/esp/idf-tools/python_env/idf6.1_py3.12_env/bin/python /home/diazb/esp/esp-idf/tools/idf_monitor.py -p /dev/ttyUSB0 -b 115200 --toolchain-prefix xtensa-esp32s3-elf- --target esp32s3 --revision 0 /home/diazb/Proyecto-Sumo-grupo-Juan-Lucas-Cristobal/Lab_1/Ejercicio_4/build/Ejercicio_4.elf /home/diazb/Proyecto-Sumo-grupo-Juan-Lucas-Cristobal/Lab_1/Ejercicio_4/build/bootloader/bootloader.elf -m '/home/diazb/esp/idf-tools/python_env/idf6.1_py3.12_env/bin/python' '/home/diazb/esp/esp-idf/tools/idf.py'
ESP-ROM:esp32s3-20210327
Build:Mar 27 2021
rst:0x1 (POWERON),boot:0x28 (SPI_FAST_FLASH_BOOT)
SPIWP:0xee
mode:DIO, clock div:1
load:0x3fce2820,len:0x14f0
load:0x403c8700,len:0xda0
load:0x403cb700,len:0x2f58
entry 0x403c8908
[0;32mI (24) boot: ESP-IDF v6.1-dev-2938-g12f36a021f 2nd stage bootloader[0m
[0;32mI (25) boot: compile time Mar 30 2026 21:57:18[0m
[0;32mI (25) boot: Multicore bootloader[0m
[0;32mI (27) boot: chip revision: v0.2[0m
[0;32mI (29) boot: efuse block revision: v1.4[0m
[0;32mI (33) boot.esp32s3: Boot SPI Speed : 80MHz[0m
[0;32mI (37) boot.esp32s3: SPI Mode       : DIO[0m
[0;32mI (41) boot.esp32s3: SPI Flash Size : 2MB[0m
[0;32mI (44) boot: Enabling RNG early entropy source...[0m
[0;32mI (49) boot: Partition Table:[0m
[0;32mI (51) boot: ## Label            Usage          Type ST Offset   Length[0m
[0;32mI (58) boot:  0 nvs              WiFi data        01 02 00009000 00006000[0m
[0;32mI (64) boot:  1 phy_init         RF data          01 01 0000f000 00001000[0m
[0;32mI (71) boot:  2 factory          factory app      00 00 00010000 00100000[0m
[0;32mI (77) boot: End of partition table[0m
[0;32mI (81) esp_image: segment 0: paddr=00010020 vaddr=3c020020 size=092bch ( 37564) map[0m
[0;32mI (95) esp_image: segment 1: paddr=000192e4 vaddr=3fc91000 size=0409ch ( 16540) load[0m
[0;32mI (99) esp_image: segment 2: paddr=0001d388 vaddr=40374000 size=02c90h ( 11408) load[0m
[0;32mI (105) esp_image: segment 3: paddr=00020020 vaddr=42000020 size=10020h ( 65568) map[0m
[0;32mI (122) esp_image: segment 4: paddr=00030048 vaddr=40376c90 size=0a2a0h ( 41632) load[0m
[0;32mI (132) esp_image: segment 5: paddr=0003a2f0 vaddr=50000000 size=01024h (  4132) load[0m
[0;32mI (139) boot: Loaded app from partition at offset 0x10000[0m
[0;32mI (140) boot: Disabling RNG early entropy source...[0m
[0;32mI (150) cpu_start: Multicore app[0m
[0;32mI (158) cpu_start: GPIO 44 and 43 are used as console UART I/O pins[0m
[0;32mI (159) cpu_start: Pro cpu start user code[0m
[0;32mI (159) cpu_start: cpu freq: 160000000 Hz[0m
[0;32mI (160) app_init: Application information:[0m
[0;32mI (164) app_init: Project name:     Ejercicio_4[0m
[0;32mI (168) app_init: App version:      1[0m
[0;32mI (172) app_init: Compile time:     Mar 30 2026 21:57:34[0m
[0;32mI (177) app_init: ELF file SHA256:  bba66a9ba...[0m
[0;32mI (181) app_init: ESP-IDF:          v6.1-dev-2938-g12f36a021f[0m
[0;32mI (187) efuse_init: Min chip rev:     v0.0[0m
[0;32mI (191) efuse_init: Max chip rev:     v0.99 [0m
[0;32mI (195) efuse_init: Chip rev:         v0.2[0m
[0;32mI (198) heap_init: Initializing. RAM available for dynamic allocation:[0m
[0;32mI (205) heap_init: At 3FC95A40 len 00053CD0 (335 KiB): RAM[0m
[0;32mI (210) heap_init: At 3FCE9710 len 00005724 (21 KiB): RAM[0m
[0;32mI (215) heap_init: At 3FCF0000 len 00008000 (32 KiB): DRAM[0m
[0;32mI (220) heap_init: At 600FE000 len 00001FE8 (7 KiB): RTCRAM[0m
[0;32mI (226) spi_flash: detected chip: mxic[0m
[0;32mI (229) spi_flash: flash io: dio[0m
[0;33mW (232) spi_flash: Detected size(16384k) larger than the size in the binary image header(2048k). Using the size in the binary image header.[0m
[0;32mI (244) sleep_gpio: Configure to isolate all GPIO pins in sleep state[0m
[0;32mI (251) sleep_gpio: Enable automatic switching of GPIO sleep configuration[0m
[0;32mI (258) main_task: Started on CPU0[0m
[0;32mI (278) main_task: Calling app_main()[0m

--- LABORATORIO 1: EJERCICIO 4 (ESP32-S3) ---
Vector: 1024 elementos | 4096 bytes

Tipo de Memoria  | Total Ciclos | Ciclos por Byte
--------------------------------------------------
DRAM Estatica  :       9344 ciclos |   2.28 ciclos/byte
Guru Meditation Error: Core  / panic'ed (Cache error). 
Cache disabled but cached memory region accessed

Core  0 register dump:
PC      : 0x420086fd  PS      : 0x00060a34  A0      : 0x820087b0  A1      : 0x3fc982d0  
A2      : 0x3c0254b8  A3      : 0x403775bc  A4      : 0x00000400  A5      : 0x0000000c  
A6      : 0x4200ae4c  A7      : 0x00000000  A8      : 0x00000000  A9      : 0x403775bc  
A10     : 0x403775bc  A11     : 0x3c0254a8  A12     : 0x00002480  A13     : 0x00000000  
A14     : 0x00000000  A15     : 0x40024000  SAR     : 0x00000004  EXCCAUSE: 0x00000007  
EXCVADDR: 0x00000000  LBEG    : 0x400570e8  LEND    : 0x400570f3  LCOUNT  : 0x00000000  


Backtrace: 0x420086fa:0x3fc982d0 0x420087ad:0x3fc982f0 0x4200610f:0x3fc98310 0x4200de1e:0x3fc98340




ELF file SHA256: bba66a9ba

Rebooting...
���ESP-ROM:esp32s3-20210327
Build:Mar 27 2021
rst:0xc (RTC_SW_CPU_RST),boot:0x28 (SPI_FAST_FLASH_BOOT)
Saved PC:0x4037b6a5
SPIWP:0xee
mode:DIO, clock div:1
load:0x3fce2820,len:0x14f0
load:0x403c8700,len:0xda0
load:0x403cb700,len:0x2f58
entry 0x403c8908
[0;32mI (29) boot: ESP-IDF v6.1-dev-2938-g12f36a021f 2nd stage bootloader[0m
[0;32mI (29) boot: compile time Mar 30 2026 21:57:18[0m
[0;32mI (29) boot: Multicore bootloader[0m
[0;32mI (31) boot: chip revision: v0.2[0m
[0;32mI (34) boot: efuse block revision: v1.4[0m
[0;32mI (37) boot.esp32s3: Boot SPI Speed : 80MHz[0m
[0;32mI (41) boot.esp32s3: SPI Mode       : DIO[0m
[0;32mI (45) boot.esp32s3: SPI Flash Size : 2MB[0m
[0;32mI (49) boot: Enabling RNG early entropy source...[0m
[0;32mI (53) boot: Partition Table:[0m
[0;32mI (56) boot: ## Label            Usage          Type ST Offset   Length[0m
[0;32mI (62) boot:  0 nvs              WiFi data        01 02 00009000 00006000[0m
[0;32mI (69) boot:  1 phy_init         RF data          01 01 0000f000 00001000[0m
[0;32mI (75) boot:  2 factory          factory app      00 00 00010000 00100000[0m
[0;32mI (82) boot: End of partition table[0m
[0;32mI (85) esp_image: segment 0: paddr=00010020 vaddr=3c020020 size=092bch ( 37564) map[0m
[0;32mI (99) esp_image: segment 1: paddr=000192e4 vaddr=3fc91000 size=0409ch ( 16540) load[0m
[0;32mI (103) esp_image: segment 2: paddr=0001d388 vaddr=40374000 size=02c90h ( 11408) load[0m
[0;32mI (110) esp_image: segment 3: paddr=00020020 vaddr=42000020 size=10020h ( 65568) map[0m
[0;32mI (127) esp_image: segment 4: paddr=00030048 vaddr=40376c90 size=0a2a0h ( 41632) load[0m
[0;32mI (136) esp_image: segment 5: paddr=0003a2f0 vaddr=50000000 size=01024h (  4132) load[0m
[0;32mI (144) boot: Loaded app from partition at offset 0x10000[0m
[0;32mI (144) boot: Disabling RNG early entropy source...[0m
[0;32mI (154) cpu_start: Multicore app[0m
[0;32mI (163) cpu_start: GPIO 44 and 43 are used as console UART I/O pins[0m
[0;32mI (163) cpu_start: Pro cpu start user code[0m
[0;32mI (163) cpu_start: cpu freq: 160000000 Hz[0m
[0;32mI (165) app_init: Application information:[0m
[0;32mI (169) app_init: Project name:     Ejercicio_4[0m
[0;32mI (173) app_init: App version:      1[0m
[0;32mI (176) app_init: Compile time:     Mar 30 2026 21:57:34[0m
[0;32mI (181) app_init: ELF file SHA256:  bba66a9ba...[0m
[0;32mI (186) app_init: ESP-IDF:          v6.1-dev-2938-g12f36a021f[0m
[0;32mI (191) efuse_init: Min chip rev:     v0.0[0m
[0;32mI (195) efuse_init: Max chip rev:     v0.99 [0m
[0;32mI (199) efuse_init: Chip rev:         v0.2[0m
[0;32mI (203) heap_init: Initializing. RAM available for dynamic allocation:[0m
[0;32mI (209) heap_init: At 3FC95A40 len 00053CD0 (335 KiB): RAM[0m
[0;32mI (214) heap_init: At 3FCE9710 len 00005724 (21 KiB): RAM[0m
[0;32mI (219) heap_init: At 3FCF0000 len 00008000 (32 KiB): DRAM[0m
[0;32mI (225) heap_init: At 600FE000 len 00001FE8 (7 KiB): RTCRAM[0m
[0;32mI (231) spi_flash: detected chip: mxic[0m
[0;32mI (233) spi_flash: flash io: dio[0m
[0;33mW (236) spi_flash: Detected size(16384k) larger than the size in the binary image header(2048k). Using the size in the binary image header.[0m
[0;32mI (249) sleep_gpio: Configure to isolate all GPIO pins in sleep state[0m
[0;32mI (255) sleep_gpio: Enable automatic switching of GPIO sleep configuration[0m
[0;32mI (262) main_task: Started on CPU0[0m
[0;32mI (282) main_task: Calling app_main()[0m

--- LABORATORIO 1: EJERCICIO 4 (ESP32-S3) ---
Vector: 1024 elementos | 4096 bytes

Tipo de Memoria  | Total Ciclos | Ciclos por Byte
--------------------------------------------------
DRAM Estatica  :       9344 ciclos |   2.28 ciclos/byte
Guru Meditation Error: Core  / panic'ed (Cache error). 
Cache disabled but cached memory region accessed

Core  0 register dump:
PC      : 0x420086fd  PS      : 0x00060a34  A0      : 0x820087b0  A1      : 0x3fc982d0  
A2      : 0x3c0254b8  A3      : 0x403775bc  A4      : 0x00000400  A5      : 0x0000000c  
A6      : 0x4200ae4c  A7      : 0x00000000  A8      : 0x00000000  A9      : 0x403775bc  
A10     : 0x403775bc  A11     : 0x3c0254a8  A12     : 0x00002480  A13     : 0x00000000  
A14     : 0x00000000  A15     : 0x40024000  SAR     : 0x00000004  EXCCAUSE: 0x00000007  
EXCVADDR: 0x00000000  LBEG    : 0x400570e8  LEND    : 0x400570f3  LCOUNT  : 0x00000000  


Backtrace: 0x420086fa:0x3fc982d0 0x420087ad:0x3fc982f0 0x4200610f:0x3fc98310 0x4200de1e:0x3fc98340




ELF file SHA256: bba66a9ba

Rebooting...
ESP-ROM:esp32s3-20210327
Build:Mar 27 2021
rst:0xc (RTC_SW_CPU_RST),boot:0x28 (SPI_FAST_FLASH_BOOT)
Saved PC:0x4037b6a5
SPIWP:0xee
mode:DIO, clock div:1
load:0x3fce2820,len:0x14f0
load:0x403c8700,len:0xda0
load:0x403cb700,len:0x2f58
entry 0x403c8908
[0;32mI (29) boot: ESP-IDF v6.1-dev-2938-g12f36a021f 2nd stage bootloader[0m
[0;32mI (29) boot: compile time Mar 30 2026 21:57:18[0m
[0;32mI (29) boot: Multicore bootloader[0m
[0;32mI (31) boot: chip revision: v0.2[0m
[0;32mI (34) boot: efuse block revision: v1.4[0m
[0;32mI (37) boot.esp32s3: Boot SPI Speed : 80MHz[0m
[0;32mI (41) boot.esp32s3: SPI Mode       : DIO[0m
[0;32mI (45) boot.esp32s3: SPI Flash Size : 2MB[0m
[0;32mI (49) boot: Enabling RNG early entropy source...[0m
[0;32mI (53) boot: Partition Table:[0m
[0;32mI (56) boot: ## Label            Usage          Type ST Offset   Length[0m
[0;32mI (62) boot:  0 nvs              WiFi data        01 02 00009000 00006000[0m
[0;32mI (69) boot:  1 phy_init         RF data          01 01 0000f000 00001000[0m
[0;32mI (75) boot:  2 factory          factory app      00 00 00010000 00100000[0m
[0;32mI (82) boot: End of partition table[0m
[0;32mI (85) esp_image: segment 0: paddr=00010020 vaddr=3c020020 size=092bch ( 37564) map[0m
[0;32mI (99) esp_image: segment 1: paddr=000192e4 vaddr=3fc91000 size=0409ch ( 16540) load[0m
[0;32mI (103) esp_image: segment 2: paddr=0001d388 vaddr=40374000 size=02c90h ( 11408) load[0m
[0;32mI (110) esp_image: segment 3: paddr=00020020 vaddr=42000020 size=10020h ( 65568) map[0m
[0;32mI (127) esp_image: segment 4: paddr=00030048 vaddr=40376c90 size=0a2a0h ( 41632) load[0m
[0;32mI (136) esp_image: segment 5: paddr=0003a2f0 vaddr=50000000 size=01024h (  4132) load[0m
[0;32mI (144) boot: Loaded app from partition at offset 0x10000[0m
[0;32mI (144) boot: Disabling RNG early entropy source...[0m
[0;32mI (154) cpu_start: Multicore app[0m
[0;32mI (163) cpu_start: GPIO 44 and 43 are used as console UART I/O pins[0m
[0;32mI (163) cpu_start: Pro cpu start user code[0m
[0;32mI (163) cpu_start: cpu freq: 160000000 Hz[0m
[0;32mI (165) app_init: Application information:[0m
[0;32mI (169) app_init: Project name:     Ejercicio_4[0m
[0;32mI (173) app_init: App version:      1[0m
[0;32mI (176) app_init: Compile time:     Mar 30 2026 21:57:34[0m
[0;32mI (181) app_init: ELF file SHA256:  bba66a9ba...[0m
[0;32mI (186) app_init: ESP-IDF:          v6.1-dev-2938-g12f36a021f[0m
[0;32mI (191) efuse_init: Min chip rev:     v0.0[0m
[0;32mI (195) efuse_init: Max chip rev:     v0.99 [0m
[0;32mI (199) efuse_init: Chip rev:         v0.2[0m
[0;32mI (203) heap_init: Initializing. RAM available for dynamic allocation:[0m
[0;32mI (209) heap_init: At 3FC95A40 len 00053CD0 (335 KiB): RAM[0m
[0;32mI (214) heap_init: At 3FCE9710 len 00005724 (21 KiB): RAM[0m
[0;32mI (219) heap_init: At 3FCF0000 len 00008000 (32 KiB): DRAM[0m
[0;32mI (225) heap_init: At 600FE000 len 00001FE8 (7 KiB): RTCRAM[0m
[0;32mI (231) spi_flash: detected chip: mxic[0m
[0;32mI (233) spi_flash: flash io: dio[0m
[0;33mW (236) spi_flash: Detected size(16384k) larger than the size in the binary image header(2048k). Using the size in the binary image header.[0m
[0;32mI (249) sleep_gpio: Configure to isolate all GPIO pins in sleep state[0m
[0;32mI (255) sleep_gpio: Enable automatic switching of GPIO sleep configuration[0m
[0;32mI (262) main_task: Started on CPU0[0m
[0;32mI (282) main_task: Calling app_main()[0m

--- LABORATORIO 1: EJERCICIO 4 (ESP32-S3) ---
Vector: 1024 elementos | 4096 bytes

Tipo de Memoria  | Total Ciclos | Ciclos por Byte
--------------------------------------------------
DRAM Estatica  :       9344 ciclos |   2.28 ciclos/byte
Guru Meditation Error: Core  / panic'ed (Cache error). 
Cache disabled but cached memory region accessed

Core  0 register dump:
PC      : 0x420086fd  PS      : 0x00060a34  A0      : 0x820087b0  A1      : 0x3fc982d0  
A2      : 0x3c0254b8  A3      : 0x403775bc  A4      : 0x00000400  A5      : 0x0000000c  
A6      : 0x4200ae4c  A7      : 0x00000000  A8      : 0x00000000  A9      : 0x403775bc  
A10     : 0x403775bc  A11     : 0x3c0254a8  A12     : 0x00002480  A13     : 0x00000000  
A14     : 0x00000000  A15     : 0x40024000  SAR     : 0x00000004  EXCCAUSE: 0x00000007  
EXCVADDR: 0x00000000  LBEG    : 0x400570e8  LEND    : 0x400570f3  LCOUNT  : 0x00000000  


Backtrace: 0x420086fa:0x3fc982d0 0x420087ad:0x3fc982f0 0x4200610f:0x3fc98310 0x4200de1e:0x3fc98340




ELF file SHA256: bba66a9ba

Rebooting...
ESP-ROM:esp32s3-20210327
Build:Mar 27 2021
rst:0xc (RTC_SW_CPU_RST),boot:0x28 (SPI_FAST_FLASH_BOOT)
Saved PC:0x4037b6a5
SPIWP:0xee
mode:DIO, clock div:1
load:0x3fce2820,len:0x14f0
load:0x403c8700,len:0xda0
load:0x403cb700,len:0x2f58
entry 0x403c8908
[0;32mI (29) boot: ESP-IDF v6.1-dev-2938-g12f36a021f 2nd stage bootloader[0m
[0;32mI (29) boot: compile time Mar 30 2026 21:57:18[0m
[0;32mI (29) boot: Multicore bootloader[0m
[0;32mI (31) boot: chip revision: v0.2[0m
[0;32mI (34) boot: efuse block revision: v1.4[0m
[0;32mI (37) boot.esp32s3: Boot SPI Speed : 80MHz[0m
[0;32mI (41) boot.esp32s3: SPI Mode       : DIO[0m
[0;32mI (45) boot.esp32s3: SPI Flash Size : 2MB[0m
[0;32mI (49) boot: Enabling RNG early entropy source...[0m
[0;32mI (53) boot: Partition Table:[0m
[0;32mI (56) boot: ## Label            Usage          Type ST Offset   Length[0m
[0;32mI (62) boot:  0 nvs              WiFi data        01 02 00009000 00006000[0m
[0;32mI (69) boot:  1 phy_init         RF data          01 01 0000f000 00001000[0m
[0;32mI (75) boot:  2 factory          factory app      00 00 00010000 00100000[0m
[0;32mI (82) boot: End of partition table[0m
[0;32mI (85) esp_image: segment 0: paddr=00010020 vaddr=3c020020 size=092bch ( 37564) map[0m
[0;32mI (99) esp_image: segment 1: paddr=000192e4 vaddr=3fc91000 size=0409ch ( 16540) load[0m
[0;32mI (103) esp_image: segment 2: paddr=0001d388 vaddr=40374000 size=02c90h ( 11408) load[0m
[0;32mI (110) esp_image: segment 3: paddr=00020020 vaddr=42000020 size=10020h ( 65568) map[0m
[0;32mI (127) esp_image: segment 4: paddr=00030048 vaddr=40376c90 size=0a2a0h ( 41632) load[0m
[0;32mI (136) esp_image: segment 5: paddr=0003a2f0 vaddr=50000000 size=01024h (  4132) load[0m
[0;32mI (144) boot: Loaded app from partition at offset 0x10000[0m
[0;32mI (144) boot: Disabling RNG early entropy source...[0m
[0;32mI (154) cpu_start: Multicore app[0m
[0;32mI (163) cpu_start: GPIO 44 and 43 are used as console UART I/O pins[0m
[0;32mI (163) cpu_start: Pro cpu start user code[0m
[0;32mI (163) cpu_start: cpu freq: 160000000 Hz[0m
[0;32mI (165) app_init: Application information:[0m
[0;32mI (169) app_init: Project name:     Ejercicio_4[0m
[0;32mI (173) app_init: App version:      1[0m
[0;32mI (176) app_init: Compile time:     Mar 30 2026 21:57:34[0m
[0;32mI (181) app_init: ELF file SHA256:  bba66a9ba...[0m
[0;32mI (186) app_init: ESP-IDF:          v6.1-dev-2938-g12f36a021f[0m
[0;32mI (191) efuse_init: Min chip rev:     v0.0[0m
[0;32mI (195) efuse_init: Max chip rev:     v0.99 [0m
[0;32mI (199) efuse_init: Chip rev:         v0.2[0m
[0;32mI (203) heap_init: Initializing. RAM available for dynamic allocation:[0m
[0;32mI (209) heap_init: At 3FC95A40 len 00053CD0 (335 KiB): RAM[0m
[0;32mI (214) heap_init: At 3FCE9710 len 00005724 (21 KiB): RAM[0m
[0;32mI (219) heap_init: At 3FCF0000 len 00008000 (32 KiB): DRAM[0m
[0;32mI (225) heap_init: At 600FE000 len 00001FE8 (7 KiB): RTCRAM[0m
[0;32mI (231) spi_flash: detected chip: mxic[0m
[0;32mI (233) spi_flash: flash io: dio[0m
[0;33mW (236) spi_flash: Detected size(16384k) larger than the size in the binary image header(2048k). Using the size in the binary image header.[0m
[0;32mI (249) sleep_gpio: Configure to isolate all GPIO pins in sleep state[0m
[0;32mI (255) sleep_gpio: Enable automatic switching of GPIO sleep configuration[0m
[0;32mI (262) main_task: Started on CPU0[0m
[0;32mI (282) main_task: Calling app_main()[0m

--- LABORATORIO 1: EJERCICIO 4 (ESP32-S3) ---
Vector: 1024 elementos | 4096 bytes

Tipo de Memoria  | Total Ciclos | Ciclos por Byte
--------------------------------------------------
DRAM Estatica  :       9344 ciclos |   2.28 ciclos/byte
Guru Meditation Error: Core  / panic'ed (Cache error). 
Cache disabled but cached memory region accessed

Core  0 register dump:
PC      : 0x420086fd  PS      : 0x00060a34  A0      : 0x820087b0  A1      : 0x3fc982d0  
A2      : 0x3c0254b8  A3      : 0x403775bc  A4      : 0x00000400  A5      : 0x0000000c  
A6      : 0x4200ae4c  A7      : 0x00000000  A8      : 0x00000000  A9      : 0x403775bc  
A10     : 0x403775bc  A11     : 0x3c0254a8  A12     : 0x00002480  A13     : 0x00000000  
A14     : 0x00000000  A15     : 0x40024000  SAR     : 0x00000004  EXCCAUSE: 0x00000007  
EXCVADDR: 0x00000000  LBEG    : 0x400570e8  LEND    : 0x400570f3  LCOUNT  : 0x00000000  


Backtrace: 0x420086fa:0x3fc982d0 0x420087ad:0x3fc982f0 0x4200610f:0x3fc98310 0x4200de1e:0x3fc98340




ELF file SHA256: bba66a9ba

Rebooting...
ESP-ROM:esp32s3-20210327
Build:Mar 27 2021
rst:0xc (RTC_SW_CPU_RST),boot:0x28 (SPI_FAST_FLASH_BOOT)
Saved PC:0x4037b6a5
SPIWP:0xee
mode:DIO, clock div:1
load:0x3fce2820,len:0x14f0
load:0x403c8700,len:0xda0
load:0x403cb700,len:0x2f58
entry 0x403c8908
[0;32mI (29) boot: ESP-IDF v6.1-dev-2938-g12f36a021f 2nd stage bootloader[0m
[0;32mI (29) boot: compile time Mar 30 2026 21:57:18[0m
[0;32mI (29) boot: Multicore bootloader[0m
[0;32mI (31) boot: chip revision: v0.2[0m
[0;32mI (34) boot: efuse block revision: v1.4[0m
[0;32mI (37) boot.esp32s3: Boot SPI Speed : 80MHz[0m
[0;32mI (41) boot.esp32s3: SPI Mode       : DIO[0m
[0;32mI (45) boot.esp32s3: SPI Flash Size : 2MB[0m
[0;32mI (49) boot: Enabling RNG early entropy source...[0m
[0;32mI (53) boot: Partition Table:[0m
[0;32mI (56) boot: ## Label            Usage          Type ST Offset   Length[0m
[0;32mI (62) boot:  0 nvs              WiFi data        01 02 00009000 00006000[0m
[0;32mI (69) boot:  1 phy_init         RF data          01 01 0000f000 00001000[0m
[0;32mI (75) boot:  2 factory          factory app      00 00 00010000 00100000[0m
[0;32mI (82) boot: End of partition table[0m
[0;32mI (85) esp_image: segment 0: paddr=00010020 vaddr=3c020020 size=092bch ( 37564) map[0m
[0;32mI (99) esp_image: segment 1: paddr=000192e4 vaddr=3fc91000 size=0409ch ( 16540) load[0m
[0;32mI (103) esp_image: segment 2: paddr=0001d388 vaddr=40374000 size=02c90h ( 11408) load[0m
[0;32mI (110) esp_image: segment 3: paddr=00020020 vaddr=42000020 size=10020h ( 65568) map[0m
[0;32mI (127) esp_image: segment 4: paddr=00030048 vaddr=40376c90 size=0a2a0h ( 41632) load[0m
[0;32mI (136) esp_image: segment 5: paddr=0003a2f0 vaddr=50000000 size=01024h (  4132) load[0m
[0;32mI (144) boot: Loaded app from partition at offset 0x10000[0m
[0;32mI (144) boot: Disabling RNG early entropy source...[0m
[0;32mI (154) cpu_start: Multicore app[0m
[0;32mI (163) cpu_start: GPIO 44 and 43 are used as console UART I/O pins[0m
[0;32mI (163) cpu_start: Pro cpu start user code[0m
[0;32mI (163) cpu_start: cpu freq: 160000000 Hz[0m
[0;32mI (165) app_init: Application information:[0m
[0;32mI (169) app_init: Project name:     Ejercicio_4[0m
[0;32mI (173) app_init: App version:      1[0m
[0;32mI (176) app_init: Compile time:     Mar 30 2026 21:57:34[0m
[0;32mI (181) app_init: ELF file SHA256:  bba66a9ba...[0m
[0;32mI (186) app_init: ESP-IDF:          v6.1-dev-2938-g12f36a021f[0m
[0;32mI (191) efuse_init: Min chip rev:     v0.0[0m
[0;32mI (195) efuse_init: Max chip rev:     v0.99 [0m
[0;32mI (199) efuse_init: Chip rev:         v0.2[0m
[0;32mI (203) heap_init: Initializing. RAM available for dynamic allocation:[0m
[0;32mI (209) heap_init: At 3FC95A40 len 00053CD0 (335 KiB): RAM[0m
[0;32mI (214) heap_init: At 3FCE9710 len 00005724 (21 KiB): RAM[0m
[0;32mI (219) heap_init: At 3FCF0000 len 00008000 (32 KiB): DRAM[0m
[0;32mI (225) heap_init: At 600FE000 len 00001FE8 (7 KiB): RTCRAM[0m
[0;32mI (231) spi_flash: detected chip: mxic[0m
[0;32mI (233) spi_flash: flash io: dio[0m
[0;33mW (236) spi_flash: Detected size(16384k) larger than the size in the binary image header(2048k). Using the size in the binary image header.[0m
[0;32mI (249) sleep_gpio: Configure to isolate all GPIO pins in sleep state[0m
[0;32mI (255) sleep_gpio: Enable automatic switching of GPIO sleep configuration[0m
[0;32mI (262) main_task: Started on CPU0[0m
[0;32mI (282) main_task: Calling app_main()[0m

--- LABORATORIO 1: EJERCICIO 4 (ESP32-S3) ---
Vector: 1024 elementos | 4096 bytes

Tipo de Memoria  | Total Ciclos | Ciclos por Byte
--------------------------------------------------
DRAM Estatica  :       9344 ciclos |   2.28 ciclos/byte
Guru Meditation Error: Core  / panic'ed (Cache error). 
Cache disabled but cached memory region accessed

Core  0 register dump:
PC      : 0x420086fd  PS      : 0x00060a34  A0      : 0x820087b0  A1      : 0x3fc982d0  
A2      : 0x3c0254b8  A3      : 0x403775bc  A4      : 0x00000400  A5      : 0x0000000c  
A6      : 0x4200ae4c  A7      : 0x00000000  A8      : 0x00000000  A9      : 0x403775bc  
A10     : 0x403775bc  A11     : 0x3c0254a8  A12     : 0x00002480  A13     : 0x00000000  
A14     : 0x00000000  A15     : 0x40024000  SAR     : 0x00000004  EXCCAUSE: 0x00000007  
EXCVADDR: 0x00000000  LBEG    : 0x400570e8  LEND    : 0x400570f3  LCOUNT  : 0x00000000  


Backtrace: 0x420086fa:0x3fc982d0 0x420087ad:0x3fc982f0 0x4200610f:0x3fc98310 0x4200de1e:0x3fc98340




ELF file SHA256: bba66a9ba

Rebooting...
ESP-ROM:esp32s3-20210327
Build:Mar 27 2021
rst:0xc (RTC_SW_CPU_RST),boot:0x28 (SPI_FAST_FLASH_BOOT)
Saved PC:0x4037b6a5
SPIWP:0xee
mode:DIO, clock div:1
load:0x3fce2820,len:0x14f0
load:0x403c8700,len:0xda0
load:0x403cb700,len:0x2f58
entry 0x403c8908
[0;32mI (29) boot: ESP-IDF v6.1-dev-2938-g12f36a021f 2nd stage bootloader[0m
[0;32mI (29) boot: compile time Mar 30 2026 21:57:18[0m
[0;32mI (29) boot: Multicore bootloader[0m
[0;32mI (31) boot: chip revision: v0.2[0m
[0;32mI (34) boot: efuse block revision: v1.4[0m
[0;32mI (37) boot.esp32s3: Boot SPI Speed : 80MHz[0m
[0;32mI (41) boot.esp32s3: SPI Mode       : DIO[0m
[0;32mI (45) boot.esp32s3: SPI Flash Size : 2MB[0m
[0;32mI (49) boot: Enabling RNG early entropy source...[0m
[0;32mI (53) boot: Partition Table:[0m
[0;32mI (56) boot: ## Label            Usage          Type ST Offset   Length[0m
[0;32mI (62) boot:  0 nvs              WiFi data        01 02 00009000 00006000[0m
[0;32mI (69) boot:  1 phy_init         RF data          01 01 0000f000 00001000[0m
[0;32mI (75) boot:  2 factory          factory app      00 00 00010000 00100000[0m
[0;32mI (82) boot: End of partition table[0m
[0;32mI (85) esp_image: segment 0: paddr=00010020 vaddr=3c020020 size=092bch ( 37564) map[0m
[0;32mI (99) esp_image: segment 1: paddr=000192e4 vaddr=3fc91000 size=0409ch ( 16540) load[0m
[0;32mI (103) esp_image: segment 2: paddr=0001d388 vaddr=40374000 size=02c90h ( 11408) load[0m
[0;32mI (110) esp_image: segment 3: paddr=00020020 vaddr=42000020 size=10020h ( 65568) map[0m
[0;32mI (127) esp_image: segment 4: paddr=00030048 vaddr=40376c90 size=0a2a0h ( 41632) load[0m
[0;32mI (136) esp_image: segment 5: paddr=0003a2f0 vaddr=50000000 size=01024h (  4132) load[0m
[0;32mI (144) boot: Loaded app from partition at offset 0x10000[0m
[0;32mI (144) boot: Disabling RNG early entropy source...[0m
[0;32mI (154) cpu_start: Multicore app[0m
[0;32mI (163) cpu_start: GPIO 44 and 43 are used as console UART I/O pins[0m
[0;32mI (163) cpu_start: Pro cpu start user code[0m
[0;32mI (163) cpu_start: cpu freq: 160000000 Hz[0m
[0;32mI (165) app_init: Application information:[0m
[0;32mI (169) app_init: Project name:     Ejercicio_4[0m
[0;32mI (173) app_init: App version:      1[0m
[0;32mI (176) app_init: Compile time:     Mar 30 2026 21:57:34[0m
[0;32mI (181) app_init: ELF file SHA256:  bba66a9ba...[0m
[0;32mI (186) app_init: ESP-IDF:          v6.1-dev-2938-g12f36a021f[0m
[0;32mI (191) efuse_init: Min chip rev:     v0.0[0m
[0;32mI (195) efuse_init: Max chip rev:     v0.99 [0m
[0;32mI (199) efuse_init: Chip rev:         v0.2[0m
[0;32mI (203) heap_init: Initializing. RAM available for dynamic allocation:[0m
[0;32mI (209) heap_init: At 3FC95A40 len 00053CD0 (335 KiB): RAM[0m
[0;32mI (214) heap_init: At 3FCE9710 len 00005724 (21 KiB): RAM[0m
[0;32mI (219) heap_init: At 3FCF0000 len 00008000 (32 KiB): DRAM[0m
[0;32mI (225) heap_init: At 600FE000 len 00001FE8 (7 KiB): RTCRAM[0m
[0;32mI (231) spi_flash: detected chip: mxic[0m
[0;32mI (233) spi_flash: flash io: dio[0m
[0;33mW (236) spi_flash: Detected size(16384k) larger than the size in the binary image header(2048k). Using the size in the binary image header.[0m
[0;32mI (249) sleep_gpio: Configure to isolate all GPIO pins in sleep state[0m
[0;32mI (255) sleep_gpio: Enable automatic switching of GPIO sleep configuration[0m
[0;32mI (262) main_task: Started on CPU0[0m
[0;32mI (282) main_task: Calling app_main()[0m

--- LABORATORIO 1: EJERCICIO 4 (ESP32-S3) ---
Vector: 1024 elementos | 4096 bytes

Tipo de Memoria  | Total Ciclos | Ciclos por Byte
--------------------------------------------------
DRAM Estatica  :       9344 ciclos |   2.28 ciclos/byte
Guru Meditation Error: Core  / panic'ed (Cache error). 
Cache disabled but cached memory region accessed

Core  0 register dump:
PC      : 0x420086fd  PS      : 0x00060a34  A0      : 0x820087b0  A1      : 0x3fc982d0  
A2      : 0x3c0254b8  A3      : 0x403775bc  A4      : 0x00000400  A5      : 0x0000000c  
A6      : 0x4200ae4c  A7      : 0x00000000  A8      : 0x00000000  A9      : 0x403775bc  
A10     : 0x403775bc  A11     : 0x3c0254a8  A12     : 0x00002480  A13     : 0x00000000  
A14     : 0x00000000  A15     : 0x40024000  SAR     : 0x00000004  EXCCAUSE: 0x00000007  
EXCVADDR: 0x00000000  LBEG    : 0x400570e8  LEND    : 0x400570f3  LCOUNT  : 0x00000000  


Backtrace: 0x420086fa:0x3fc982d0 0x420087ad:0x3fc982f0 0x4200610f:0x3fc98310 0x4200de1e:0x3fc98340




ELF file SHA256: bba66a9ba

Rebooting...
ESP-ROM:esp32s3-20210327
Build:Mar 27 2021
rst:0xc (RTC_SW_CPU_RST),boot:0x28 (SPI_FAST_FLASH_BOOT)
Saved PC:0x4037b6a5
SPIWP:0xee
mode:DIO, clock div:1
load:0x3fce2820,len:0x14f0
load:0x403c8700,len:0xda0
load:0x403cb700,len:0x2f58
entry 0x403c8908
[0;32mI (29) boot: ESP-IDF v6.1-dev-2938-g12f36a021f 2nd stage bootloader[0m
[0;32mI (29) boot: compile time Mar 30 2026 21:57:18[0m
[0;32mI (29) boot: Multicore bootloader[0m
[0;32mI (31) boot: chip revision: v0.2[0m
[0;32mI (34) boot: efuse block revision: v1.4[0m
[0;32mI (37) boot.esp32s3: Boot SPI Speed : 80MHz[0m
[0;32mI (41) boot.esp32s3: SPI Mode       : DIO[0m
[0;32mI (45) boot.esp32s3: SPI Flash Size : 2MB[0m
[0;32mI (49) boot: Enabling RNG early entropy source...[0m
[0;32mI (53) boot: Partition Table:[0m
[0;32mI (56) boot: ## Label            Usage          Type ST Offset   Length[0m
[0;32mI (62) boot:  0 nvs              WiFi data        01 02 00009000 00006000[0m
[0;32mI (69) boot:  1 phy_init         RF data          01 01 0000f000 00001000[0m
[0;32mI (75) boot:  2 factory          factory app      00 00 00010000 00100000[0m
[0;32mI (82) boot: End of partition table[0m
[0;32mI (85) esp_image: segment 0: paddr=00010020 vaddr=3c020020 size=092bch ( 37564) map[0m
[0;32mI (99) esp_image: segment 1: paddr=000192e4 vaddr=3fc91000 size=0409ch ( 16540) load[0m
[0;32mI (103) esp_image: segment 2: paddr=0001d388 vaddr=40374000 size=02c90h ( 11408) load[0m
[0;32mI (110) esp_image: segment 3: paddr=00020020 vaddr=42000020 size=10020h ( 65568) map[0m
[0;32mI (127) esp_image: segment 4: paddr=00030048 vaddr=40376c90 size=0a2a0h ( 41632) load[0m
[0;32mI (136) esp_image: segment 5: paddr=0003a2f0 vaddr=50000000 size=01024h (  4132) load[0m
[0;32mI (144) boot: Loaded app from partition at offset 0x10000[0m
[0;32mI (144) boot: Disabling RNG early entropy source...[0m
[0;32mI (154) cpu_start: Multicore app[0m
[0;32mI (163) cpu_start: GPIO 44 and 43 are used as console UART I/O pins[0m
[0;32mI (163) cpu_start: Pro cpu start user code[0m
[0;32mI (163) cpu_start: cpu freq: 160000000 Hz[0m
[0;32mI (165) app_init: Application information:[0m
[0;32mI (169) app_init: Project name:     Ejercicio_4[0m
[0;32mI (173) app_init: App version:      1[0m
[0;32mI (176) app_init: Compile time:     Mar 30 2026 21:57:34[0m
[0;32mI (181) app_init: ELF file SHA256:  bba66a9ba...[0m
[0;32mI (186) app_init: ESP-IDF:          v6.1-dev-2938-g12f36a021f[0m
[0;32mI (191) efuse_init: Min chip rev:     v0.0[0m
[0;32mI (195) efuse_init: Max chip rev:     v0.99 [0m
[0;32mI (199) efuse_init: Chip rev:         v0.2[0m
[0;32mI (203) heap_init: Initializing. RAM available for dynamic allocation:[0m
[0;32mI (209) heap_init: At 3FC95A40 len 00053CD0 (335 KiB): RAM[0m
[0;32mI (214) heap_init: At 3FCE9710 len 00005724 (21 KiB): RAM[0m
[0;32mI (219) heap_init: At 3FCF0000 len 00008000 (32 KiB): DRAM[0m
[0;32mI (225) heap_init: At 600FE000 len 00001FE8 (7 KiB): RTCRAM[0m
[0;32mI (231) spi_flash: detected chip: mxic[0m
[0;32mI (233) spi_flash: flash io: dio[0m
[0;33mW (236) spi_flash: Detected size(16384k) larger than the size in the binary image header(2048k). Using the size in the binary image header.[0m
[0;32mI (249) sleep_gpio: Configure to isolate all GPIO pins in sleep state[0m
[0;32mI (255) sleep_gpio: Enable automatic switching of GPIO sleep configuration[0m
[0;32mI (262) main_task: Started on CPU0[0m
[0;32mI (282) main_task: Calling app_main()[0m

--- LABORATORIO 1: EJERCICIO 4 (ESP32-S3) ---
Vector: 1024 elementos | 4096 bytes

Tipo de Memoria  | Total Ciclos | Ciclos por Byte
--------------------------------------------------
DRAM Estatica  :       9344 ciclos |   2.28 ciclos/byte
Guru Meditation Error: Core  / panic'ed (Cache error). 
Cache disabled but cached memory region accessed

Core  0 register dump:
PC      : 0x420086fd  PS      : 0x00060a34  A0      : 0x820087b0  A1      : 0x3fc982d0  
A2      : 0x3c0254b8  A3      : 0x403775bc  A4      : 0x00000400  A5      : 0x0000000c  
A6      : 0x4200ae4c  A7      : 0x00000000  A8      : 0x00000000  A9      : 0x403775bc  
A10     : 0x403775bc  A11     : 0x3c0254a8  A12     : 0x00002480  A13     : 0x00000000  
A14     : 0x00000000  A15     : 0x40024000  SAR     : 0x00000004  EXCCAUSE: 0x00000007  
EXCVADDR: 0x00000000  LBEG    : 0x400570e8  LEND    : 0x400570f3  LCOUNT  : 0x00000000  


Backtrace: 0x420086fa:0x3fc982d0 0x420087ad:0x3fc982f0 0x4200610f:0x3fc98310 0x4200de1e:0x3fc98340




ELF file SHA256: bba66a9ba

Rebooting...
ESP-ROM:esp32s3-20210327
Build:Mar 27 2021
rst:0xc (RTC_SW_CPU_RST),boot:0x28 (SPI_FAST_FLASH_BOOT)
Saved PC:0x4037b6a5
SPIWP:0xee
mode:DIO, clock div:1
load:0x3fce2820,len:0x14f0
load:0x403c8700,len:0xda0
load:0x403cb700,len:0x2f58
entry 0x403c8908
[0;32mI (29) boot: ESP-IDF v6.1-dev-2938-g12f36a021f 2nd stage bootloader[0m
[0;32mI (29) boot: compile time Mar 30 2026 21:57:18[0m
[0;32mI (29) boot: Multicore bootloader[0m
[0;32mI (31) boot: chip revision: v0.2[0m
[0;32mI (34) boot: efuse block revision: v1.4[0m
[0;32mI (37) boot.esp32s3: Boot SPI Speed : 80MHz[0m
[0;32mI (41) boot.esp32s3: SPI Mode       : DIO[0m
[0;32mI (45) boot.esp32s3: SPI Flash Size : 2MB[0m
[0;32mI (49) boot: Enabling RNG early entropy source...[0m
[0;32mI (53) boot: Partition Table:[0m
[0;32mI (56) boot: ## Label            Usage          Type ST Offset   Length[0m
[0;32mI (62) boot:  0 nvs              WiFi data        01 02 00009000 00006000[0m
[0;32mI (69) boot:  1 phy_init         RF data          01 01 0000f000 00001000[0m
[0;32mI (75) boot:  2 factory          factory app      00 00 00010000 00100000[0m
[0;32mI (82) boot: End of partition table[0m
[0;32mI (85) esp_image: segment 0: paddr=00010020 vaddr=3c020020 size=092bch ( 37564) map[0m
[0;32mI (99) esp_image: segment 1: paddr=000192e4 vaddr=3fc91000 size=0409ch ( 16540) load[0m
[0;32mI (103) esp_image: segment 2: paddr=0001d388 vaddr=40374000 size=02c90h ( 11408) load[0m
[0;32mI (110) esp_image: segment 3: paddr=00020020 vaddr=42000020 size=10020h ( 65568) map[0m
[0;32mI (127) esp_image: segment 4: paddr=00030048 vaddr=40376c90 size=0a2a0h ( 41632) load[0m
[0;32mI (136) esp_image: segment 5: paddr=0003a2f0 vaddr=50000000 size=01024h (  4132) load[0m
[0;32mI (144) boot: Loaded app from partition at offset 0x10000[0m
[0;32mI (144) boot: Disabling RNG early entropy source...[0m
[0;32mI (154) cpu_start: Multicore app[0m
[0;32mI (163) cpu_start: GPIO 44 and 43 are used as console UART I/O pins[0m
[0;32mI (163) cpu_start: Pro cpu start user code[0m
[0;32mI (163) cpu_start: cpu freq: 160000000 Hz[0m
[0;32mI (165) app_init: Application information:[0m
[0;32mI (169) app_init: Project name:     Ejercicio_4[0m
[0;32mI (173) app_init: App version:      1[0m
[0;32mI (176) app_init: Compile time:     Mar 30 2026 21:57:34[0m
[0;32mI (181) app_init: ELF file SHA256:  bba66a9ba...[0m
[0;32mI (186) app_init: ESP-IDF:          v6.1-dev-2938-g12f36a021f[0m
[0;32mI (191) efuse_init: Min chip rev:     v0.0[0m
[0;32mI (195) efuse_init: Max chip rev:     v0.99 [0m
[0;32mI (199) efuse_init: Chip rev:         v0.2[0m
[0;32mI (203) heap_init: Initializing. RAM available for dynamic allocation:[0m
[0;32mI (209) heap_init: At 3FC95A40 len 00053CD0 (335 KiB): RAM[0m
[0;32mI (214) heap_init: At 3FCE9710 len 00005724 (21 KiB): RAM[0m
[0;32mI (219) heap_init: At 3FCF0000 len 00008000 (32 KiB): DRAM[0m
[0;32mI (225) heap_init: At 600FE000 len 00001FE8 (7 KiB): RTCRAM[0m
[0;32mI (231) spi_flash: detected chip: mxic[0m
[0;32mI (233) spi_flash: flash io: dio[0m
[0;33mW (236) spi_flash: Detected size(16384k) larger than the size in the binary image header(2048k). Using the size in the binary image header.[0m
[0;32mI (249) sleep_gpio: Configure to isolate all GPIO pins in sleep state[0m
[0;32mI (255) sleep_gpio: Enable automatic switching of GPIO sleep configuration[0m
[0;32mI (262) main_task: Started on CPU0[0m
[0;32mI (282) main_task: Calling app_main()[0m

--- LABORATORIO 1: EJERCICIO 4 (ESP32-S3) ---
Vector: 1024 elementos | 4096 bytes

Tipo de Memoria  | Total Ciclos | Ciclos por Byte
--------------------------------------------------
DRAM Estatica  :       9344 ciclos |   2.28 ciclos/byte
Guru Meditation Error: Core  / panic'ed (Cache error). 
Cache disabled but cached memory region accessed

Core  0 register dump:
PC      : 0x420086fd  PS      : 0x00060a34  A0      : 0x820087b0  A1      : 0x3fc982d0  
A2      : 0x3c0254b8  A3      : 0x403775bc  A4      : 0x00000400  A5      : 0x0000000c  
A6      : 0x4200ae4c  A7      : 0x00000000  A8      : 0x00000000  A9      : 0x403775bc  
A10     : 0x403775bc  A11     : 0x3c0254a8  A12     : 0x00002480  A13     : 0x00000000  
A14     : 0x00000000  A15     : 0x40024000  SAR     : 0x00000004  EXCCAUSE: 0x00000007  
EXCVADDR: 0x00000000  LBEG    : 0x400570e8  LEND    : 0x400570f3  LCOUNT  : 0x00000000  


Backtrace: 0x420086fa:0x3fc982d0 0x420087ad:0x3fc982f0 0x4200610f:0x3fc98310 0x4200de1e:0x3fc98340




ELF file SHA256: bba66a9ba

Rebooting...
ESP-ROM:esp32s3-20210327
Build:Mar 27 2021
rst:0xc (RTC_SW_CPU_RST),boot:0x28 (SPI_FAST_FLASH_BOOT)
Saved PC:0x4037b6a5
SPIWP:0xee
mode:DIO, clock div:1
load:0x3fce2820,len:0x14f0
load:0x403c8700,len:0xda0
load:0x403cb700,len:0x2f58
entry 0x403c8908
[0;32mI (29) boot: ESP-IDF v6.1-dev-2938-g12f36a021f 2nd stage bootloader[0m
[0;32mI (29) boot: compile time Mar 30 2026 21:57:18[0m
[0;32mI (29) boot: Multicore bootloader[0m
[0;32mI (31) boot: chip revision: v0.2[0m
[0;32mI (34) boot: efuse block revision: v1.4[0m
[0;32mI (37) boot.esp32s3: Boot SPI Speed : 80MHz[0m
[0;32mI (41) boot.esp32s3: SPI Mode       : DIO[0m
[0;32mI (45) boot.esp32s3: SPI Flash Size : 2MB[0m
[0;32mI (49) boot: Enabling RNG early entropy source...[0m
[0;32mI (53) boot: Partition Table:[0m
[0;32mI (56) boot: ## Label            Usage          Type ST Offset   Length[0m
[0;32mI (62) boot:  0 nvs              WiFi data        01 02 00009000 00006000[0m
[0;32mI (69) boot:  1 phy_init         RF data          01 01 0000f000 00001000[0m
[0;32mI (75) boot:  2 factory          factory app      00 00 00010000 00100000[0m
[0;32mI (82) boot: End of partition table[0m
[0;32mI (85) esp_image: segment 0: paddr=00010020 vaddr=3c020020 size=092bch ( 37564) map[0m
[0;32mI (99) esp_image: segment 1: paddr=000192e4 vaddr=3fc91000 size=0409ch ( 16540) load[0m
[0;32mI (103) esp_image: segment 2: paddr=0001d388 vaddr=40374000 size=02c90h ( 11408) load[0m
[0;32mI (110) esp_image: segment 3: paddr=00020020 vaddr=42000020 size=10020h ( 65568) map[0m
[0;32mI (127) esp_image: segment 4: paddr=00030048 vaddr=40376c90 size=0a2a0h ( 41632) load[0m
[0;32mI (136) esp_image: segment 5: paddr=0003a2f0 vaddr=50000000 size=01024h (  4132) load[0m
[0;32mI (144) boot: Loaded app from partition at offset 0x10000[0m
[0;32mI (144) boot: Disabling RNG early entropy source...[0m
[0;32mI (154) cpu_start: Multicore app[0m
[0;32mI (163) cpu_start: GPIO 44 and 43 are used as console UART I/O pins[0m
[0;32mI (163) cpu_start: Pro cpu start user code[0m
[0;32mI (163) cpu_start: cpu freq: 160000000 Hz[0m
[0;32mI (165) app_init: Application information:[0m
[0;32mI (169) app_init: Project name:     Ejercicio_4[0m
[0;32mI (173) app_init: App version:      1[0m
[0;32mI (176) app_init: Compile time:     Mar 30 2026 21:57:34[0m
[0;32mI (181) app_init: ELF file SHA256:  bba66a9ba...[0m
[0;32mI (186) app_init: ESP-IDF:          v6.1-dev-2938-g12f36a021f[0m
[0;32mI (191) efuse_init: Min chip rev:     v0.0[0m
[0;32mI (195) efuse_init: Max chip rev:     v0.99 [0m
[0;32mI (199) efuse_init: Chip rev:         v0.2[0m
[0;32mI (203) heap_init: Initializing. RAM available for dynamic allocation:[0m
[0;32mI (209) heap_init: At 3FC95A40 len 00053CD0 (335 KiB): RAM[0m
[0;32mI (214) heap_init: At 3FCE9710 len 00005724 (21 KiB): RAM[0m
[0;32mI (219) heap_init: At 3FCF0000 len 00008000 (32 KiB): DRAM[0m
[0;32mI (225) heap_init: At 600FE000 len 00001FE8 (7 KiB): RTCRAM[0m
[0;32mI (231) spi_flash: detected chip: mxic[0m
[0;32mI (233) spi_flash: flash io: dio[0m
[0;33mW (236) spi_flash: Detected size(16384k) larger than the size in the binary image header(2048k). Using the size in the binary image header.[0m
[0;32mI (249) sleep_gpio: Configure to isolate all GPIO pins in sleep state[0m
[0;32mI (255) sleep_gpio: Enable automatic switching of GPIO sleep configuration[0m
[0;32mI (262) main_task: Started on CPU0[0m
[0;32mI (282) main_task: Calling app_main()[0m

--- LABORATORIO 1: EJERCICIO 4 (ESP32-S3) ---
Vector: 1024 elementos | 4096 bytes

Tipo de Memoria  | Total Ciclos | Ciclos por Byte
--------------------------------------------------
DRAM Estatica  :       9344 ciclos |   2.28 ciclos/byte
Guru Meditation Error: Core  / panic'ed (Cache error). 
Cache disabled but cached memory region accessed

Core  0 register dump:
PC      : 0x420086fd  PS      : 0x00060a34  A0      : 0x820087b0  A1      : 0x3fc982d0  
A2      : 0x3c0254b8  A3      : 0x403775bc  A4      : 0x00000400  A5      : 0x0000000c  
A6      : 0x4200ae4c  A7      : 0x00000000  A8      : 0x00000000  A9      : 0x403775bc  
A10     : 0x403775bc  A11     : 0x3c0254a8  A12     : 0x00002480  A13     : 0x00000000  
A14     : 0x00000000  A15     : 0x40024000  SAR     : 0x00000004  EXCCAUSE: 0x00000007  
EXCVADDR: 0x00000000  LBEG    : 0x400570e8  LEND    : 0x400570f3  LCOUNT  : 0x00000000  


Backtrace: 0x420086fa:0x3fc982d0 0x420087ad:0x3fc982f0 0x4200610f:0x3fc98310 0x4200de1e:0x3fc98340




ELF file SHA256: bba66a9ba

Rebooting...
ESP-ROM:esp32s3-20210327
Build:Mar 27 2021
rst:0xc (RTC_SW_CPU_RST),boot:0x28 (SPI_FAST_FLASH_BOOT)
Saved PC:0x4037b6a5
SPIWP:0xee
mode:DIO, clock div:1
load:0x3fce2820,len:0x14f0
load:0x403c8700,len:0xda0
load:0x403cb700,len:0x2f58
entry 0x403c8908
[0;32mI (29) boot: ESP-IDF v6.1-dev-2938-g12f36a021f 2nd stage bootloader[0m
[0;32mI (29) boot: compile time Mar 30 2026 21:57:18[0m
[0;32mI (29) boot: Multicore bootloader[0m
[0;32mI (31) boot: chip revision: v0.2[0m
[0;32mI (34) boot: efuse block revision: v1.4[0m
[0;32mI (37) boot.esp32s3: Boot SPI Speed : 80MHz[0m
[0;32mI (41) boot.esp32s3: SPI Mode       : DIO[0m
[0;32mI (45) boot.esp32s3: SPI Flash Size : 2MB[0m
[0;32mI (49) boot: Enabling RNG early entropy source...[0m
[0;32mI (53) boot: Partition Table:[0m
[0;32mI (56) boot: ## Label            Usage          Type ST Offset   Length[0m
[0;32mI (62) boot:  0 nvs              WiFi data        01 02 00009000 00006000[0m
[0;32mI (69) boot:  1 phy_init         RF data          01 01 0000f000 00001000[0m
[0;32mI (75) boot:  2 factory          factory app      00 00 00010000 00100000[0m
[0;32mI (82) boot: End of partition table[0m
[0;32mI (85) esp_image: segment 0: paddr=00010020 vaddr=3c020020 size=092bch ( 37564) map[0m
[0;32mI (99) esp_image: segment 1: paddr=000192e4 vaddr=3fc91000 size=0409ch ( 16540) load[0m
[0;32mI (103) esp_image: segment 2: paddr=0001d388 vaddr=40374000 size=02c90h ( 11408) load[0m
[0;32mI (110) esp_image: segment 3: paddr=00020020 vaddr=42000020 size=10020h ( 65568) map[0m
[0;32mI (127) esp_image: segment 4: paddr=00030048 vaddr=40376c90 size=0a2a0h ( 41632) load[0m
[0;32mI (136) esp_image: segment 5: paddr=0003a2f0 vaddr=50000000 size=01024h (  4132) load[0m
[0;32mI (144) boot: Loaded app from partition at offset 0x10000[0m
[0;32mI (144) boot: Disabling RNG early entropy source...[0m
[0;32mI (154) cpu_start: Multicore app[0m
[0;32mI (163) cpu_start: GPIO 44 and 43 are used as console UART I/O pins[0m
[0;32mI (163) cpu_start: Pro cpu start user code[0m
[0;32mI (163) cpu_start: cpu freq: 160000000 Hz[0m
[0;32mI (165) app_init: Application information:[0m
[0;32mI (169) app_init: Project name:     Ejercicio_4[0m
[0;32mI (173) app_init: App version:      1[0m
[0;32mI (176) app_init: Compile time:     Mar 30 2026 21:57:34[0m
[0;32mI (181) app_init: ELF file SHA256:  bba66a9ba...[0m
[0;32mI (186) app_init: ESP-IDF:          v6.1-dev-2938-g12f36a021f[0m
[0;32mI (191) efuse_init: Min chip rev:     v0.0[0m
[0;32mI (195) efuse_init: Max chip rev:     v0.99 [0m
[0;32mI (199) efuse_init: Chip rev:         v0.2[0m
[0;32mI (203) heap_init: Initializing. RAM available for dynamic allocation:[0m
[0;32mI (209) heap_init: At 3FC95A40 len 00053CD0 (335 KiB): RAM[0m
[0;32mI (214) heap_init: At 3FCE9710 len 00005724 (21 KiB): RAM[0m
[0;32mI (219) heap_init: At 3FCF0000 len 00008000 (32 KiB): DRAM[0m
[0;32mI (225) heap_init: At 600FE000 len 00001FE8 (7 KiB): RTCRAM[0m
[0;32mI (231) spi_flash: detected chip: mxic[0m
[0;32mI (233) spi_flash: flash io: dio[0m
[0;33mW (236) spi_flash: Detected size(16384k) larger than the size in the binary image header(2048k). Using the size in the binary image header.[0m
[0;32mI (249) sleep_gpio: Configure to isolate all GPIO pins in sleep state[0m
[0;32mI (255) sleep_gpio: Enable automatic switching of GPIO sleep configuration[0m
[0;32mI (262) main_task: Started on CPU0[0m
[0;32mI (282) main_task: Calling app_main()[0m

--- LABORATORIO 1: EJERCICIO 4 (ESP32-S3) ---
Vector: 1024 elementos | 4096 bytes

Tipo de Memoria  | Total Ciclos | Ciclos por Byte
--------------------------------------------------
DRAM Estatica  :       9344 ciclos |   2.28 ciclos/byte
Guru Meditation Error: Core  / panic'ed (Cache error). 
Cache disabled but cached memory region accessed

Core  0 register dump:
PC      : 0x420086fd  PS      : 0x00060a34  A0      : 0x820087b0  A1      : 0x3fc982d0  
A2      : 0x3c0254b8  A3      : 0x403775bc  A4      : 0x00000400  A5      : 0x0000000c  
A6      : 0x4200ae4c  A7      : 0x00000000  A8      : 0x00000000  A9      : 0x403775bc  
A10     : 0x403775bc  A11     : 0x3c0254a8  A12     : 0x00002480  A13     : 0x00000000  
A14     : 0x00000000  A15     : 0x40024000  SAR     : 0x00000004  EXCCAUSE: 0x00000007  
EXCVADDR: 0x00000000  LBEG    : 0x400570e8  LEND    : 0x400570f3  LCOUNT  : 0x00000000  


Backtrace: 0x420086fa:0x3fc982d0 0x420087ad:0x3fc982f0 0x4200610f:0x3fc98310 0x4200de1e:0x3fc98340




ELF file SHA256: bba66a9ba

Rebooting...
ESP-ROM:esp32s3-20210327
Build:Mar 27 2021
rst:0xc (RTC_SW_CPU_RST),boot:0x28 (SPI_FAST_FLASH_BOOT)
Saved PC:0x4037b6a5
SPIWP:0xee
mode:DIO, clock div:1
load:0x3fce2820,len:0x14f0
load:0x403c8700,len:0xda0
load:0x403cb700,len:0x2f58
entry 0x403c8908
[0;32mI (29) boot: ESP-IDF v6.1-dev-2938-g12f36a021f 2nd stage bootloader[0m
[0;32mI (29) boot: compile time Mar 30 2026 21:57:18[0m
[0;32mI (29) boot: Multicore bootloader[0m
[0;32mI (31) boot: chip revision: v0.2[0m
[0;32mI (34) boot: efuse block revision: v1.4[0m
[0;32mI (37) boot.esp32s3: Boot SPI Speed : 80MHz[0m
[0;32mI (41) boot.esp32s3: SPI Mode       : DIO[0m
[0;32mI (45) boot.esp32s3: SPI Flash Size : 2MB[0m
[0;32mI (49) boot: Enabling RNG early entropy source...[0m
[0;32mI (53) boot: Partition Table:[0m
[0;32mI (56) boot: ## Label            Usage          Type ST Offset   Length[0m
[0;32mI (62) boot:  0 nvs              WiFi data        01 02 00009000 00006000[0m
[0;32mI (69) boot:  1 phy_init         RF data          01 01 0000f000 00001000[0m
[0;32mI (75) boot:  2 factory          factory app      00 00 00010000 00100000[0m
[0;32mI (82) boot: End of partition table[0m
[0;32mI (85) esp_image: segment 0: paddr=00010020 vaddr=3c020020 size=092bch ( 37564) map[0m
[0;32mI (99) esp_image: segment 1: paddr=000192e4 vaddr=3fc91000 size=0409ch ( 16540) load[0m
[0;32mI (103) esp_image: segment 2: paddr=0001d388 vaddr=40374000 size=02c90h ( 11408) load[0m
[0;32mI (110) esp_image: segment 3: paddr=00020020 vaddr=42000020 size=10020h ( 65568) map[0m
[0;32mI (127) esp_image: segment 4: paddr=00030048 vaddr=40376c90 size=0a2a0h ( 41632) load[0m
[0;32mI (136) esp_image: segment 5: paddr=0003a2f0 vaddr=50000000 size=01024h (  4132) load[0m
[0;32mI (144) boot: Loaded app from partition at offset 0x10000[0m
[0;32mI (144) boot: Disabling RNG early entropy source...[0m
[0;32mI (154) cpu_start: Multicore app[0m
[0;32mI (163) cpu_start: GPIO 44 and 43 are used as console UART I/O pins[0m
[0;32mI (163) cpu_start: Pro cpu start user code[0m
[0;32mI (163) cpu_start: cpu freq: 160000000 Hz[0m
[0;32mI (165) app_init: Application information:[0m
[0;32mI (169) app_init: Project name:     Ejercicio_4[0m
[0;32mI (173) app_init: App version:      1[0m
[0;32mI (176) app_init: Compile time:     Mar 30 2026 21:57:34[0m
[0;32mI (181) app_init: ELF file SHA256:  bba66a9ba...[0m
[0;32mI (186) app_init: ESP-IDF:          v6.1-dev-2938-g12f36a021f[0m
[0;32mI (191) efuse_init: Min chip rev:     v0.0[0m
[0;32mI (195) efuse_init: Max chip rev:     v0.99 [0m
[0;32mI (199) efuse_init: Chip rev:         v0.2[0m
[0;32mI (203) heap_init: Initializing. RAM available for dynamic allocation:[0m
[0;32mI (209) heap_init: At 3FC95A40 len 00053CD0 (335 KiB): RAM[0m
[0;32mI (214) heap_init: At 3FCE9710 len 00005724 (21 KiB): RAM[0m
[0;32mI (219) heap_init: At 3FCF0000 len 00008000 (32 KiB): DRAM[0m
[0;32mI (225) heap_init: At 600FE000 len 00001FE8 (7 KiB): RTCRAM[0m
[0;32mI (231) spi_flash: detected chip: mxic[0m
[0;32mI (233) spi_flash: flash io: dio[0m
[0;33mW (236) spi_flash: Detected size(16384k) larger than the size in the binary image header(2048k). Using the size in the binary image header.[0m
[0;32mI (249) sleep_gpio: Configure to isolate all GPIO pins in sleep state[0m
[0;32mI (255) sleep_gpio: Enable automatic switching of GPIO sleep configuration[0m
[0;32mI (262) main_task: Started on CPU0[0m
[0;32mI (282) main_task: Calling app_main()[0m

--- LABORATORIO 1: EJERCICIO 4 (ESP32-S3) ---
Vector: 1024 elementos | 4096 bytes

Tipo de Memoria  | Total Ciclos | Ciclos por Byte
--------------------------------------------------
DRAM Estatica  :       9344 ciclos |   2.28 ciclos/byte
Guru Meditation Error: Core  / panic'ed (Cache error). 
Cache disabled but cached memory region accessed

Core  0 register dump:
PC      : 0x420086fd  PS      : 0x00060a34  A0      : 0x820087b0  A1      : 0x3fc982d0  
A2      : 0x3c0254b8  A3      : 0x403775bc  A4      : 0x00000400  A5      : 0x0000000c  
A6      : 0x4200ae4c  A7      : 0x00000000  A8      : 0x00000000  A9      : 0x403775bc  
A10     : 0x403775bc  A11     : 0x3c0254a8  A12     : 0x00002480  A13     : 0x00000000  
A14     : 0x00000000  A15     : 0x40024000  SAR     : 0x00000004  EXCCAUSE: 0x00000007  
EXCVADDR: 0x00000000  LBEG    : 0x400570e8  LEND    : 0x400570f3  LCOUNT  : 0x00000000  


Backtrace: 0x420086fa:0x3fc982d0 0x420087ad:0x3fc982f0 0x4200610f:0x3fc98310 0x4200de1e:0x3fc98340




ELF file SHA256: bba66a9ba

Rebooting...
ESP-ROM:esp32s3-20210327
Build:Mar 27 2021
rst:0xc (RTC_SW_CPU_RST),boot:0x28 (SPI_FAST_FLASH_BOOT)
Saved PC:0x4037b6a5
SPIWP:0xee
mode:DIO, clock div:1
load:0x3fce2820,len:0x14f0
load:0x403c8700,len:0xda0
load:0x403cb700,len:0x2f58
entry 0x403c8908
[0;32mI (29) boot: ESP-IDF v6.1-dev-2938-g12f36a021f 2nd stage bootloader[0m
[0;32mI (29) boot: compile time Mar 30 2026 21:57:18[0m
[0;32mI (29) boot: Multicore bootloader[0m
[0;32mI (31) boot: chip revision: v0.2[0m
[0;32mI (34) boot: efuse block revision: v1.4[0m
[0;32mI (37) boot.esp32s3: Boot SPI Speed : 80MHz[0m
[0;32mI (41) boot.esp32s3: SPI Mode       : DIO[0m
[0;32mI (45) boot.esp32s3: SPI Flash Size : 2MB[0m
[0;32mI (49) boot: Enabling RNG early entropy source...[0m
[0;32mI (53) boot: Partition Table:[0m
[0;32mI (56) boot: ## Label            Usage          Type ST Offset   Length[0m
[0;32mI (62) boot:  0 nvs              WiFi data        01 02 00009000 00006000[0m
[0;32mI (69) boot:  1 phy_init         RF data          01 01 0000f000 00001000[0m
[0;32mI (75) boot:  2 factory          factory app      00 00 00010000 00100000[0m
[0;32mI (82) boot: End of partition table[0m
[0;32mI (85) esp_image: segment 0: paddr=00010020 vaddr=3c020020 size=092bch ( 37564) map[0m
[0;32mI (99) esp_image: segment 1: paddr=000192e4 vaddr=3fc91000 size=0409ch ( 16540) load[0m
[0;32mI (103) esp_image: segment 2: paddr=0001d388 vaddr=40374000 size=02c90h ( 11408) load[0m
[0;32mI (110) esp_image: segment 3: paddr=00020020 vaddr=42000020 size=10020h ( 65568) map[0m
[0;32mI (127) esp_image: segment 4: paddr=00030048 vaddr=40376c90 size=0a2a0h ( 41632) load[0m
[0;32mI (136) esp_image: segment 5: paddr=0003a2f0 vaddr=50000000 size=01024h (  4132) load[0m
[0;32mI (144) boot: Loaded app from partition at offset 0x10000[0m
[0;32mI (144) boot: Disabling RNG early entropy source...[0m
[0;32mI (154) cpu_start: Multicore app[0m
[0;32mI (163) cpu_start: GPIO 44 and 43 are used as console UART I/O pins[0m
[0;32mI (163) cpu_start: Pro cpu start user code[0m
[0;32mI (163) cpu_start: cpu freq: 160000000 Hz[0m
[0;32mI (165) app_init: Application information:[0m
[0;32mI (169) app_init: Project name:     Ejercicio_4[0m
[0;32mI (173) app_init: App version:      1[0m
[0;32mI (176) app_init: Compile time:     Mar 30 2026 21:57:34[0m
[0;32mI (181) app_init: ELF file SHA256:  bba66a9ba...[0m
[0;32mI (186) app_init: ESP-IDF:          v6.1-dev-2938-g12f36a021f[0m
[0;32mI (191) efuse_init: Min chip rev:     v0.0[0m
[0;32mI (195) efuse_init: Max chip rev:     v0.99 [0m
[0;32mI (199) efuse_init: Chip rev:         v0.2[0m
[0;32mI (203) heap_init: Initializing. RAM available for dynamic allocation:[0m
[0;32mI (209) heap_init: At 3FC95A40 len 00053CD0 (335 KiB): RAM[0m
[0;32mI (214) heap_init: At 3FCE9710 len 00005724 (21 KiB): RAM[0m
[0;32mI (219) heap_init: At 3FCF0000 len 00008000 (32 KiB): DRAM[0m
[0;32mI (225) heap_init: At 600FE000 len 00001FE8 (7 KiB): RTCRAM[0m
[0;32mI (231) spi_flash: detected chip: mxic[0m
[0;32mI (233) spi_flash: flash io: dio[0m
[0;33mW (236) spi_flash: Detected size(16384k) larger than the size in the binary image header(2048k). Using the size in the binary image header.[0m
[0;32mI (249) sleep_gpio: Configure to isolate all GPIO pins in sleep state[0m
[0;32mI (255) sleep_gpio: Enable automatic switching of GPIO sleep configuration[0m
[0;32mI (262) main_task: Started on CPU0[0m
[0;32mI (282) main_task: Calling app_main()[0m

--- LABORATORIO 1: EJERCICIO 4 (ESP32-S3) ---
Vector: 1024 elementos | 4096 bytes

Tipo de Memoria  | Total Ciclos | Ciclos por Byte
--------------------------------------------------
DRAM Estatica  :       9344 ciclos |   2.28 ciclos/byte
Guru Meditation Error: Core  / panic'ed (Cache error). 
Cache disabled but cached memory region accessed

Core  0 register dump:
PC      : 0x420086fd  PS      : 0x00060a34  A0      : 0x820087b0  A1      : 0x3fc982d0  
A2      : 0x3c0254b8  A3      : 0x403775bc  A4      : 0x00000400  A5      : 0x0000000c  
A6      : 0x4200ae4c  A7      : 0x00000000  A8      : 0x00000000  A9      : 0x403775bc  
A10     : 0x403775bc  A11     : 0x3c0254a8  A12     : 0x00002480  A13     : 0x00000000  
A14     : 0x00000000  A15     : 0x40024000  SAR     : 0x00000004  EXCCAUSE: 0x00000007  
EXCVADDR: 0x00000000  LBEG    : 0x400570e8  LEND    : 0x400570f3  LCOUNT  : 0x00000000  


Backtrace: 0x420086fa:0x3fc982d0 0x420087ad:0x3fc982f0 0x4200610f:0x3fc98310 0x4200de1e:0x3fc98340




ELF file SHA256: bba66a9ba

Rebooting...
ESP-ROM:esp32s3-20210327
Build:Mar 27 2021
rst:0xc (RTC_SW_CPU_RST),boot:0x28 (SPI_FAST_FLASH_BOOT)
Saved PC:0x4037b6a5
SPIWP:0xee
mode:DIO, clock div:1
load:0x3fce2820,len:0x14f0
load:0x403c8700,len:0xda0
load:0x403cb700,len:0x2f58
entry 0x403c8908
[0;32mI (29) boot: ESP-IDF v6.1-dev-2938-g12f36a021f 2nd stage bootloader[0m
[0;32mI (29) boot: compile time Mar 30 2026 21:57:18[0m
[0;32mI (29) boot: Multicore bootloader[0m
[0;32mI (31) boot: chip revision: v0.2[0m
[0;32mI (34) boot: efuse block revision: v1.4[0m
[0;32mI (37) boot.esp32s3: Boot SPI Speed : 80MHz[0m
[0;32mI (41) boot.esp32s3: SPI Mode       : DIO[0m
[0;32mI (45) boot.esp32s3: SPI Flash Size : 2MB[0m
[0;32mI (49) boot: Enabling RNG early entropy source...[0m
[0;32mI (53) boot: Partition Table:[0m
[0;32mI (56) boot: ## Label            Usage          Type ST Offset   Length[0m
[0;32mI (62) boot:  0 nvs              WiFi data        01 02 00009000 00006000[0m
[0;32mI (69) boot:  1 phy_init         RF data          01 01 0000f000 00001000[0m
[0;32mI (75) boot:  2 factory          factory app      00 00 00010000 00100000[0m
[0;32mI (82) boot: End of partition table[0m
[0;32mI (85) esp_image: segment 0: paddr=00010020 vaddr=3c020020 size=092bch ( 37564) map[0m
[0;32mI (99) esp_image: segment 1: paddr=000192e4 vaddr=3fc91000 size=0409ch ( 16540) load[0m
[0;32mI (103) esp_image: segment 2: paddr=0001d388 vaddr=40374000 size=02c90h ( 11408) load[0m
[0;32mI (110) esp_image: segment 3: paddr=00020020 vaddr=42000020 size=10020h ( 65568) map[0m
[0;32mI (127) esp_image: segment 4: paddr=00030048 vaddr=40376c90 size=0a2a0h ( 41632) load[0m
[0;32mI (136) esp_image: segment 5: paddr=0003a2f0 vaddr=50000000 size=01024h (  4132) load[0m
[0;32mI (144) boot: Loaded app from partition at offset 0x10000[0m
[0;32mI (144) boot: Disabling RNG early entropy source...[0m
[0;32mI (154) cpu_start: Multicore app[0m
[0;32mI (163) cpu_start: GPIO 44 and 43 are used as console UART I/O pins[0m
[0;32mI (163) cpu_start: Pro cpu start user code[0m
[0;32mI (163) cpu_start: cpu freq: 160000000 Hz[0m
[0;32mI (165) app_init: Application information:[0m
[0;32mI (169) app_init: Project name:     Ejercicio_4[0m
[0;32mI (173) app_init: App version:      1[0m
[0;32mI (176) app_init: Compile time:     Mar 30 2026 21:57:34[0m
[0;32mI (181) app_init: ELF file SHA256:  bba66a9ba...[0m
[0;32mI (186) app_init: ESP-IDF:          v6.1-dev-2938-g12f36a021f[0m
[0;32mI (191) efuse_init: Min chip rev:     v0.0[0m
[0;32mI (195) efuse_init: Max chip rev:     v0.99 [0m
[0;32mI (199) efuse_init: Chip rev:         v0.2[0m
[0;32mI (203) heap_init: Initializing. RAM available for dynamic allocation:[0m
[0;32mI (209) heap_init: At 3FC95A40 len 00053CD0 (335 KiB): RAM[0m
[0;32mI (214) heap_init: At 3FCE9710 len 00005724 (21 KiB): RAM[0m
[0;32mI (219) heap_init: At 3FCF0000 len 00008000 (32 KiB): DRAM[0m
[0;32mI (225) heap_init: At 600FE000 len 00001FE8 (7 KiB): RTCRAM[0m
[0;32mI (231) spi_flash: detected chip: mxic[0m
[0;32mI (233) spi_flash: flash io: dio[0m
[0;33mW (236) spi_flash: Detected size(16384k) larger than the size in the binary image header(2048k). Using the size in the binary image header.[0m
[0;32mI (249) sleep_gpio: Configure to isolate all GPIO pins in sleep state[0m
[0;32mI (255) sleep_gpio: Enable automatic switching of GPIO sleep configuration[0m
[0;32mI (262) main_task: Started on CPU0[0m
[0;32mI (282) main_task: Calling app_main()[0m

--- LABORATORIO 1: EJERCICIO 4 (ESP32-S3) ---
Vector: 1024 elementos | 4096 bytes

Tipo de Memoria  | Total Ciclos | Ciclos por Byte
--------------------------------------------------
DRAM Estatica  :       9344 ciclos |   2.28 ciclos/byte
Guru Meditation Error: Core  / panic'ed (Cache error). 
Cache disabled but cached memory region accessed

Core  0 register dump:
PC      : 0x420086fd  PS      : 0x00060a34  A0      : 0x820087b0  A1      : 0x3fc982d0  
A2      : 0x3c0254b8  A3      : 0x403775bc  A4      : 0x00000400  A5      : 0x0000000c  
A6      : 0x4200ae4c  A7      : 0x00000000  A8      : 0x00000000  A9      : 0x403775bc  
A10     : 0x403775bc  A11     : 0x3c0254a8  A12     : 0x00002480  A13     : 0x00000000  
A14     : 0x00000000  A15     : 0x40024000  SAR     : 0x00000004  EXCCAUSE: 0x00000007  
EXCVADDR: 0x00000000  LBEG    : 0x400570e8  LEND    : 0x400570f3  LCOUNT  : 0x00000000  


Backtrace: 0x420086fa:0x3fc982d0 0x420087ad:0x3fc982f0 0x4200610f:0x3fc98310 0x4200de1e:0x3fc98340




ELF file SHA256: bba66a9ba

Rebooting...
ESP-ROM:esp32s3-20210327
Build:Mar 27 2021
rst:0xc (RTC_SW_CPU_RST),boot:0x28 (SPI_FAST_FLASH_BOOT)
Saved PC:0x4037b6a5
SPIWP:0xee
mode:DIO, clock div:1
load:0x3fce2820,len:0x14f0
load:0x403c8700,len:0xda0
load:0x403cb700,len:0x2f58
entry 0x403c8908
[0;32mI (29) boot: ESP-IDF v6.1-dev-2938-g12f36a021f 2nd stage bootloader[0m
[0;32mI (29) boot: compile time Mar 30 2026 21:57:18[0m
[0;32mI (29) boot: Multicore bootloader[0m
[0;32mI (31) boot: chip revision: v0.2[0m
[0;32mI (34) boot: efuse block revision: v1.4[0m
[0;32mI (37) boot.esp32s3: Boot SPI Speed : 80MHz[0m
[0;32mI (41) boot.esp32s3: SPI Mode       : DIO[0m
[0;32mI (45) boot.esp32s3: SPI Flash Size : 2MB[0m
[0;32mI (49) boot: Enabling RNG early entropy source...[0m
[0;32mI (53) boot: Partition Table:[0m
[0;32mI (56) boot: ## Label            Usage          Type ST Offset   Length[0m
[0;32mI (62) boot:  0 nvs              WiFi data        01 02 00009000 00006000[0m
[0;32mI (69) boot:  1 phy_init         RF data          01 01 0000f000 00001000[0m
[0;32mI (75) boot:  2 factory          factory app      00 00 00010000 00100000[0m
[0;32mI (82) boot: End of partition table[0m
[0;32mI (85) esp_image: segment 0: paddr=00010020 vaddr=3c020020 size=092bch ( 37564) map[0m
[0;32mI (99) esp_image: segment 1: paddr=000192e4 vaddr=3fc91000 size=0409ch ( 16540) load[0m
[0;32mI (103) esp_image: segment 2: paddr=0001d388 vaddr=40374000 size=02c90h ( 11408) load[0m
[0;32mI (110) esp_image: segment 3: paddr=00020020 vaddr=42000020 size=10020h ( 65568) map[0m
[0;32mI (127) esp_image: segment 4: paddr=00030048 vaddr=40376c90 size=0a2a0h ( 41632) load[0m
[0;32mI (136) esp_image: segment 5: paddr=0003a2f0 vaddr=50000000 size=01024h (  4132) load[0m
[0;32mI (144) boot: Loaded app from partition at offset 0x10000[0m
[0;32mI (144) boot: Disabling RNG early entropy source...[0m
[0;32mI (154) cpu_start: Multicore app[0m
[0;32mI (163) cpu_start: GPIO 44 and 43 are used as console UART I/O pins[0m
[0;32mI (163) cpu_start: Pro cpu start user code[0m
[0;32mI (163) cpu_start: cpu freq: 160000000 Hz[0m
[0;32mI (165) app_init: Application information:[0m
[0;32mI (169) app_init: Project name:     Ejercicio_4[0m
[0;32mI (173) app_init: App version:      1[0m
[0;32mI (176) app_init: Compile time:     Mar 30 2026 21:57:34[0m
[0;32mI (181) app_init: ELF file SHA256:  bba66a9ba...[0m
[0;32mI (186) app_init: ESP-IDF:          v6.1-dev-2938-g12f36a021f[0m
[0;32mI (191) efuse_init: Min chip rev:     v0.0[0m
[0;32mI (195) efuse_init: Max chip rev:     v0.99 [0m
[0;32mI (199) efuse_init: Chip rev:         v0.2[0m
[0;32mI (203) heap_init: Initializing. RAM available for dynamic allocation:[0m
[0;32mI (209) heap_init: At 3FC95A40 len 00053CD0 (335 KiB): RAM[0m
[0;32mI (214) heap_init: At 3FCE9710 len 00005724 (21 KiB): RAM[0m
[0;32mI (219) heap_init: At 3FCF0000 len 00008000 (32 KiB): DRAM[0m
[0;32mI (225) heap_init: At 600FE000 len 00001FE8 (7 KiB): RTCRAM[0m
[0;32mI (231) spi_flash: detected chip: mxic[0m
[0;32mI (233) spi_flash: flash io: dio[0m
[0;33mW (236) spi_flash: Detected size(16384k) larger than the size in the binary image header(2048k). Using the size in the binary image header.[0m
[0;32mI (249) sleep_gpio: Configure to isolate all GPIO pins in sleep state[0m
[0;32mI (255) sleep_gpio: Enable automatic switching of GPIO sleep configuration[0m
[0;32mI (262) main_task: Started on CPU0[0m
[0;32mI (282) main_task: Calling app_main()[0m

--- LABORATORIO 1: EJERCICIO 4 (ESP32-S3) ---
Vector: 1024 elementos | 4096 bytes

Tipo de Memoria  | Total Ciclos | Ciclos por Byte
--------------------------------------------------
DRAM Estatica  :       9344 ciclos |   2.28 ciclos/byte
Guru Meditation Error: Core  / panic'ed (Cache error). 
Cache disabled but cached memory region accessed

Core  0 register dump:
PC      : 0x420086fd  PS      : 0x00060a34  A0      : 0x820087b0  A1      : 0x3fc982d0  
A2      : 0x3c0254b8  A3      : 0x403775bc  A4      : 0x00000400  A5      : 0x0000000c  
A6      : 0x4200ae4c  A7      : 0x00000000  A8      : 0x00000000  A9      : 0x403775bc  
A10     : 0x403775bc  A11     : 0x3c0254a8  A12     : 0x00002480  A13     : 0x00000000  
A14     : 0x00000000  A15     : 0x40024000  SAR     : 0x00000004  EXCCAUSE: 0x00000007  
EXCVADDR: 0x00000000  LBEG    : 0x400570e8  LEND    : 0x400570f3  LCOUNT  : 0x00000000  


Backtrace: 0x420086fa:0x3fc982d0 0x420087ad:0x3fc982f0 0x4200610f:0x3fc98310 0x4200de1e:0x3fc98340




ELF file SHA256: bba66a9ba

Rebooting...
ESP-ROM:esp32s3-20210327
Build:Mar 27 2021
rst:0xc (RTC_SW_CPU_RST),boot:0x28 (SPI_FAST_FLASH_BOOT)
Saved PC:0x4037b6a5
SPIWP:0xee
mode:DIO, clock div:1
load:0x3fce2820,len:0x14f0
load:0x403c8700,len:0xda0
load:0x403cb700,len:0x2f58
entry 0x403c8908
[0;32mI (29) boot: ESP-IDF v6.1-dev-2938-g12f36a021f 2nd stage bootloader[0m
[0;32mI (29) boot: compile time Mar 30 2026 21:57:18[0m
[0;32mI (29) boot: Multicore bootloader[0m
[0;32mI (31) boot: chip revision: v0.2[0m
[0;32mI (34) boot: efuse block revision: v1.4[0m
[0;32mI (37) boot.esp32s3: Boot SPI Speed : 80MHz[0m
[0;32mI (41) boot.esp32s3: SPI Mode       : DIO[0m
[0;32mI (45) boot.esp32s3: SPI Flash Size : 2MB[0m
[0;32mI (49) boot: Enabling RNG early entropy source...[0m
[0;32mI (53) boot: Partition Table:[0m
[0;32mI (56) boot: ## Label            Usage          Type ST Offset   Length[0m
[0;32mI (62) boot:  0 nvs              WiFi data        01 02 00009000 00006000[0m
[0;32mI (69) boot:  1 phy_init         RF data          01 01 0000f000 00001000[0m
[0;32mI (75) boot:  2 factory          factory app      00 00 00010000 00100000[0m
[0;32mI (82) boot: End of partition table[0m
[0;32mI (85) esp_image: segment 0: paddr=00010020 vaddr=3c020020 size=092bch ( 37564) map[0m
[0;32mI (99) esp_image: segment 1: paddr=000192e4 vaddr=3fc91000 size=0409ch ( 16540) load[0m
[0;32mI (103) esp_image: segment 2: paddr=0001d388 vaddr=40374000 size=02c90h ( 11408) load[0m
[0;32mI (110) esp_image: segment 3: paddr=00020020 vaddr=42000020 size=10020h ( 65568) map[0m
[0;32mI (127) esp_image: segment 4: paddr=00030048 vaddr=40376c90 size=0a2a0h ( 41632) load[0m
[0;32mI (136) esp_image: segment 5: paddr=0003a2f0 vaddr=50000000 size=01024h (  4132) load[0m
[0;32mI (144) boot: Loaded app from partition at offset 0x10000[0m
[0;32mI (144) boot: Disabling RNG early entropy source...[0m
[0;32mI (154) cpu_start: Multicore app[0m
[0;32mI (163) cpu_start: GPIO 44 and 43 are used as console UART I/O pins[0m
[0;32mI (163) cpu_start: Pro cpu start user code[0m
[0;32mI (163) cpu_start: cpu freq: 160000000 Hz[0m
[0;32mI (165) app_init: Application information:[0m
[0;32mI (169) app_init: Project name:     Ejercicio_4[0m
[0;32mI (173) app_init: App version:      1[0m
[0;32mI (176) app_init: Compile time:     Mar 30 2026 21:57:34[0m
[0;32mI (181) app_init: ELF file SHA256:  bba66a9ba...[0m
[0;32mI (186) app_init: ESP-IDF:          v6.1-dev-2938-g12f36a021f[0m
[0;32mI (191) efuse_init: Min chip rev:     v0.0[0m
[0;32mI (195) efuse_init: Max chip rev:     v0.99 [0m
[0;32mI (199) efuse_init: Chip rev:         v0.2[0m
[0;32mI (203) heap_init: Initializing. RAM available for dynamic allocation:[0m
[0;32mI (209) heap_init: At 3FC95A40 len 00053CD0 (335 KiB): RAM[0m
[0;32mI (214) heap_init: At 3FCE9710 len 00005724 (21 KiB): RAM[0m
[0;32mI (219) heap_init: At 3FCF0000 len 00008000 (32 KiB): DRAM[0m
[0;32mI (225) heap_init: At 600FE000 len 00001FE8 (7 KiB): RTCRAM[0m
[0;32mI (231) spi_flash: detected chip: mxic[0m
[0;32mI (233) spi_flash: flash io: dio[0m
[0;33mW (236) spi_flash: Detected size(16384k) larger than the size in the binary image header(2048k). Using the size in the binary image header.[0m
[0;32mI (249) sleep_gpio: Configure to isolate all GPIO pins in sleep state[0m
[0;32mI (255) sleep_gpio: Enable automatic switching of GPIO sleep configuration[0m
[0;32mI (262) main_task: Started on CPU0[0m
[0;32mI (282) main_task: Calling app_main()[0m

--- LABORATORIO 1: EJERCICIO 4 (ESP32-S3) ---
Vector: 1024 elementos | 4096 bytes

Tipo de Memoria  | Total Ciclos | Ciclos por Byte
--------------------------------------------------
DRAM Estatica  :       9344 ciclos |   2.28 ciclos/byte
Guru Meditation Error: Core  / panic'ed (Cache error). 
Cache disabled but cached memory region accessed

Core  0 register dump:
PC      : 0x420086fd  PS      : 0x00060a34  A0      : 0x820087b0  A1      : 0x3fc982d0  
A2      : 0x3c0254b8  A3      : 0x403775bc  A4      : 0x00000400  A5      : 0x0000000c  
A6      : 0x4200ae4c  A7      : 0x00000000  A8      : 0x00000000  A9      : 0x403775bc  
A10     : 0x403775bc  A11     : 0x3c0254a8  A12     : 0x00002480  A13     : 0x00000000  
A14     : 0x00000000  A15     : 0x40024000  SAR     : 0x00000004  EXCCAUSE: 0x00000007  
EXCVADDR: 0x00000000  LBEG    : 0x400570e8  LEND    : 0x400570f3  LCOUNT  : 0x00000000  


Backtrace: 0x420086fa:0x3fc982d0 0x420087ad:0x3fc982f0 0x4200610f:0x3fc98310 0x4200de1e:0x3fc98340




ELF file SHA256: bba66a9ba

Rebooting...
ESP-ROM:esp32s3-20210327
Build:Mar 27 2021
rst:0xc (RTC_SW_CPU_RST),boot:0x28 (SPI_FAST_FLASH_BOOT)
Saved PC:0x4037b6a5
SPIWP:0xee
mode:DIO, clock div:1
load:0x3fce2820,len:0x14f0
load:0x403c8700,len:0xda0
load:0x403cb700,len:0x2f58
entry 0x403c8908
[0;32mI (29) boot: ESP-IDF v6.1-dev-2938-g12f36a021f 2nd stage bootloader[0m
[0;32mI (29) boot: compile time Mar 30 2026 21:57:18[0m
[0;32mI (29) boot: Multicore bootloader[0m
[0;32mI (31) boot: chip revision: v0.2[0m
[0;32mI (34) boot: efuse block revision: v1.4[0m
[0;32mI (37) boot.esp32s3: Boot SPI Speed : 80MHz[0m
[0;32mI (41) boot.esp32s3: SPI Mode       : DIO[0m
[0;32mI (45) boot.esp32s3: SPI Flash Size : 2MB[0m
[0;32mI (49) boot: Enabling RNG early entropy source...[0m
[0;32mI (53) boot: Partition Table:[0m
[0;32mI (56) boot: ## Label            Usage          Type ST Offset   Length[0m
[0;32mI (62) boot:  0 nvs              WiFi data        01 02 00009000 00006000[0m
[0;32mI (69) boot:  1 phy_init         RF data          01 01 0000f000 00001000[0m
[0;32mI (75) boot:  2 factory          factory app      00 00 00010000 00100000[0m
[0;32mI (82) boot: End of partition table[0m
[0;32mI (85) esp_image: segment 0: paddr=00010020 vaddr=3c020020 size=092bch ( 37564) map[0m
[0;32mI (99) esp_image: segment 1: paddr=000192e4 vaddr=3fc91000 size=0409ch ( 16540) load[0m
[0;32mI (103) esp_image: segment 2: paddr=0001d388 vaddr=40374000 size=02c90h ( 11408) load[0m
[0;32mI (110) esp_image: segment 3: paddr=00020020 vaddr=42000020 size=10020h ( 65568) map[0m
[0;32mI (127) esp_image: segment 4: paddr=00030048 vaddr=40376c90 size=0a2a0h ( 41632) load[0m
[0;32mI (136) esp_image: segment 5: paddr=0003a2f0 vaddr=50000000 size=01024h (  4132) load[0m
[0;32mI (144) boot: Loaded app from partition at offset 0x10000[0m
[0;32mI (144) boot: Disabling RNG early entropy source...[0m
[0;32mI (154) cpu_start: Multicore app[0m
[0;32mI (163) cpu_start: GPIO 44 and 43 are used as console UART I/O pins[0m
[0;32mI (163) cpu_start: Pro cpu start user code[0m
[0;32mI (163) cpu_start: cpu freq: 160000000 Hz[0m
[0;32mI (165) app_init: Application information:[0m
[0;32mI (169) app_init: Project name:     Ejercicio_4[0m
[0;32mI (173) app_init: App version:      1[0m
[0;32mI (176) app_init: Compile time:     Mar 30 2026 21:57:34[0m
[0;32mI (181) app_init: ELF file SHA256:  bba66a9ba...[0m
[0;32mI (186) app_init: ESP-IDF:          v6.1-dev-2938-g12f36a021f[0m
[0;32mI (191) efuse_init: Min chip rev:     v0.0[0m
[0;32mI (195) efuse_init: Max chip rev:     v0.99 [0m
[0;32mI (199) efuse_init: Chip rev:         v0.2[0m
[0;32mI (203) heap_init: Initializing. RAM available for dynamic allocation:[0m
[0;32mI (209) heap_init: At 3FC95A40 len 00053CD0 (335 KiB): RAM[0m
[0;32mI (214) heap_init: At 3FCE9710 len 00005724 (21 KiB): RAM[0m
[0;32mI (219) heap_init: At 3FCF0000 len 00008000 (32 KiB): DRAM[0m
[0;32mI (225) heap_init: At 600FE000 len 00001FE8 (7 KiB): RTCRAM[0m
[0;32mI (231) spi_flash: detected chip: mxic[0m
[0;32mI (233) spi_flash: flash io: dio[0m
[0;33mW (236) spi_flash: Detected size(16384k) larger than the size in the binary image header(2048k). Using the size in the binary image header.[0m
[0;32mI (249) sleep_gpio: Configure to isolate all GPIO pins in sleep state[0m
[0;32mI (255) sleep_gpio: Enable automatic switching of GPIO sleep configuration[0m
[0;32mI (262) main_task: Started on CPU0[0m
[0;32mI (282) main_task: Calling app_main()[0m

--- LABORATORIO 1: EJERCICIO 4 (ESP32-S3) ---
Vector: 1024 elementos | 4096 bytes

Tipo de Memoria  | Total Ciclos | Ciclos por Byte
--------------------------------------------------
DRAM Estatica  :       9344 ciclos |   2.28 ciclos/byte
Guru Meditation Error: Core  / panic'ed (Cache error). 
Cache disabled but cached memory region accessed

Core  0 register dump:
PC      : 0x420086fd  PS      : 0x00060a34  A0      : 0x820087b0  A1      : 0x3fc982d0  
A2      : 0x3c0254b8  A3      : 0x403775bc  A4      : 0x00000400  A5      : 0x0000000c  
A6      : 0x4200ae4c  A7      : 0x00000000  A8      : 0x00000000  A9      : 0x403775bc  
A10     : 0x403775bc  A11     : 0x3c0254a8  A12     : 0x00002480  A13     : 0x00000000  
A14     : 0x00000000  A15     : 0x40024000  SAR     : 0x00000004  EXCCAUSE: 0x00000007  
EXCVADDR: 0x00000000  LBEG    : 0x400570e8  LEND    : 0x400570f3  LCOUNT  : 0x00000000  


Backtrace: 0x420086fa:0x3fc982d0 0x420087ad:0x3fc982f0 0x4200610f:0x3fc98310 0x4200de1e:0x3fc98340




ELF file SHA256: bba66a9ba

Rebooting...
ESP-ROM:esp32s3-20210327
Build:Mar 27 2021
rst:0xc (RTC_SW_CPU_RST),boot:0x28 (SPI_FAST_FLASH_BOOT)
Saved PC:0x4037b6a5
SPIWP:0xee
mode:DIO, clock div:1
load:0x3fce2820,len:0x14f0
load:0x403c8700,len:0xda0
load:0x403cb700,len:0x2f58
entry 0x403c8908
[0;32mI (29) boot: ESP-IDF v6.1-dev-2938-g12f36a021f 2nd stage bootloader[0m
[0;32mI (29) boot: compile time Mar 30 2026 21:57:18[0m
[0;32mI (29) boot: Multicore bootloader[0m
[0;32mI (31) boot: chip revision: v0.2[0m
[0;32mI (34) boot: efuse block revision: v1.4[0m
[0;32mI (37) boot.esp32s3: Boot SPI Speed : 80MHz[0m
[0;32mI (41) boot.esp32s3: SPI Mode       : DIO[0m
[0;32mI (45) boot.esp32s3: SPI Flash Size : 2MB[0m
[0;32mI (49) boot: Enabling RNG early entropy source...[0m
[0;32mI (53) boot: Partition Table:[0m
[0;32mI (56) boot: ## Label            Usage          Type ST Offset   Length[0m
[0;32mI (62) boot:  0 nvs              WiFi data        01 02 00009000 00006000[0m
[0;32mI (69) boot:  1 phy_init         RF data          01 01 0000f000 00001000[0m
[0;32mI (75) boot:  2 factory          factory app      00 00 00010000 00100000[0m
[0;32mI (82) boot: End of partition table[0m
[0;32mI (85) esp_image: segment 0: paddr=00010020 vaddr=3c020020 size=092bch ( 37564) map[0m
[0;32mI (99) esp_image: segment 1: paddr=000192e4 vaddr=3fc91000 size=0409ch ( 16540) load[0m
[0;32mI (103) esp_image: segment 2: paddr=0001d388 vaddr=40374000 size=02c90h ( 11408) load[0m
[0;32mI (110) esp_image: segment 3: paddr=00020020 vaddr=42000020 size=10020h ( 65568) map[0m
[0;32mI (127) esp_image: segment 4: paddr=00030048 vaddr=40376c90 size=0a2a0h ( 41632) load[0m
[0;32mI (136) esp_image: segment 5: paddr=0003a2f0 vaddr=50000000 size=01024h (  4132) load[0m
[0;32mI (144) boot: Loaded app from partition at offset 0x10000[0m
[0;32mI (144) boot: Disabling RNG early entropy source...[0m
[0;32mI (154) cpu_start: Multicore app[0m
[0;32mI (163) cpu_start: GPIO 44 and 43 are used as console UART I/O pins[0m
[0;32mI (163) cpu_start: Pro cpu start user code[0m
[0;32mI (163) cpu_start: cpu freq: 160000000 Hz[0m
[0;32mI (165) app_init: Application information:[0m
[0;32mI (169) app_init: Project name:     Ejercicio_4[0m
[0;32mI (173) app_init: App version:      1[0m
[0;32mI (176) app_init: Compile time:     Mar 30 2026 21:57:34[0m
[0;32mI (181) app_init: ELF file SHA256:  bba66a9ba...[0m
[0;32mI (186) app_init: ESP-IDF:          v6.1-dev-2938-g12f36a021f[0m
[0;32mI (191) efuse_init: Min chip rev:     v0.0[0m
[0;32mI (195) efuse_init: Max chip rev:     v0.99 [0m
[0;32mI (199) efuse_init: Chip rev:         v0.2[0m
[0;32mI (203) heap_init: Initializing. RAM available for dynamic allocation:[0m
[0;32mI (209) heap_init: At 3FC95A40 len 00053CD0 (335 KiB): RAM[0m
[0;32mI (214) heap_init: At 3FCE9710 len 00005724 (21 KiB): RAM[0m
[0;32mI (219) heap_init: At 3FCF0000 len 00008000 (32 KiB): DRAM[0m
[0;32mI (225) heap_init: At 600FE000 len 00001FE8 (7 KiB): RTCRAM[0m
[0;32mI (231) spi_flash: detected chip: mxic[0m
[0;32mI (233) spi_flash: flash io: dio[0m
[0;33mW (236) spi_flash: Detected size(16384k) larger than the size in the binary image header(2048k). Using the size in the binary image header.[0m
[0;32mI (249) sleep_gpio: Configure to isolate all GPIO pins in sleep state[0m
[0;32mI (255) sleep_gpio: Enable automatic switching of GPIO sleep configuration[0m
[0;32mI (262) main_task: Started on CPU0[0m
[0;32mI (282) main_task: Calling app_main()[0m

--- LABORATORIO 1: EJERCICIO 4 (ESP32-S3) ---
Vector: 1024 elementos | 4096 bytes

Tipo de Memoria  | Total Ciclos | Ciclos por Byte
--------------------------------------------------
DRAM Estatica  :       9344 ciclos |   2.28 ciclos/byte
Guru Meditation Error: Core  / panic'ed (Cache error). 
Cache disabled but cached memory region accessed

Core  0 register dump:
PC      : 0x420086fd  PS      : 0x00060a34  A0      : 0x820087b0  A1      : 0x3fc982d0  
A2      : 0x3c0254b8  A3      : 0x403775bc  A4      : 0x00000400  A5      : 0x0000000c  
A6      : 0x4200ae4c  A7      : 0x00000000  A8      : 0x00000000  A9      : 0x403775bc  
A10     : 0x403775bc  A11     : 0x3c0254a8  A12     : 0x00002480  A13     : 0x00000000  
A14     : 0x00000000  A15     : 0x40024000  SAR     : 0x00000004  EXCCAUSE: 0x00000007  
EXCVADDR: 0x00000000  LBEG    : 0x400570e8  LEND    : 0x400570f3  LCOUNT  : 0x00000000  


Backtrace: 0x420086fa:0x3fc982d0 0x420087ad:0x3fc982f0 0x4200610f:0x3fc98310 0x4200de1e:0x3fc98340




ELF file SHA256: bba66a9ba

Rebooting...
ESP-ROM:esp32s3-20210327
Build:Mar 27 2021
rst:0xc (RTC_SW_CPU_RST),boot:0x28 (SPI_FAST_FLASH_BOOT)
Saved PC:0x4037b6a5
SPIWP:0xee
mode:DIO, clock div:1
load:0x3fce2820,len:0x14f0
load:0x403c8700,len:0xda0
load:0x403cb700,len:0x2f58
entry 0x403c8908
[0;32mI (29) boot: ESP-IDF v6.1-dev-2938-g12f36a021f 2nd stage bootloader[0m
[0;32mI (29) boot: compile time Mar 30 2026 21:57:18[0m
[0;32mI (29) boot: Multicore bootloader[0m
[0;32mI (31) boot: chip revision: v0.2[0m
[0;32mI (34) boot: efuse block revision: v1.4[0m
[0;32mI (37) boot.esp32s3: Boot SPI Speed : 80MHz[0m
[0;32mI (41) boot.esp32s3: SPI Mode       : DIO[0m
[0;32mI (45) boot.esp32s3: SPI Flash Size : 2MB[0m
[0;32mI (49) boot: Enabling RNG early entropy source...[0m
[0;32mI (53) boot: Partition Table:[0m
[0;32mI (56) boot: ## Label            Usage          Type ST Offset   Length[0m
[0;32mI (62) boot:  0 nvs              WiFi data        01 02 00009000 00006000[0m
[0;32mI (69) boot:  1 phy_init         RF data          01 01 0000f000 00001000[0m
[0;32mI (75) boot:  2 factory          factory app      00 00 00010000 00100000[0m
[0;32mI (82) boot: End of partition table[0m
[0;32mI (85) esp_image: segment 0: paddr=00010020 vaddr=3c020020 size=092bch ( 37564) map[0m
[0;32mI (99) esp_image: segment 1: paddr=000192e4 vaddr=3fc91000 size=0409ch ( 16540) load[0m
[0;32mI (103) esp_image: segment 2: paddr=0001d388 vaddr=40374000 size=02c90h ( 11408) load[0m
[0;32mI (110) esp_image: segment 3: paddr=00020020 vaddr=42000020 size=10020h ( 65568) map[0m
[0;32mI (127) esp_image: segment 4: paddr=00030048 vaddr=40376c90 size=0a2a0h ( 41632) load[0m
[0;32mI (136) esp_image: segment 5: paddr=0003a2f0 vaddr=50000000 size=01024h (  4132) load[0m
[0;32mI (144) boot: Loaded app from partition at offset 0x10000[0m
[0;32mI (144) boot: Disabling RNG early entropy source...[0m
[0;32mI (154) cpu_start: Multicore app[0m
[0;32mI (163) cpu_start: GPIO 44 and 43 are used as console UART I/O pins[0m
[0;32mI (163) cpu_start: Pro cpu start user code[0m
[0;32mI (163) cpu_start: cpu freq: 160000000 Hz[0m
[0;32mI (165) app_init: Application information:[0m
[0;32mI (169) app_init: Project name:     Ejercicio_4[0m
[0;32mI (173) app_init: App version:      1[0m
[0;32mI (176) app_init: Compile time:     Mar 30 2026 21:57:34[0m
[0;32mI (181) app_init: ELF file SHA256:  bba66a9ba...[0m
[0;32mI (186) app_init: ESP-IDF:          v6.1-dev-2938-g12f36a021f[0m
[0;32mI (191) efuse_init: Min chip rev:     v0.0[0m
[0;32mI (195) efuse_init: Max chip rev:     v0.99 [0m
[0;32mI (199) efuse_init: Chip rev:         v0.2[0m
[0;32mI (203) heap_init: Initializing. RAM available for dynamic allocation:[0m
[0;32mI (209) heap_init: At 3FC95A40 len 00053CD0 (335 KiB): RAM[0m
[0;32mI (214) heap_init: At 3FCE9710 len 00005724 (21 KiB): RAM[0m
[0;32mI (219) heap_init: At 3FCF0000 len 00008000 (32 KiB): DRAM[0m
[0;32mI (225) heap_init: At 600FE000 len 00001FE8 (7 KiB): RTCRAM[0m
[0;32mI (231) spi_flash: detected chip: mxic[0m
[0;32mI (233) spi_flash: flash io: dio[0m
[0;33mW (236) spi_flash: Detected size(16384k) larger than the size in the binary image header(2048k). Using the size in the binary image header.[0m
[0;32mI (249) sleep_gpio: Configure to isolate all GPIO pins in sleep state[0m
[0;32mI (255) sleep_gpio: Enable automatic switching of GPIO sleep configuration[0m
[0;32mI (262) main_task: Started on CPU0[0m
[0;32mI (282) main_task: Calling app_main()[0m

--- LABORATORIO 1: EJERCICIO 4 (ESP32-S3) ---
Vector: 1024 elementos | 4096 bytes

Tipo de Memoria  | Total Ciclos | Ciclos por Byte
--------------------------------------------------
DRAM Estatica  :       9344 ciclos |   2.28 ciclos/byte
Guru Meditation Error: Core  / panic'ed (Cache error). 
Cache disabled but cached memory region accessed

Core  0 register dump:
PC      : 0x420086fd  PS      : 0x00060a34  A0      : 0x820087b0  A1      : 0x3fc982d0  
A2      : 0x3c0254b8  A3      : 0x403775bc  A4      : 0x00000400  A5      : 0x0000000c  
A6      : 0x4200ae4c  A7      : 0x00000000  A8      : 0x00000000  A9      : 0x403775bc  
A10     : 0x403775bc  A11     : 0x3c0254a8  A12     : 0x00002480  A13     : 0x00000000  
A14     : 0x00000000  A15     : 0x40024000  SAR     : 0x00000004  EXCCAUSE: 0x00000007  
EXCVADDR: 0x00000000  LBEG    : 0x400570e8  LEND    : 0x400570f3  LCOUNT  : 0x00000000  


Backtrace: 0x420086fa:0x3fc982d0 0x420087ad:0x3fc982f0 0x4200610f:0x3fc98310 0x4200de1e:0x3fc98340




ELF file SHA256: bba66a9ba

Rebooting...
ESP-ROM:esp32s3-20210327
Build:Mar 27 2021
rst:0xc (RTC_SW_CPU_RST),boot:0x28 (SPI_FAST_FLASH_BOOT)
Saved PC:0x4037b6a5
SPIWP:0xee
mode:DIO, clock div:1
load:0x3fce2820,len:0x14f0
load:0x403c8700,len:0xda0
load:0x403cb700,len:0x2f58
entry 0x403c8908
[0;32mI (29) boot: ESP-IDF v6.1-dev-2938-g12f36a021f 2nd stage bootloader[0m
[0;32mI (29) boot: compile time Mar 30 2026 21:57:18[0m
[0;32mI (29) boot: Multicore bootloader[0m
[0;32mI (31) boot: chip revision: v0.2[0m
[0;32mI (34) boot: efuse block revision: v1.4[0m
[0;32mI (37) boot.esp32s3: Boot SPI Speed : 80MHz[0m
[0;32mI (41) boot.esp32s3: SPI Mode       : DIO[0m
[0;32mI (45) boot.esp32s3: SPI Flash Size : 2MB[0m
[0;32mI (49) boot: Enabling RNG early entropy source...[0m
[0;32mI (53) boot: Partition Table:[0m
[0;32mI (56) boot: ## Label            Usage          Type ST Offset   Length[0m
[0;32mI (62) boot:  0 nvs              WiFi data        01 02 00009000 00006000[0m
[0;32mI (69) boot:  1 phy_init         RF data          01 01 0000f000 00001000[0m
[0;32mI (75) boot:  2 factory          factory app      00 00 00010000 00100000[0m
[0;32mI (82) boot: End of partition table[0m
[0;32mI (85) esp_image: segment 0: paddr=00010020 vaddr=3c020020 size=092bch ( 37564) map[0m
[0;32mI (99) esp_image: segment 1: paddr=000192e4 vaddr=3fc91000 size=0409ch ( 16540) load[0m
[0;32mI (103) esp_image: segment 2: paddr=0001d388 vaddr=40374000 size=02c90h ( 11408) load[0m
[0;32mI (110) esp_image: segment 3: paddr=00020020 vaddr=42000020 size=10020h ( 65568) map[0m
[0;32mI (127) esp_image: segment 4: paddr=00030048 vaddr=40376c90 size=0a2a0h ( 41632) load[0m
[0;32mI (136) esp_image: segment 5: paddr=0003a2f0 vaddr=50000000 size=01024h (  4132) load[0m
[0;32mI (144) boot: Loaded app from partition at offset 0x10000[0m
[0;32mI (144) boot: Disabling RNG early entropy source...[0m
[0;32mI (154) cpu_start: Multicore app[0m
[0;32mI (163) cpu_start: GPIO 44 and 43 are used as console UART I/O pins[0m
[0;32mI (163) cpu_start: Pro cpu start user code[0m
[0;32mI (163) cpu_start: cpu freq: 160000000 Hz[0m
[0;32mI (165) app_init: Application information:[0m
[0;32mI (169) app_init: Project name:     Ejercicio_4[0m
[0;32mI (173) app_init: App version:      1[0m
[0;32mI (176) app_init: Compile time:     Mar 30 2026 21:57:34[0m
[0;32mI (181) app_init: ELF file SHA256:  bba66a9ba...[0m
[0;32mI (186) app_init: ESP-IDF:          v6.1-dev-2938-g12f36a021f[0m
[0;32mI (191) efuse_init: Min chip rev:     v0.0[0m
[0;32mI (195) efuse_init: Max chip rev:     v0.99 [0m
[0;32mI (199) efuse_init: Chip rev:         v0.2[0m
[0;32mI (203) heap_init: Initializing. RAM available for dynamic allocation:[0m
[0;32mI (209) heap_init: At 3FC95A40 len 00053CD0 (335 KiB): RAM[0m
[0;32mI (214) heap_init: At 3FCE9710 len 00005724 (21 KiB): RAM[0m
[0;32mI (219) heap_init: At 3FCF0000 len 00008000 (32 KiB): DRAM[0m
[0;32mI (225) heap_init: At 600FE000 len 00001FE8 (7 KiB): RTCRAM[0m
[0;32mI (231) spi_flash: detected chip: mxic[0m
[0;32mI (233) spi_flash: flash io: dio[0m
[0;33mW (236) spi_flash: Detected size(16384k) larger than the size in the binary image header(2048k). Using the size in the binary image header.[0m
[0;32mI (249) sleep_gpio: Configure to isolate all GPIO pins in sleep state[0m
[0;32mI (255) sleep_gpio: Enable automatic switching of GPIO sleep configuration[0m
[0;32mI (262) main_task: Started on CPU0[0m
[0;32mI (282) main_task: Calling app_main()[0m

--- LABORATORIO 1: EJERCICIO 4 (ESP32-S3) ---
Vector: 1024 elementos | 4096 bytes

Tipo de Memoria  | Total Ciclos | Ciclos por Byte
--------------------------------------------------
DRAM Estatica  :       9344 ciclos |   2.28 ciclos/byte
Guru Meditation Error: Core  / panic'ed (Cache error). 
Cache disabled but cached memory region accessed

Core  0 register dump:
PC      : 0x420086fd  PS      : 0x00060a34  A0      : 0x820087b0  A1      : 0x3fc982d0  
A2      : 0x3c0254b8  A3      : 0x403775bc  A4      : 0x00000400  A5      : 0x0000000c  
A6      : 0x4200ae4c  A7      : 0x00000000  A8      : 0x00000000  A9      : 0x403775bc  
A10     : 0x403775bc  A11     : 0x3c0254a8  A12     : 0x00002480  A13     : 0x00000000  
A14     : 0x00000000  A15     : 0x40024000  SAR     : 0x00000004  EXCCAUSE: 0x00000007  
EXCVADDR: 0x00000000  LBEG    : 0x400570e8  LEND    : 0x400570f3  LCOUNT  : 0x00000000  


Backtrace: 0x420086fa:0x3fc982d0 0x420087ad:0x3fc982f0 0x4200610f:0x3fc98310 0x4200de1e:0x3fc98340




ELF file SHA256: bba66a9ba

Rebooting...
ESP-ROM:esp32s3-20210327
Build:Mar 27 2021
rst:0xc (RTC_SW_CPU_RST),boot:0x28 (SPI_FAST_FLASH_BOOT)
Saved PC:0x4037b6a5
SPIWP:0xee
mode:DIO, clock div:1
load:0x3fce2820,len:0x14f0
load:0x403c8700,len:0xda0
load:0x403cb700,len:0x2f58
entry 0x403c8908
[0;32mI (29) boot: ESP-IDF v6.1-dev-2938-g12f36a021f 2nd stage bootloader[0m
[0;32mI (29) boot: compile time Mar 30 2026 21:57:18[0m
[0;32mI (29) boot: Multicore bootloader[0m
[0;32mI (31) boot: chip revision: v0.2[0m
[0;32mI (34) boot: efuse block revision: v1.4[0m
[0;32mI (37) boot.esp32s3: Boot SPI Speed : 80MHz[0m
[0;32mI (41) boot.esp32s3: SPI Mode       : DIO[0m
[0;32mI (45) boot.esp32s3: SPI Flash Size : 2MB[0m
[0;32mI (49) boot: Enabling RNG early entropy source...[0m
[0;32mI (53) boot: Partition Table:[0m
[0;32mI (56) boot: ## Label            Usage          Type ST Offset   Length[0m
[0;32mI (62) boot:  0 nvs              WiFi data        01 02 00009000 00006000[0m
[0;32mI (69) boot:  1 phy_init         RF data          01 01 0000f000 00001000[0m
[0;32mI (75) boot:  2 factory          factory app      00 00 00010000 00100000[0m
[0;32mI (82) boot: End of partition table[0m
[0;32mI (85) esp_image: segment 0: paddr=00010020 vaddr=3c020020 size=092bch ( 37564) map[0m
[0;32mI (99) esp_image: segment 1: paddr=000192e4 vaddr=3fc91000 size=0409ch ( 16540) load[0m
[0;32mI (103) esp_image: segment 2: paddr=0001d388 vaddr=40374000 size=02c90h ( 11408) load[0m
[0;32mI (110) esp_image: segment 3: paddr=00020020 vaddr=42000020 size=10020h ( 65568) map[0m
[0;32mI (127) esp_image: segment 4: paddr=00030048 vaddr=40376c90 size=0a2a0h ( 41632) load[0m
[0;32mI (136) esp_image: segment 5: paddr=0003a2f0 vaddr=50000000 size=01024h (  4132) load[0m
[0;32mI (144) boot: Loaded app from partition at offset 0x10000[0m
[0;32mI (144) boot: Disabling RNG early entropy source...[0m
[0;32mI (154) cpu_start: Multicore app[0m
[0;32mI (163) cpu_start: GPIO 44 and 43 are used as console UART I/O pins[0m
[0;32mI (163) cpu_start: Pro cpu start user code[0m
[0;32mI (163) cpu_start: cpu freq: 160000000 Hz[0m
[0;32mI (165) app_init: Application information:[0m
[0;32mI (169) app_init: Project name:     Ejercicio_4[0m
[0;32mI (173) app_init: App version:      1[0m
[0;32mI (176) app_init: Compile time:     Mar 30 2026 21:57:34[0m
[0;32mI (181) app_init: ELF file SHA256:  bba66a9ba...[0m
[0;32mI (186) app_init: ESP-IDF:          v6.1-dev-2938-g12f36a021f[0m
[0;32mI (191) efuse_init: Min chip rev:     v0.0[0m
[0;32mI (195) efuse_init: Max chip rev:     v0.99 [0m
[0;32mI (199) efuse_init: Chip rev:         v0.2[0m
[0;32mI (203) heap_init: Initializing. RAM available for dynamic allocation:[0m
[0;32mI (209) heap_init: At 3FC95A40 len 00053CD0 (335 KiB): RAM[0m
[0;32mI (214) heap_init: At 3FCE9710 len 00005724 (21 KiB): RAM[0m
[0;32mI (219) heap_init: At 3FCF0000 len 00008000 (32 KiB): DRAM[0m
[0;32mI (225) heap_init: At 600FE000 len 00001FE8 (7 KiB): RTCRAM[0m
[0;32mI (231) spi_flash: detected chip: mxic[0m
[0;32mI (233) spi_flash: flash io: dio[0m
[0;33mW (236) spi_flash: Detected size(16384k) larger than the size in the binary image header(2048k). Using the size in the binary image header.[0m
[0;32mI (249) sleep_gpio: Configure to isolate all GPIO pins in sleep state[0m
[0;32mI (255) sleep_gpio: Enable automatic switching of GPIO sleep configuration[0m
[0;32mI (262) main_task: Started on CPU0[0m
[0;32mI (282) main_task: Calling app_main()[0m

--- LABORATORIO 1: EJERCICIO 4 (ESP32-S3) ---
Vector: 1024 elementos | 4096 bytes

Tipo de Memoria  | Total Ciclos | Ciclos por Byte
--------------------------------------------------
DRAM Estatica  :       9344 ciclos |   2.28 ciclos/byte
Guru Meditation Error: Core  / panic'ed (Cache error). 
Cache disabled but cached memory region accessed

Core  0 register dump:
PC      : 0x420086fd  PS      : 0x00060a34  A0      : 0x820087b0  A1      : 0x3fc982d0  
A2      : 0x3c0254b8  A3      : 0x403775bc  A4      : 0x00000400  A5      : 0x0000000c  
A6      : 0x4200ae4c  A7      : 0x00000000  A8      : 0x00000000  A9      : 0x403775bc  
A10     : 0x403775bc  A11     : 0x3c0254a8  A12     : 0x00002480  A13     : 0x00000000  
A14     : 0x00000000  A15     : 0x40024000  SAR     : 0x00000004  EXCCAUSE: 0x00000007  
EXCVADDR: 0x00000000  LBEG    : 0x400570e8  LEND    : 0x400570f3  LCOUNT  : 0x00000000  


Backtrace: 0x420086fa:0x3fc982d0 0x420087ad:0x3fc982f0 0x4200610f:0x3fc98310 0x4200de1e:0x3fc98340




ELF file SHA256: bba66a9ba

Rebooting...
ESP-ROM:esp32s3-20210327
Build:Mar 27 2021
rst:0xc (RTC_SW_CPU_RST),boot:0x28 (SPI_FAST_FLASH_BOOT)
Saved PC:0x4037b6a5
SPIWP:0xee
mode:DIO, clock div:1
load:0x3fce2820,len:0x14f0
load:0x403c8700,len:0xda0
load:0x403cb700,len:0x2f58
entry 0x403c8908
[0;32mI (29) boot: ESP-IDF v6.1-dev-2938-g12f36a021f 2nd stage bootloader[0m
[0;32mI (29) boot: compile time Mar 30 2026 21:57:18[0m
[0;32mI (29) boot: Multicore bootloader[0m
[0;32mI (31) boot: chip revision: v0.2[0m
[0;32mI (34) boot: efuse block revision: v1.4[0m
[0;32mI (37) boot.esp32s3: Boot SPI Speed : 80MHz[0m
[0;32mI (41) boot.esp32s3: SPI Mode       : DIO[0m
[0;32mI (45) boot.esp32s3: SPI Flash Size : 2MB[0m
[0;32mI (49) boot: Enabling RNG early entropy source...[0m
[0;32mI (53) boot: Partition Table:[0m
[0;32mI (56) boot: ## Label            Usage          Type ST Offset   Length[0m
[0;32mI (62) boot:  0 nvs              WiFi data        01 02 00009000 00006000[0m
[0;32mI (69) boot:  1 phy_init         RF data          01 01 0000f000 00001000[0m
[0;32mI (75) boot:  2 factory          factory app      00 00 00010000 00100000[0m
[0;32mI (82) boot: End of partition table[0m
[0;32mI (85) esp_image: segment 0: paddr=00010020 vaddr=3c020020 size=092bch ( 37564) map[0m
[0;32mI (99) esp_image: segment 1: paddr=000192e4 vaddr=3fc91000 size=0409ch ( 16540) load[0m
[0;32mI (103) esp_image: segment 2: paddr=0001d388 vaddr=40374000 size=02c90h ( 11408) load[0m
[0;32mI (110) esp_image: segment 3: paddr=00020020 vaddr=42000020 size=10020h ( 65568) map[0m
[0;32mI (127) esp_image: segment 4: paddr=00030048 vaddr=40376c90 size=0a2a0h ( 41632) load[0m
[0;32mI (136) esp_image: segment 5: paddr=0003a2f0 vaddr=50000000 size=01024h (  4132) load[0m
[0;32mI (144) boot: Loaded app from partition at offset 0x10000[0m
[0;32mI (144) boot: Disabling RNG early entropy source...[0m
[0;32mI (154) cpu_start: Multicore app[0m
[0;32mI (163) cpu_start: GPIO 44 and 43 are used as console UART I/O pins[0m
[0;32mI (163) cpu_start: Pro cpu start user code[0m
[0;32mI (163) cpu_start: cpu freq: 160000000 Hz[0m
[0;32mI (165) app_init: Application information:[0m
[0;32mI (169) app_init: Project name:     Ejercicio_4[0m
[0;32mI (173) app_init: App version:      1[0m
[0;32mI (176) app_init: Compile time:     Mar 30 2026 21:57:34[0m
[0;32mI (181) app_init: ELF file SHA256:  bba66a9ba...[0m
[0;32mI (186) app_init: ESP-IDF:          v6.1-dev-2938-g12f36a021f[0m
[0;32mI (191) efuse_init: Min chip rev:     v0.0[0m
[0;32mI (195) efuse_init: Max chip rev:     v0.99 [0m
[0;32mI (199) efuse_init: Chip rev:         v0.2[0m
[0;32mI (203) heap_init: Initializing. RAM available for dynamic allocation:[0m
[0;32mI (209) heap_init: At 3FC95A40 len 00053CD0 (335 KiB): RAM[0m
[0;32mI (214) heap_init: At 3FCE9710 len 00005724 (21 KiB): RAM[0m
[0;32mI (219) heap_init: At 3FCF0000 len 00008000 (32 KiB): DRAM[0m
[0;32mI (225) heap_init: At 600FE000 len 00001FE8 (7 KiB): RTCRAM[0m
[0;32mI (231) spi_flash: detected chip: mxic[0m
[0;32mI (233) spi_flash: flash io: dio[0m
[0;33mW (236) spi_flash: Detected size(16384k) larger than the size in the binary image header(2048k). Using the size in the binary image header.[0m
[0;32mI (249) sleep_gpio: Configure to isolate all GPIO pins in sleep state[0m
[0;32mI (255) sleep_gpio: Enable automatic switching of GPIO sleep configuration[0m
[0;32mI (262) main_task: Started on CPU0[0m
[0;32mI (282) main_task: Calling app_main()[0m

--- LABORATORIO 1: EJERCICIO 4 (ESP32-S3) ---
Vector: 1024 elementos | 4096 bytes

Tipo de Memoria  | Total Ciclos | Ciclos por Byte
--------------------------------------------------
DRAM Estatica  :       9344 ciclos |   2.28 ciclos/byte
Guru Meditation Error: Core  / panic'ed (Cache error). 
Cache disabled but cached memory region accessed

Core  0 register dump:
PC      : 0x420086fd  PS      : 0x00060a34  A0      : 0x820087b0  A1      : 0x3fc982d0  
A2      : 0x3c0254b8  A3      : 0x403775bc  A4      : 0x00000400  A5      : 0x0000000c  
A6      : 0x4200ae4c  A7      : 0x00000000  A8      : 0x00000000  A9      : 0x403775bc  
A10     : 0x403775bc  A11     : 0x3c0254a8  A12     : 0x00002480  A13     : 0x00000000  
A14     : 0x00000000  A15     : 0x40024000  SAR     : 0x00000004  EXCCAUSE: 0x00000007  
EXCVADDR: 0x00000000  LBEG    : 0x400570e8  LEND    : 0x400570f3  LCOUNT  : 0x00000000  


Backtrace: 0x420086fa:0x3fc982d0 0x420087ad:0x3fc982f0 0x4200610f:0x3fc98310 0x4200de1e:0x3fc98340




ELF file SHA256: bba66a9ba

Rebooting...
ESP-ROM:esp32s3-20210327
Build:Mar 27 2021
rst:0xc (RTC_SW_CPU_RST),boot:0x28 (SPI_FAST_FLASH_BOOT)
Saved PC:0x4037b6a5
SPIWP:0xee
mode:DIO, clock div:1
load:0x3fce2820,len:0x14f0
load:0x403c8700,len:0xda0
load:0x403cb700,len:0x2f58
entry 0x403c8908
[0;32mI (29) boot: ESP-IDF v6.1-dev-2938-g12f36a021f 2nd stage bootloader[0m
[0;32mI (29) boot: compile time Mar 30 2026 21:57:18[0m
[0;32mI (29) boot: Multicore bootloader[0m
[0;32mI (31) boot: chip revision: v0.2[0m
[0;32mI (34) boot: efuse block revision: v1.4[0m
[0;32mI (37) boot.esp32s3: Boot SPI Speed : 80MHz[0m
[0;32mI (41) boot.esp32s3: SPI Mode       : DIO[0m
[0;32mI (45) boot.esp32s3: SPI Flash Size : 2MB[0m
[0;32mI (49) boot: Enabling RNG early entropy source...[0m
[0;32mI (53) boot: Partition Table:[0m
[0;32mI (56) boot: ## Label            Usage          Type ST Offset   Length[0m
[0;32mI (62) boot:  0 nvs              WiFi data        01 02 00009000 00006000[0m
[0;32mI (69) boot:  1 phy_init         RF data          01 01 0000f000 00001000[0m
[0;32mI (75) boot:  2 factory          factory app      00 00 00010000 00100000[0m
[0;32mI (82) boot: End of partition table[0m
[0;32mI (85) esp_image: segment 0: paddr=00010020 vaddr=3c020020 size=092bch ( 37564) map[0m
[0;32mI (99) esp_image: segment 1: paddr=000192e4 vaddr=3fc91000 size=0409ch ( 16540) load[0m
[0;32mI (103) esp_image: segment 2: paddr=0001d388 vaddr=40374000 size=02c90h ( 11408) load[0m
[0;32mI (110) esp_image: segment 3: paddr=00020020 vaddr=42000020 size=10020h ( 65568) map[0m
[0;32mI (127) esp_image: segment 4: paddr=00030048 vaddr=40376c90 size=0a2a0h ( 41632) load[0m
[0;32mI (136) esp_image: segment 5: paddr=0003a2f0 vaddr=50000000 size=01024h (  4132) load[0m
[0;32mI (144) boot: Loaded app from partition at offset 0x10000[0m
[0;32mI (144) boot: Disabling RNG early entropy source...[0m
