Command: /home/diazb/esp/idf-tools/python_env/idf6.1_py3.12_env/bin/python /home/diazb/esp/esp-idf/tools/idf_monitor.py -p /dev/ttyUSB0 -b 115200 --toolchain-prefix xtensa-esp32s3-elf- --target esp32s3 --revision 0 /home/diazb/Proyecto-Sumo-grupo-Juan-Lucas-Cristobal/Lab_1/Ejercicio_4/build/Ejercicio_4.elf /home/diazb/Proyecto-Sumo-grupo-Juan-Lucas-Cristobal/Lab_1/Ejercicio_4/build/bootloader/bootloader.elf -m '/home/diazb/esp/idf-tools/python_env/idf6.1_py3.12_env/bin/python' '/home/diazb/esp/esp-idf/tools/idf.py'
ESP-ROM:esp32s3-20210327
Build:Mar 27 2021
rst:0x1 (POWERON),boot:0x28 (SPI_FAST_FLASH_BOOT)
SPIWP:0xee
mode:DIO, clock div:1
load:0x3fce2820,len:0x1664
load:0x403c8700,len:0xf38
load:0x403cb700,len:0x31ec
entry 0x403c8930
[0;32mI (25) boot: ESP-IDF v6.1-dev-2938-g12f36a021f 2nd stage bootloader[0m
[0;32mI (25) boot: compile time Mar 30 2026 22:31:18[0m
[0;32mI (25) boot: Multicore bootloader[0m
[0;32mI (27) boot: chip revision: v0.2[0m
[0;32mI (30) boot: efuse block revision: v1.4[0m
[0;32mI (33) qio_mode: Enabling QIO for flash chip MXIC[0m
[0;32mI (38) boot.esp32s3: Boot SPI Speed : 80MHz[0m
[0;32mI (41) boot.esp32s3: SPI Mode       : QIO[0m
[0;32mI (45) boot.esp32s3: SPI Flash Size : 2MB[0m
[0;32mI (49) boot: Enabling RNG early entropy source...[0m
[0;32mI (53) boot: Partition Table:[0m
[0;32mI (56) boot: ## Label            Usage          Type ST Offset   Length[0m
[0;32mI (62) boot:  0 nvs              WiFi data        01 02 00009000 00006000[0m
[0;32mI (69) boot:  1 phy_init         RF data          01 01 0000f000 00001000[0m
[0;32mI (75) boot:  2 factory          factory app      00 00 00010000 00100000[0m
[0;32mI (82) boot: End of partition table[0m
[0;32mI (85) esp_image: segment 0: paddr=00010020 vaddr=3c020020 size=0977ch ( 38780) map[0m
[0;32mI (99) esp_image: segment 1: paddr=000197a4 vaddr=3fc92400 size=04524h ( 17700) load[0m
[0;32mI (103) esp_image: segment 2: paddr=0001dcd0 vaddr=40374000 size=02348h (  9032) load[0m
[0;32mI (109) esp_image: segment 3: paddr=00020020 vaddr=42000020 size=1086ch ( 67692) map[0m
[0;32mI (125) esp_image: segment 4: paddr=00030894 vaddr=40376348 size=0bfc0h ( 49088) load[0m
[0;32mI (135) esp_image: segment 5: paddr=0003c85c vaddr=50000000 size=01024h (  4132) load[0m
[0;32mI (143) boot: Loaded app from partition at offset 0x10000[0m
[0;32mI (143) boot: Disabling RNG early entropy source...[0m
[0;32mI (154) octal_psram: vendor id    : 0x0d (AP)[0m
[0;32mI (154) octal_psram: dev id       : 0x02 (generation 3)[0m
[0;32mI (154) octal_psram: density      : 0x03 (64 Mbit)[0m
[0;32mI (156) octal_psram: good-die     : 0x01 (Pass)[0m
[0;32mI (160) octal_psram: Latency      : 0x01 (Fixed)[0m
[0;32mI (164) octal_psram: VCC          : 0x01 (3V)[0m
[0;32mI (169) octal_psram: SRF          : 0x01 (Fast Refresh)[0m
[0;32mI (173) octal_psram: BurstType    : 0x01 (Hybrid Wrap)[0m
[0;32mI (178) octal_psram: BurstLen     : 0x01 (32 Byte)[0m
[0;32mI (183) octal_psram: Readlatency  : 0x02 (10 cycles@Fixed)[0m
[0;32mI (188) octal_psram: DriveStrength: 0x00 (1/1)[0m
[0;32mI (192) MSPI Timing: Enter psram timing tuning[0m
[0;32mI (197) esp_psram: Found 8MB PSRAM device[0m
[0;32mI (200) esp_psram: Speed: 80MHz[0m
[0;32mI (203) cpu_start: Multicore app[0m
[0;32mI (639) esp_psram: SPI SRAM memory test OK[0m
[0;32mI (647) cpu_start: GPIO 44 and 43 are used as console UART I/O pins[0m
[0;32mI (647) cpu_start: Pro cpu start user code[0m
[0;32mI (647) cpu_start: cpu freq: 160000000 Hz[0m
[0;32mI (649) app_init: Application information:[0m
[0;32mI (653) app_init: Project name:     Ejercicio_4[0m
[0;32mI (657) app_init: App version:      1[0m
[0;32mI (661) app_init: Compile time:     Mar 30 2026 22:31:40[0m
[0;32mI (666) app_init: ELF file SHA256:  8f977a12c...[0m
[0;32mI (670) app_init: ESP-IDF:          v6.1-dev-2938-g12f36a021f[0m
[0;32mI (675) efuse_init: Min chip rev:     v0.0[0m
[0;32mI (679) efuse_init: Max chip rev:     v0.99 [0m
[0;32mI (683) efuse_init: Chip rev:         v0.2[0m
[0;32mI (687) heap_init: Initializing. RAM available for dynamic allocation:[0m
[0;32mI (693) heap_init: At 3FC97340 len 000523D0 (328 KiB): RAM[0m
[0;32mI (698) heap_init: At 3FCE9710 len 00005724 (21 KiB): RAM[0m
[0;32mI (704) heap_init: At 3FCF0000 len 00008000 (32 KiB): DRAM[0m
[0;32mI (709) heap_init: At 600FE000 len 00001FE8 (7 KiB): RTCRAM[0m
[0;32mI (714) esp_psram: Adding pool of 8192K of PSRAM memory to heap allocator[0m
[0;32mI (721) spi_flash: detected chip: mxic[0m
[0;32mI (724) spi_flash: flash io: qio[0m
[0;33mW (727) spi_flash: Detected size(16384k) larger than the size in the binary image header(2048k). Using the size in the binary image header.[0m
[0;32mI (740) sleep_gpio: Configure to isolate all GPIO pins in sleep state[0m
[0;32mI (746) sleep_gpio: Enable automatic switching of GPIO sleep configuration[0m
[0;32mI (753) main_task: Started on CPU0[0m
[0;32mI (773) main_task: Calling app_main()[0m

==========================================================
     LABORATORIO 1 - EJERCICIO 4: ANALISIS DE MEMORIA      
     Hardware Detectado: ESP32-S3 con 8MB PSRAM Octal      
==========================================================

Tipo Memoria    | Total Ciclos | Ciclos/Byte    
----------------------------------------------------------
DRAM Estatica   |         9235 |         2.25
Guru Meditation Error: Core  / panic'ed (Cache error). 
Cache disabled but cached memory region accessed

Core  0 register dump:
PC      : 0x42008d71  PS      : 0x00060a34  A0      : 0x82008e2c  A1      : 0x3fc99b60  
A2      : 0x3c0258e8  A3      : 0x403777f0  A4      : 0x3c02587c  A5      : 0x3c025870  
A6      : 0x4200b648  A7      : 0x1a96a81b  A8      : 0x00000000  A9      : 0x403777f0  
A10     : 0x403777f0  A11     : 0x3c0258d8  A12     : 0x00002413  A13     : 0x00000000  
A14     : 0x00000000  A15     : 0x40020980  SAR     : 0x00000004  EXCCAUSE: 0x00000007  
EXCVADDR: 0x00000000  LBEG    : 0x400570e8  LEND    : 0x400570f3  LCOUNT  : 0x00000000  


Backtrace: 0x42008d6e:0x3fc99b60 0x42008e29:0x3fc99b80 0x4200634b:0x3fc99ba0 0x4200e66a:0x3fc99bd0




ELF file SHA256: 8f977a12c

Rebooting...
ESP-ROM:esp32s3-20210327
Build:Mar 27 2021
rst:0xc (RTC_SW_CPU_RST),boot:0x28 (SPI_FAST_FLASH_BOOT)
Saved PC:0x4037ca65
SPIWP:0xee
mode:DIO, clock div:1
load:0x3fce2820,len:0x1664
load:0x403c8700,len:0xf38
load:0x403cb700,len:0x31ec
entry 0x403c8930
[0;32mI (29) boot: ESP-IDF v6.1-dev-2938-g12f36a021f 2nd stage bootloader[0m
[0;32mI (29) boot: compile time Mar 30 2026 22:31:18[0m
[0;32mI (29) boot: Multicore bootloader[0m
[0;32mI (31) boot: chip revision: v0.2[0m
[0;32mI (34) boot: efuse block revision: v1.4[0m
[0;32mI (37) qio_mode: Enabling QIO for flash chip MXIC[0m
[0;32mI (42) boot.esp32s3: Boot SPI Speed : 80MHz[0m
[0;32mI (46) boot.esp32s3: SPI Mode       : QIO[0m
[0;32mI (49) boot.esp32s3: SPI Flash Size : 2MB[0m
[0;32mI (53) boot: Enabling RNG early entropy source...[0m
[0;32mI (58) boot: Partition Table:[0m
[0;32mI (60) boot: ## Label            Usage          Type ST Offset   Length[0m
[0;32mI (67) boot:  0 nvs              WiFi data        01 02 00009000 00006000[0m
[0;32mI (73) boot:  1 phy_init         RF data          01 01 0000f000 00001000[0m
[0;32mI (80) boot:  2 factory          factory app      00 00 00010000 00100000[0m
[0;32mI (86) boot: End of partition table[0m
[0;32mI (90) esp_image: segment 0: paddr=00010020 vaddr=3c020020 size=0977ch ( 38780) map[0m
[0;32mI (103) esp_image: segment 1: paddr=000197a4 vaddr=3fc92400 size=04524h ( 17700) load[0m
[0;32mI (107) esp_image: segment 2: paddr=0001dcd0 vaddr=40374000 size=02348h (  9032) load[0m
[0;32mI (114) esp_image: segment 3: paddr=00020020 vaddr=42000020 size=1086ch ( 67692) map[0m
[0;32mI (130) esp_image: segment 4: paddr=00030894 vaddr=40376348 size=0bfc0h ( 49088) load[0m
[0;32mI (139) esp_image: segment 5: paddr=0003c85c vaddr=50000000 size=01024h (  4132) load[0m
[0;32mI (148) boot: Loaded app from partition at offset 0x10000[0m
[0;32mI (148) boot: Disabling RNG early entropy source...[0m
[0;32mI (158) octal_psram: vendor id    : 0x0d (AP)[0m
[0;32mI (158) octal_psram: dev id       : 0x02 (generation 3)[0m
[0;32mI (158) octal_psram: density      : 0x03 (64 Mbit)[0m
[0;32mI (160) octal_psram: good-die     : 0x01 (Pass)[0m
[0;32mI (164) octal_psram: Latency      : 0x01 (Fixed)[0m
[0;32mI (169) octal_psram: VCC          : 0x01 (3V)[0m
[0;32mI (173) octal_psram: SRF          : 0x01 (Fast Refresh)[0m
[0;32mI (178) octal_psram: BurstType    : 0x01 (Hybrid Wrap)[0m
[0;32mI (183) octal_psram: BurstLen     : 0x01 (32 Byte)[0m
[0;32mI (187) octal_psram: Readlatency  : 0x02 (10 cycles@Fixed)[0m
[0;32mI (192) octal_psram: DriveStrength: 0x00 (1/1)[0m
[0;32mI (197) MSPI Timing: Enter psram timing tuning[0m
[0;32mI (201) esp_psram: Found 8MB PSRAM device[0m
[0;32mI (204) esp_psram: Speed: 80MHz[0m
[0;32mI (207) cpu_start: Multicore app[0m
[0;32mI (643) esp_psram: SPI SRAM memory test OK[0m
[0;32mI (651) cpu_start: GPIO 44 and 43 are used as console UART I/O pins[0m
[0;32mI (652) cpu_start: Pro cpu start user code[0m
[0;32mI (652) cpu_start: cpu freq: 160000000 Hz[0m
[0;32mI (653) app_init: Application information:[0m
[0;32mI (657) app_init: Project name:     Ejercicio_4[0m
[0;32mI (661) app_init: App version:      1[0m
[0;32mI (665) app_init: Compile time:     Mar 30 2026 22:31:40[0m
[0;32mI (670) app_init: ELF file SHA256:  8f977a12c...[0m
[0;32mI (674) app_init: ESP-IDF:          v6.1-dev-2938-g12f36a021f[0m
[0;32mI (680) efuse_init: Min chip rev:     v0.0[0m
[0;32mI (683) efuse_init: Max chip rev:     v0.99 [0m
[0;32mI (687) efuse_init: Chip rev:         v0.2[0m
[0;32mI (691) heap_init: Initializing. RAM available for dynamic allocation:[0m
[0;32mI (698) heap_init: At 3FC97340 len 000523D0 (328 KiB): RAM[0m
[0;32mI (703) heap_init: At 3FCE9710 len 00005724 (21 KiB): RAM[0m
[0;32mI (708) heap_init: At 3FCF0000 len 00008000 (32 KiB): DRAM[0m
[0;32mI (713) heap_init: At 600FE000 len 00001FE8 (7 KiB): RTCRAM[0m
[0;32mI (719) esp_psram: Adding pool of 8192K of PSRAM memory to heap allocator[0m
[0;32mI (725) spi_flash: detected chip: mxic[0m
[0;32mI (728) spi_flash: flash io: qio[0m
[0;33mW (731) spi_flash: Detected size(16384k) larger than the size in the binary image header(2048k). Using the size in the binary image header.[0m
[0;32mI (744) sleep_gpio: Configure to isolate all GPIO pins in sleep state[0m
[0;32mI (750) sleep_gpio: Enable automatic switching of GPIO sleep configuration[0m
[0;32mI (757) main_task: Started on CPU0[0m
[0;32mI (777) main_task: Calling app_main()[0m

==========================================================
     LABORATORIO 1 - EJERCICIO 4: ANALISIS DE MEMORIA      
     Hardware Detectado: ESP32-S3 con 8MB PSRAM Octal      
==========================================================

Tipo Memoria    | Total Ciclos | Ciclos/Byte    
----------------------------------------------------------
DRAM Estatica   |         9235 |         2.25
Guru Meditation Error: Core  / panic'ed (Cache error). 
Cache disabled but cached memory region accessed

Core  0 register dump:
PC      : 0x42008d71  PS      : 0x00060a34  A0      : 0x82008e2c  A1      : 0x3fc99b60  
A2      : 0x3c0258e8  A3      : 0x403777f0  A4      : 0x3c02587c  A5      : 0x3c025870  
A6      : 0x4200b648  A7      : 0x1aa1213b  A8      : 0x00000000  A9      : 0x403777f0  
A10     : 0x403777f0  A11     : 0x3c0258d8  A12     : 0x00002413  A13     : 0x00000000  
A14     : 0x00000000  A15     : 0x40020980  SAR     : 0x00000004  EXCCAUSE: 0x00000007  
EXCVADDR: 0x00000000  LBEG    : 0x400570e8  LEND    : 0x400570f3  LCOUNT  : 0x00000000  


Backtrace: 0x42008d6e:0x3fc99b60 0x42008e29:0x3fc99b80 0x4200634b:0x3fc99ba0 0x4200e66a:0x3fc99bd0




ELF file SHA256: 8f977a12c

Rebooting...
���ESP-ROM:esp32s3-20210327
Build:Mar 27 2021
rst:0xc (RTC_SW_CPU_RST),boot:0x28 (SPI_FAST_FLASH_BOOT)
Saved PC:0x4037ca65
SPIWP:0xee
mode:DIO, clock div:1
load:0x3fce2820,len:0x1664
load:0x403c8700,len:0xf38
load:0x403cb700,len:0x31ec
entry 0x403c8930
[0;32mI (29) boot: ESP-IDF v6.1-dev-2938-g12f36a021f 2nd stage bootloader[0m
[0;32mI (29) boot: compile time Mar 30 2026 22:31:18[0m
[0;32mI (29) boot: Multicore bootloader[0m
[0;32mI (31) boot: chip revision: v0.2[0m
[0;32mI (34) boot: efuse block revision: v1.4[0m
[0;32mI (37) qio_mode: Enabling QIO for flash chip MXIC[0m
[0;32mI (42) boot.esp32s3: Boot SPI Speed : 80MHz[0m
[0;32mI (46) boot.esp32s3: SPI Mode       : QIO[0m
[0;32mI (49) boot.esp32s3: SPI Flash Size : 2MB[0m
[0;32mI (53) boot: Enabling RNG early entropy source...[0m
[0;32mI (58) boot: Partition Table:[0m
[0;32mI (60) boot: ## Label            Usage          Type ST Offset   Length[0m
[0;32mI (67) boot:  0 nvs              WiFi data        01 02 00009000 00006000[0m
[0;32mI (73) boot:  1 phy_init         RF data          01 01 0000f000 00001000[0m
[0;32mI (80) boot:  2 factory          factory app      00 00 00010000 00100000[0m
[0;32mI (86) boot: End of partition table[0m
[0;32mI (90) esp_image: segment 0: paddr=00010020 vaddr=3c020020 size=0977ch ( 38780) map[0m
[0;32mI (103) esp_image: segment 1: paddr=000197a4 vaddr=3fc92400 size=04524h ( 17700) load[0m
[0;32mI (107) esp_image: segment 2: paddr=0001dcd0 vaddr=40374000 size=02348h (  9032) load[0m
[0;32mI (114) esp_image: segment 3: paddr=00020020 vaddr=42000020 size=1086ch ( 67692) map[0m
[0;32mI (130) esp_image: segment 4: paddr=00030894 vaddr=40376348 size=0bfc0h ( 49088) load[0m
[0;32mI (139) esp_image: segment 5: paddr=0003c85c vaddr=50000000 size=01024h (  4132) load[0m
[0;32mI (148) boot: Loaded app from partition at offset 0x10000[0m
[0;32mI (148) boot: Disabling RNG early entropy source...[0m
[0;32mI (158) octal_psram: vendor id    : 0x0d (AP)[0m
[0;32mI (158) octal_psram: dev id       : 0x02 (generation 3)[0m
[0;32mI (158) octal_psram: density      : 0x03 (64 Mbit)[0m
[0;32mI (160) octal_psram: good-die     : 0x01 (Pass)[0m
[0;32mI (164) octal_psram: Latency      : 0x01 (Fixed)[0m
[0;32mI (169) octal_psram: VCC          : 0x01 (3V)[0m
[0;32mI (173) octal_psram: SRF          : 0x01 (Fast Refresh)[0m
[0;32mI (178) octal_psram: BurstType    : 0x01 (Hybrid Wrap)[0m
[0;32mI (183) octal_psram: BurstLen     : 0x01 (32 Byte)[0m
[0;32mI (187) octal_psram: Readlatency  : 0x02 (10 cycles@Fixed)[0m
[0;32mI (192) octal_psram: DriveStrength: 0x00 (1/1)[0m
[0;32mI (196) MSPI Timing: Enter psram timing tuning[0m
[0;32mI (201) esp_psram: Found 8MB PSRAM device[0m
[0;32mI (204) esp_psram: Speed: 80MHz[0m
[0;32mI (207) cpu_start: Multicore app[0m
[0;32mI (643) esp_psram: SPI SRAM memory test OK[0m
[0;32mI (651) cpu_start: GPIO 44 and 43 are used as console UART I/O pins[0m
[0;32mI (652) cpu_start: Pro cpu start user code[0m
[0;32mI (652) cpu_start: cpu freq: 160000000 Hz[0m
[0;32mI (653) app_init: Application information:[0m
[0;32mI (657) app_init: Project name:     Ejercicio_4[0m
[0;32mI (661) app_init: App version:      1[0m
[0;32mI (665) app_init: Compile time:     Mar 30 2026 22:31:40[0m
[0;32mI (670) app_init: ELF file SHA256:  8f977a12c...[0m
[0;32mI (674) app_init: ESP-IDF:          v6.1-dev-2938-g12f36a021f[0m
[0;32mI (680) efuse_init: Min chip rev:     v0.0[0m
[0;32mI (683) efuse_init: Max chip rev:     v0.99 [0m
[0;32mI (687) efuse_init: Chip rev:         v0.2[0m
[0;32mI (691) heap_init: Initializing. RAM available for dynamic allocation:[0m
[0;32mI (698) heap_init: At 3FC97340 len 000523D0 (328 KiB): RAM[0m
[0;32mI (703) heap_init: At 3FCE9710 len 00005724 (21 KiB): RAM[0m
[0;32mI (708) heap_init: At 3FCF0000 len 00008000 (32 KiB): DRAM[0m
[0;32mI (713) heap_init: At 600FE000 len 00001FE8 (7 KiB): RTCRAM[0m
[0;32mI (719) esp_psram: Adding pool of 8192K of PSRAM memory to heap allocator[0m
[0;32mI (725) spi_flash: detected chip: mxic[0m
[0;32mI (728) spi_flash: flash io: qio[0m
[0;33mW (731) spi_flash: Detected size(16384k) larger than the size in the binary image header(2048k). Using the size in the binary image header.[0m
[0;32mI (744) sleep_gpio: Configure to isolate all GPIO pins in sleep state[0m
[0;32mI (750) sleep_gpio: Enable automatic switching of GPIO sleep configuration[0m
[0;32mI (757) main_task: Started on CPU0[0m
[0;32mI (777) main_task: Calling app_main()[0m

==========================================================
     LABORATORIO 1 - EJERCICIO 4: ANALISIS DE MEMORIA      
     Hardware Detectado: ESP32-S3 con 8MB PSRAM Octal      
==========================================================

Tipo Memoria    | Total Ciclos | Ciclos/Byte    
----------------------------------------------------------
DRAM Estatica   |         9235 |         2.25
Guru Meditation Error: Core  / panic'ed (Cache error). 
Cache disabled but cached memory region accessed

Core  0 register dump:
PC      : 0x42008d71  PS      : 0x00060a34  A0      : 0x82008e2c  A1      : 0x3fc99b60  
A2      : 0x3c0258e8  A3      : 0x403777f0  A4      : 0x3c02587c  A5      : 0x3c025870  
A6      : 0x4200b648  A7      : 0x1aa11f07  A8      : 0x00000000  A9      : 0x403777f0  
A10     : 0x403777f0  A11     : 0x3c0258d8  A12     : 0x00002413  A13     : 0x00000000  
A14     : 0x00000000  A15     : 0x40020980  SAR     : 0x00000004  EXCCAUSE: 0x00000007  
EXCVADDR: 0x00000000  LBEG    : 0x400570e8  LEND    : 0x400570f3  LCOUNT  : 0x00000000  


Backtrace: 0x42008d6e:0x3fc99b60 0x42008e29:0x3fc99b80 0x4200634b:0x3fc99ba0 0x4200e66a:0x3fc99bd0




ELF file SHA256: 8f977a12c

Rebooting...
���ESP-ROM:esp32s3-20210327
Build:Mar 27 2021
rst:0xc (RTC_SW_CPU_RST),boot:0x28 (SPI_FAST_FLASH_BOOT)
Saved PC:0x4037ca65
SPIWP:0xee
mode:DIO, clock div:1
load:0x3fce2820,len:0x1664
load:0x403c8700,len:0xf38
load:0x403cb700,len:0x31ec
entry 0x403c8930
[0;32mI (29) boot: ESP-IDF v6.1-dev-2938-g12f36a021f 2nd stage bootloader[0m
[0;32mI (29) boot: compile time Mar 30 2026 22:31:18[0m
[0;32mI (29) boot: Multicore bootloader[0m
[0;32mI (31) boot: chip revision: v0.2[0m
[0;32mI (34) boot: efuse block revision: v1.4[0m
[0;32mI (37) qio_mode: Enabling QIO for flash chip MXIC[0m
[0;32mI (42) boot.esp32s3: Boot SPI Speed : 80MHz[0m
[0;32mI (46) boot.esp32s3: SPI Mode       : QIO[0m
[0;32mI (49) boot.esp32s3: SPI Flash Size : 2MB[0m
[0;32mI (53) boot: Enabling RNG early entropy source...[0m
[0;32mI (58) boot: Partition Table:[0m
[0;32mI (60) boot: ## Label            Usage          Type ST Offset   Length[0m
[0;32mI (67) boot:  0 nvs              WiFi data        01 02 00009000 00006000[0m
[0;32mI (73) boot:  1 phy_init         RF data          01 01 0000f000 00001000[0m
[0;32mI (80) boot:  2 factory          factory app      00 00 00010000 00100000[0m
[0;32mI (86) boot: End of partition table[0m
[0;32mI (90) esp_image: segment 0: paddr=00010020 vaddr=3c020020 size=0977ch ( 38780) map[0m
[0;32mI (103) esp_image: segment 1: paddr=000197a4 vaddr=3fc92400 size=04524h ( 17700) load[0m
[0;32mI (107) esp_image: segment 2: paddr=0001dcd0 vaddr=40374000 size=02348h (  9032) load[0m
[0;32mI (114) esp_image: segment 3: paddr=00020020 vaddr=42000020 size=1086ch ( 67692) map[0m
[0;32mI (130) esp_image: segment 4: paddr=00030894 vaddr=40376348 size=0bfc0h ( 49088) load[0m
[0;32mI (139) esp_image: segment 5: paddr=0003c85c vaddr=50000000 size=01024h (  4132) load[0m
[0;32mI (148) boot: Loaded app from partition at offset 0x10000[0m
[0;32mI (148) boot: Disabling RNG early entropy source...[0m
[0;32mI (158) octal_psram: vendor id    : 0x0d (AP)[0m
[0;32mI (158) octal_psram: dev id       : 0x02 (generation 3)[0m
[0;32mI (158) octal_psram: density      : 0x03 (64 Mbit)[0m
[0;32mI (160) octal_psram: good-die     : 0x01 (Pass)[0m
[0;32mI (164) octal_psram: Latency      : 0x01 (Fixed)[0m
[0;32mI (169) octal_psram: VCC          : 0x01 (3V)[0m
[0;32mI (173) octal_psram: SRF          : 0x01 (Fast Refresh)[0m
[0;32mI (178) octal_psram: BurstType    : 0x01 (Hybrid Wrap)[0m
[0;32mI (183) octal_psram: BurstLen     : 0x01 (32 Byte)[0m
[0;32mI (187) octal_psram: Readlatency  : 0x02 (10 cycles@Fixed)[0m
[0;32mI (192) octal_psram: DriveStrength: 0x00 (1/1)[0m
[0;32mI (196) MSPI Timing: Enter psram timing tuning[0m
[0;32mI (201) esp_psram: Found 8MB PSRAM device[0m
[0;32mI (204) esp_psram: Speed: 80MHz[0m
[0;32mI (207) cpu_start: Multicore app[0m
[0;32mI (643) esp_psram: SPI SRAM memory test OK[0m
[0;32mI (651) cpu_start: GPIO 44 and 43 are used as console UART I/O pins[0m
[0;32mI (652) cpu_start: Pro cpu start user code[0m
[0;32mI (652) cpu_start: cpu freq: 160000000 Hz[0m
[0;32mI (653) app_init: Application information:[0m
[0;32mI (657) app_init: Project name:     Ejercicio_4[0m
[0;32mI (661) app_init: App version:      1[0m
[0;32mI (665) app_init: Compile time:     Mar 30 2026 22:31:40[0m
[0;32mI (670) app_init: ELF file SHA256:  8f977a12c...[0m
[0;32mI (674) app_init: ESP-IDF:          v6.1-dev-2938-g12f36a021f[0m
[0;32mI (680) efuse_init: Min chip rev:     v0.0[0m
[0;32mI (683) efuse_init: Max chip rev:     v0.99 [0m
[0;32mI (687) efuse_init: Chip rev:         v0.2[0m
[0;32mI (691) heap_init: Initializing. RAM available for dynamic allocation:[0m
[0;32mI (698) heap_init: At 3FC97340 len 000523D0 (328 KiB): RAM[0m
[0;32mI (703) heap_init: At 3FCE9710 len 00005724 (21 KiB): RAM[0m
[0;32mI (708) heap_init: At 3FCF0000 len 00008000 (32 KiB): DRAM[0m
[0;32mI (713) heap_init: At 600FE000 len 00001FE8 (7 KiB): RTCRAM[0m
[0;32mI (719) esp_psram: Adding pool of 8192K of PSRAM memory to heap allocator[0m
[0;32mI (725) spi_flash: detected chip: mxic[0m
[0;32mI (728) spi_flash: flash io: qio[0m
[0;33mW (731) spi_flash: Detected size(16384k) larger than the size in the binary image header(2048k). Using the size in the binary image header.[0m
[0;32mI (744) sleep_gpio: Configure to isolate all GPIO pins in sleep state[0m
[0;32mI (750) sleep_gpio: Enable automatic switching of GPIO sleep configuration[0m
[0;32mI (757) main_task: Started on CPU0[0m
[0;32mI (777) main_task: Calling app_main()[0m

==========================================================
     LABORATORIO 1 - EJERCICIO 4: ANALISIS DE MEMORIA      
     Hardware Detectado: ESP32-S3 con 8MB PSRAM Octal      
==========================================================

Tipo Memoria    | Total Ciclos | Ciclos/Byte    
----------------------------------------------------------
DRAM Estatica   |         9235 |         2.25
Guru Meditation Error: Core  / panic'ed (Cache error). 
Cache disabled but cached memory region accessed

Core  0 register dump:
PC      : 0x42008d71  PS      : 0x00060a34  A0      : 0x82008e2c  A1      : 0x3fc99b60  
A2      : 0x3c0258e8  A3      : 0x403777f0  A4      : 0x3c02587c  A5      : 0x3c025870  
A6      : 0x4200b648  A7      : 0x1aa11f65  A8      : 0x00000000  A9      : 0x403777f0  
A10     : 0x403777f0  A11     : 0x3c0258d8  A12     : 0x00002413  A13     : 0x00000000  
A14     : 0x00000000  A15     : 0x40020980  SAR     : 0x00000004  EXCCAUSE: 0x00000007  
EXCVADDR: 0x00000000  LBEG    : 0x400570e8  LEND    : 0x400570f3  LCOUNT  : 0x00000000  


Backtrace: 0x42008d6e:0x3fc99b60 0x42008e29:0x3fc99b80 0x4200634b:0x3fc99ba0 0x4200e66a:0x3fc99bd0




ELF file SHA256: 8f977a12c

Rebooting...
���ESP-ROM:esp32s3-20210327
Build:Mar 27 2021
rst:0xc (RTC_SW_CPU_RST),boot:0x28 (SPI_FAST_FLASH_BOOT)
Saved PC:0x4037ca65
SPIWP:0xee
mode:DIO, clock div:1
load:0x3fce2820,len:0x1664
load:0x403c8700,len:0xf38
load:0x403cb700,len:0x31ec
entry 0x403c8930
[0;32mI (29) boot: ESP-IDF v6.1-dev-2938-g12f36a021f 2nd stage bootloader[0m
[0;32mI (29) boot: compile time Mar 30 2026 22:31:18[0m
[0;32mI (29) boot: Multicore bootloader[0m
[0;32mI (31) boot: chip revision: v0.2[0m
[0;32mI (34) boot: efuse block revision: v1.4[0m
[0;32mI (37) qio_mode: Enabling QIO for flash chip MXIC[0m
[0;32mI (42) boot.esp32s3: Boot SPI Speed : 80MHz[0m
[0;32mI (46) boot.esp32s3: SPI Mode       : QIO[0m
[0;32mI (49) boot.esp32s3: SPI Flash Size : 2MB[0m
[0;32mI (53) boot: Enabling RNG early entropy source...[0m
[0;32mI (58) boot: Partition Table:[0m
[0;32mI (60) boot: ## Label            Usage          Type ST Offset   Length[0m
[0;32mI (67) boot:  0 nvs              WiFi data        01 02 00009000 00006000[0m
[0;32mI (73) boot:  1 phy_init         RF data          01 01 0000f000 00001000[0m
[0;32mI (80) boot:  2 factory          factory app      00 00 00010000 00100000[0m
[0;32mI (86) boot: End of partition table[0m
[0;32mI (90) esp_image: segment 0: paddr=00010020 vaddr=3c020020 size=0977ch ( 38780) map[0m
[0;32mI (103) esp_image: segment 1: paddr=000197a4 vaddr=3fc92400 size=04524h ( 17700) load[0m
[0;32mI (107) esp_image: segment 2: paddr=0001dcd0 vaddr=40374000 size=02348h (  9032) load[0m
[0;32mI (114) esp_image: segment 3: paddr=00020020 vaddr=42000020 size=1086ch ( 67692) map[0m
[0;32mI (130) esp_image: segment 4: paddr=00030894 vaddr=40376348 size=0bfc0h ( 49088) load[0m
[0;32mI (139) esp_image: segment 5: paddr=0003c85c vaddr=50000000 size=01024h (  4132) load[0m
[0;32mI (148) boot: Loaded app from partition at offset 0x10000[0m
[0;32mI (148) boot: Disabling RNG early entropy source...[0m
[0;32mI (158) octal_psram: vendor id    : 0x0d (AP)[0m
[0;32mI (158) octal_psram: dev id       : 0x02 (generation 3)[0m
[0;32mI (158) octal_psram: density      : 0x03 (64 Mbit)[0m
[0;32mI (160) octal_psram: good-die     : 0x01 (Pass)[0m
[0;32mI (164) octal_psram: Latency      : 0x01 (Fixed)[0m
[0;32mI (169) octal_psram: VCC          : 0x01 (3V)[0m
[0;32mI (173) octal_psram: SRF          : 0x01 (Fast Refresh)[0m
[0;32mI (178) octal_psram: BurstType    : 0x01 (Hybrid Wrap)[0m
[0;32mI (183) octal_psram: BurstLen     : 0x01 (32 Byte)[0m
[0;32mI (187) octal_psram: Readlatency  : 0x02 (10 cycles@Fixed)[0m
[0;32mI (192) octal_psram: DriveStrength: 0x00 (1/1)[0m
[0;32mI (197) MSPI Timing: Enter psram timing tuning[0m
[0;32mI (201) esp_psram: Found 8MB PSRAM device[0m
[0;32mI (204) esp_psram: Speed: 80MHz[0m
[0;32mI (207) cpu_start: Multicore app[0m
[0;32mI (643) esp_psram: SPI SRAM memory test OK[0m
[0;32mI (651) cpu_start: GPIO 44 and 43 are used as console UART I/O pins[0m
[0;32mI (652) cpu_start: Pro cpu start user code[0m
[0;32mI (652) cpu_start: cpu freq: 160000000 Hz[0m
[0;32mI (653) app_init: Application information:[0m
[0;32mI (657) app_init: Project name:     Ejercicio_4[0m
[0;32mI (661) app_init: App version:      1[0m
[0;32mI (665) app_init: Compile time:     Mar 30 2026 22:31:40[0m
[0;32mI (670) app_init: ELF file SHA256:  8f977a12c...[0m
[0;32mI (674) app_init: ESP-IDF:          v6.1-dev-2938-g12f36a021f[0m
[0;32mI (680) efuse_init: Min chip rev:     v0.0[0m
[0;32mI (683) efuse_init: Max chip rev:     v0.99 [0m
[0;32mI (687) efuse_init: Chip rev:         v0.2[0m
[0;32mI (691) heap_init: Initializing. RAM available for dynamic allocation:[0m
[0;32mI (698) heap_init: At 3FC97340 len 000523D0 (328 KiB): RAM[0m
[0;32mI (703) heap_init: At 3FCE9710 len 00005724 (21 KiB): RAM[0m
[0;32mI (708) heap_init: At 3FCF0000 len 00008000 (32 KiB): DRAM[0m
[0;32mI (713) heap_init: At 600FE000 len 00001FE8 (7 KiB): RTCRAM[0m
[0;32mI (719) esp_psram: Adding pool of 8192K of PSRAM memory to heap allocator[0m
[0;32mI (725) spi_flash: detected chip: mxic[0m
[0;32mI (728) spi_flash: flash io: qio[0m
[0;33mW (731) spi_flash: Detected size(16384k) larger than the size in the binary image header(2048k). Using the size in the binary image header.[0m
[0;32mI (744) sleep_gpio: Configure to isolate all GPIO pins in sleep state[0m
[0;32mI (750) sleep_gpio: Enable automatic switching of GPIO sleep configuration[0m
[0;32mI (757) main_task: Started on CPU0[0m
[0;32mI (777) main_task: Calling app_main()[0m

==========================================================
     LABORATORIO 1 - EJERCICIO 4: ANALISIS DE MEMORIA      
     Hardware Detectado: ESP32-S3 con 8MB PSRAM Octal      
==========================================================

Tipo Memoria    | Total Ciclos | Ciclos/Byte    
----------------------------------------------------------
DRAM Estatica   |         9235 |         2.25
Guru Meditation Error: Core  / panic'ed (Cache error). 
Cache disabled but cached memory region accessed

Core  0 register dump:
PC      : 0x42008d71  PS      : 0x00060a34  A0      : 0x82008e2c  A1      : 0x3fc99b60  
A2      : 0x3c0258e8  A3      : 0x403777f0  A4      : 0x3c02587c  A5      : 0x3c025870  
A6      : 0x4200b648  A7      : 0x1aa120f9  A8      : 0x00000000  A9      : 0x403777f0  
A10     : 0x403777f0  A11     : 0x3c0258d8  A12     : 0x00002413  A13     : 0x00000000  
A14     : 0x00000000  A15     : 0x40020980  SAR     : 0x00000004  EXCCAUSE: 0x00000007  
EXCVADDR: 0x00000000  LBEG    : 0x400570e8  LEND    : 0x400570f3  LCOUNT  : 0x00000000  


Backtrace: 0x42008d6e:0x3fc99b60 0x42008e29:0x3fc99b80 0x4200634b:0x3fc99ba0 0x4200e66a:0x3fc99bd0




ELF file SHA256: 8f977a12c

Rebooting...
���ESP-ROM:esp32s3-20210327
Build:Mar 27 2021
rst:0xc (RTC_SW_CPU_RST),boot:0x28 (SPI_FAST_FLASH_BOOT)
Saved PC:0x4037ca65
SPIWP:0xee
mode:DIO, clock div:1
load:0x3fce2820,len:0x1664
load:0x403c8700,len:0xf38
load:0x403cb700,len:0x31ec
entry 0x403c8930
[0;32mI (29) boot: ESP-IDF v6.1-dev-2938-g12f36a021f 2nd stage bootloader[0m
[0;32mI (29) boot: compile time Mar 30 2026 22:31:18[0m
[0;32mI (29) boot: Multicore bootloader[0m
[0;32mI (31) boot: chip revision: v0.2[0m
[0;32mI (34) boot: efuse block revision: v1.4[0m
[0;32mI (37) qio_mode: Enabling QIO for flash chip MXIC[0m
[0;32mI (42) boot.esp32s3: Boot SPI Speed : 80MHz[0m
[0;32mI (46) boot.esp32s3: SPI Mode       : QIO[0m
[0;32mI (49) boot.esp32s3: SPI Flash Size : 2MB[0m
[0;32mI (53) boot: Enabling RNG early entropy source...[0m
[0;32mI (58) boot: Partition Table:[0m
[0;32mI (60) boot: ## Label            Usage          Type ST Offset   Length[0m
[0;32mI (67) boot:  0 nvs              WiFi data        01 02 00009000 00006000[0m
[0;32mI (73) boot:  1 phy_init         RF data          01 01 0000f000 00001000[0m
[0;32mI (80) boot:  2 factory          factory app      00 00 00010000 00100000[0m
[0;32mI (86) boot: End of partition table[0m
[0;32mI (90) esp_image: segment 0: paddr=00010020 vaddr=3c020020 size=0977ch ( 38780) map[0m
[0;32mI (103) esp_image: segment 1: paddr=000197a4 vaddr=3fc92400 size=04524h ( 17700) load[0m
[0;32mI (107) esp_image: segment 2: paddr=0001dcd0 vaddr=40374000 size=02348h (  9032) load[0m
[0;32mI (114) esp_image: segment 3: paddr=00020020 vaddr=42000020 size=1086ch ( 67692) map[0m
[0;32mI (130) esp_image: segment 4: paddr=00030894 vaddr=40376348 size=0bfc0h ( 49088) load[0m
[0;32mI (139) esp_image: segment 5: paddr=0003c85c vaddr=50000000 size=01024h (  4132) load[0m
[0;32mI (148) boot: Loaded app from partition at offset 0x10000[0m
[0;32mI (148) boot: Disabling RNG early entropy source...[0m
[0;32mI (158) octal_psram: vendor id    : 0x0d (AP)[0m
[0;32mI (158) octal_psram: dev id       : 0x02 (generation 3)[0m
[0;32mI (158) octal_psram: density      : 0x03 (64 Mbit)[0m
[0;32mI (160) octal_psram: good-die     : 0x01 (Pass)[0m
[0;32mI (164) octal_psram: Latency      : 0x01 (Fixed)[0m
[0;32mI (169) octal_psram: VCC          : 0x01 (3V)[0m
[0;32mI (173) octal_psram: SRF          : 0x01 (Fast Refresh)[0m
[0;32mI (178) octal_psram: BurstType    : 0x01 (Hybrid Wrap)[0m
[0;32mI (183) octal_psram: BurstLen     : 0x01 (32 Byte)[0m
[0;32mI (187) octal_psram: Readlatency  : 0x02 (10 cycles@Fixed)[0m
[0;32mI (192) octal_psram: DriveStrength: 0x00 (1/1)[0m
[0;32mI (197) MSPI Timing: Enter psram timing tuning[0m
[0;32mI (201) esp_psram: Found 8MB PSRAM device[0m
[0;32mI (204) esp_psram: Speed: 80MHz[0m
[0;32mI (207) cpu_start: Multicore app[0m
[0;32mI (643) esp_psram: SPI SRAM memory test OK[0m
[0;32mI (651) cpu_start: GPIO 44 and 43 are used as console UART I/O pins[0m
[0;32mI (652) cpu_start: Pro cpu start user code[0m
[0;32mI (652) cpu_start: cpu freq: 160000000 Hz[0m
[0;32mI (653) app_init: Application information:[0m
[0;32mI (657) app_init: Project name:     Ejercicio_4[0m
[0;32mI (661) app_init: App version:      1[0m
[0;32mI (665) app_init: Compile time:     Mar 30 2026 22:31:40[0m
[0;32mI (670) app_init: ELF file SHA256:  8f977a12c...[0m
[0;32mI (674) app_init: ESP-IDF:          v6.1-dev-2938-g12f36a021f[0m
[0;32mI (680) efuse_init: Min chip rev:     v0.0[0m
[0;32mI (683) efuse_init: Max chip rev:     v0.99 [0m
[0;32mI (687) efuse_init: Chip rev:         v0.2[0m
[0;32mI (691) heap_init: Initializing. RAM available for dynamic allocation:[0m
[0;32mI (698) heap_init: At 3FC97340 len 000523D0 (328 KiB): RAM[0m
[0;32mI (703) heap_init: At 3FCE9710 len 00005724 (21 KiB): RAM[0m
[0;32mI (708) heap_init: At 3FCF0000 len 00008000 (32 KiB): DRAM[0m
[0;32mI (713) heap_init: At 600FE000 len 00001FE8 (7 KiB): RTCRAM[0m
[0;32mI (719) esp_psram: Adding pool of 8192K of PSRAM memory to heap allocator[0m
[0;32mI (725) spi_flash: detected chip: mxic[0m
[0;32mI (728) spi_flash: flash io: qio[0m
[0;33mW (731) spi_flash: Detected size(16384k) larger than the size in the binary image header(2048k). Using the size in the binary image header.[0m
[0;32mI (744) sleep_gpio: Configure to isolate all GPIO pins in sleep state[0m
[0;32mI (750) sleep_gpio: Enable automatic switching of GPIO sleep configuration[0m
[0;32mI (757) main_task: Started on CPU0[0m
[0;32mI (777) main_task: Calling app_main()[0m

==========================================================
     LABORATORIO 1 - EJERCICIO 4: ANALISIS DE MEMORIA      
     Hardware Detectado: ESP32-S3 con 8MB PSRAM Octal      
==========================================================

Tipo Memoria    | Total Ciclos | Ciclos/Byte    
----------------------------------------------------------
DRAM Estatica   |         9235 |         2.25
Guru Meditation Error: Core  / panic'ed (Cache error). 
Cache disabled but cached memory region accessed

Core  0 register dump:
PC      : 0x42008d71  PS      : 0x00060a34  A0      : 0x82008e2c  A1      : 0x3fc99b60  
A2      : 0x3c0258e8  A3      : 0x403777f0  A4      : 0x3c02587c  A5      : 0x3c025870  
A6      : 0x4200b648  A7      : 0x1aa12157  A8      : 0x00000000  A9      : 0x403777f0  
A10     : 0x403777f0  A11     : 0x3c0258d8  A12     : 0x00002413  A13     : 0x00000000  
A14     : 0x00000000  A15     : 0x40020980  SAR     : 0x00000004  EXCCAUSE: 0x00000007  
EXCVADDR: 0x00000000  LBEG    : 0x400570e8  LEND    : 0x400570f3  LCOUNT  : 0x00000000  


Backtrace: 0x42008d6e:0x3fc99b60 0x42008e29:0x3fc99b80 0x4200634b:0x3fc99ba0 0x4200e66a:0x3fc99bd0




ELF file SHA256: 8f977a12c

Rebooting...
���ESP-ROM:esp32s3-20210327
Build:Mar 27 2021
rst:0xc (RTC_SW_CPU_RST),boot:0x28 (SPI_FAST_FLASH_BOOT)
Saved PC:0x4037ca65
SPIWP:0xee
mode:DIO, clock div:1
load:0x3fce2820,len:0x1664
load:0x403c8700,len:0xf38
load:0x403cb700,len:0x31ec
entry 0x403c8930
[0;32mI (29) boot: ESP-IDF v6.1-dev-2938-g12f36a021f 2nd stage bootloader[0m
[0;32mI (29) boot: compile time Mar 30 2026 22:31:18[0m
[0;32mI (29) boot: Multicore bootloader[0m
[0;32mI (31) boot: chip revision: v0.2[0m
[0;32mI (34) boot: efuse block revision: v1.4[0m
[0;32mI (37) qio_mode: Enabling QIO for flash chip MXIC[0m
[0;32mI (42) boot.esp32s3: Boot SPI Speed : 80MHz[0m
[0;32mI (46) boot.esp32s3: SPI Mode       : QIO[0m
[0;32mI (49) boot.esp32s3: SPI Flash Size : 2MB[0m
[0;32mI (53) boot: Enabling RNG early entropy source...[0m
[0;32mI (58) boot: Partition Table:[0m
[0;32mI (60) boot: ## Label            Usage          Type ST Offset   Length[0m
[0;32mI (67) boot:  0 nvs              WiFi data        01 02 00009000 00006000[0m
[0;32mI (73) boot:  1 phy_init         RF data          01 01 0000f000 00001000[0m
[0;32mI (80) boot:  2 factory          factory app      00 00 00010000 00100000[0m
[0;32mI (86) boot: End of partition table[0m
[0;32mI (90) esp_image: segment 0: paddr=00010020 vaddr=3c020020 size=0977ch ( 38780) map[0m
[0;32mI (103) esp_image: segment 1: paddr=000197a4 vaddr=3fc92400 size=04524h ( 17700) load[0m
[0;32mI (107) esp_image: segment 2: paddr=0001dcd0 vaddr=40374000 size=02348h (  9032) load[0m
[0;32mI (114) esp_image: segment 3: paddr=00020020 vaddr=42000020 size=1086ch ( 67692) map[0m
[0;32mI (130) esp_image: segment 4: paddr=00030894 vaddr=40376348 size=0bfc0h ( 49088) load[0m
[0;32mI (139) esp_image: segment 5: paddr=0003c85c vaddr=50000000 size=01024h (  4132) load[0m
[0;32mI (148) boot: Loaded app from partition at offset 0x10000[0m
[0;32mI (148) boot: Disabling RNG early entropy source...[0m
[0;32mI (158) octal_psram: vendor id    : 0x0d (AP)[0m
[0;32mI (158) octal_psram: dev id       : 0x02 (generation 3)[0m
[0;32mI (158) octal_psram: density      : 0x03 (64 Mbit)[0m
[0;32mI (160) octal_psram: good-die     : 0x01 (Pass)[0m
[0;32mI (164) octal_psram: Latency      : 0x01 (Fixed)[0m
[0;32mI (169) octal_psram: VCC          : 0x01 (3V)[0m
[0;32mI (173) octal_psram: SRF          : 0x01 (Fast Refresh)[0m
[0;32mI (178) octal_psram: BurstType    : 0x01 (Hybrid Wrap)[0m
[0;32mI (183) octal_psram: BurstLen     : 0x01 (32 Byte)[0m
[0;32mI (187) octal_psram: Readlatency  : 0x02 (10 cycles@Fixed)[0m
[0;32mI (192) octal_psram: DriveStrength: 0x00 (1/1)[0m
[0;32mI (197) MSPI Timing: Enter psram timing tuning[0m
[0;32mI (201) esp_psram: Found 8MB PSRAM device[0m
[0;32mI (204) esp_psram: Speed: 80MHz[0m
[0;32mI (207) cpu_start: Multicore app[0m
[0;32mI (643) esp_psram: SPI SRAM memory test OK[0m
[0;32mI (651) cpu_start: GPIO 44 and 43 are used as console UART I/O pins[0m
[0;32mI (652) cpu_start: Pro cpu start user code[0m
[0;32mI (652) cpu_start: cpu freq: 160000000 Hz[0m
[0;32mI (653) app_init: Application information:[0m
[0;32mI (657) app_init: Project name:     Ejercicio_4[0m
[0;32mI (661) app_init: App version:      1[0m
[0;32mI (665) app_init: Compile time:     Mar 30 2026 22:31:40[0m
[0;32mI (670) app_init: ELF file SHA256:  8f977a12c...[0m
[0;32mI (674) app_init: ESP-IDF:          v6.1-dev-2938-g12f36a021f[0m
[0;32mI (680) efuse_init: Min chip rev:     v0.0[0m
[0;32mI (683) efuse_init: Max chip rev:     v0.99 [0m
[0;32mI (687) efuse_init: Chip rev:         v0.2[0m
[0;32mI (691) heap_init: Initializing. RAM available for dynamic allocation:[0m
[0;32mI (698) heap_init: At 3FC97340 len 000523D0 (328 KiB): RAM[0m
[0;32mI (703) heap_init: At 3FCE9710 len 00005724 (21 KiB): RAM[0m
[0;32mI (708) heap_init: At 3FCF0000 len 00008000 (32 KiB): DRAM[0m
[0;32mI (713) heap_init: At 600FE000 len 00001FE8 (7 KiB): RTCRAM[0m
[0;32mI (719) esp_psram: Adding pool of 8192K of PSRAM memory to heap allocator[0m
[0;32mI (725) spi_flash: detected chip: mxic[0m
[0;32mI (728) spi_flash: flash io: qio[0m
[0;33mW (731) spi_flash: Detected size(16384k) larger than the size in the binary image header(2048k). Using the size in the binary image header.[0m
[0;32mI (744) sleep_gpio: Configure to isolate all GPIO pins in sleep state[0m
[0;32mI (750) sleep_gpio: Enable automatic switching of GPIO sleep configuration[0m
[0;32mI (757) main_task: Started on CPU0[0m
[0;32mI (777) main_task: Calling app_main()[0m

==========================================================
     LABORATORIO 1 - EJERCICIO 4: ANALISIS DE MEMORIA      
     Hardware Detectado: ESP32-S3 con 8MB PSRAM Octal      
==========================================================

Tipo Memoria    | Total Ciclos | Ciclos/Byte    
----------------------------------------------------------
DRAM Estatica   |         9235 |         2.25
Guru Meditation Error: Core  / panic'ed (Cache error). 
Cache disabled but cached memory region accessed

Core  0 register dump:
PC      : 0x42008d71  PS      : 0x00060a34  A0      : 0x82008e2c  A1      : 0x3fc99b60  
A2      : 0x3c0258e8  A3      : 0x403777f0  A4      : 0x3c02587c  A5      : 0x3c025870  
A6      : 0x4200b648  A7      : 0x1aa12063  A8      : 0x00000000  A9      : 0x403777f0  
A10     : 0x403777f0  A11     : 0x3c0258d8  A12     : 0x00002413  A13     : 0x00000000  
A14     : 0x00000000  A15     : 0x40020980  SAR     : 0x00000004  EXCCAUSE: 0x00000007  
EXCVADDR: 0x00000000  LBEG    : 0x400570e8  LEND    : 0x400570f3  LCOUNT  : 0x00000000  


Backtrace: 0x42008d6e:0x3fc99b60 0x42008e29:0x3fc99b80 0x4200634b:0x3fc99ba0 0x4200e66a:0x3fc99bd0




ELF file SHA256: 8f977a12c

Rebooting...
���ESP-ROM:esp32s3-20210327
Build:Mar 27 2021
rst:0xc (RTC_SW_CPU_RST),boot:0x28 (SPI_FAST_FLASH_BOOT)
Saved PC:0x4037ca65
SPIWP:0xee
mode:DIO, clock div:1
load:0x3fce2820,len:0x1664
load:0x403c8700,len:0xf38
load:0x403cb700,len:0x31ec
entry 0x403c8930
[0;32mI (29) boot: ESP-IDF v6.1-dev-2938-g12f36a021f 2nd stage bootloader[0m
[0;32mI (29) boot: compile time Mar 30 2026 22:31:18[0m
[0;32mI (29) boot: Multicore bootloader[0m
[0;32mI (31) boot: chip revision: v0.2[0m
[0;32mI (34) boot: efuse block revision: v1.4[0m
[0;32mI (37) qio_mode: Enabling QIO for flash chip MXIC[0m
[0;32mI (42) boot.esp32s3: Boot SPI Speed : 80MHz[0m
[0;32mI (46) boot.esp32s3: SPI Mode       : QIO[0m
[0;32mI (49) boot.esp32s3: SPI Flash Size : 2MB[0m
[0;32mI (53) boot: Enabling RNG early entropy source...[0m
[0;32mI (58) boot: Partition Table:[0m
[0;32mI (60) boot: ## Label            Usage          Type ST Offset   Length[0m
[0;32mI (67) boot:  0 nvs              WiFi data        01 02 00009000 00006000[0m
[0;32mI (73) boot:  1 phy_init         RF data          01 01 0000f000 00001000[0m
[0;32mI (80) boot:  2 factory          factory app      00 00 00010000 00100000[0m
[0;32mI (86) boot: End of partition table[0m
[0;32mI (90) esp_image: segment 0: paddr=00010020 vaddr=3c020020 size=0977ch ( 38780) map[0m
[0;32mI (103) esp_image: segment 1: paddr=000197a4 vaddr=3fc92400 size=04524h ( 17700) load[0m
[0;32mI (107) esp_image: segment 2: paddr=0001dcd0 vaddr=40374000 size=02348h (  9032) load[0m
[0;32mI (114) esp_image: segment 3: paddr=00020020 vaddr=42000020 size=1086ch ( 67692) map[0m
[0;32mI (130) esp_image: segment 4: paddr=00030894 vaddr=40376348 size=0bfc0h ( 49088) load[0m
[0;32mI (139) esp_image: segment 5: paddr=0003c85c vaddr=50000000 size=01024h (  4132) load[0m
[0;32mI (148) boot: Loaded app from partition at offset 0x10000[0m
[0;32mI (148) boot: Disabling RNG early entropy source...[0m
[0;32mI (158) octal_psram: vendor id    : 0x0d (AP)[0m
[0;32mI (158) octal_psram: dev id       : 0x02 (generation 3)[0m
[0;32mI (158) octal_psram: density      : 0x03 (64 Mbit)[0m
[0;32mI (160) octal_psram: good-die     : 0x01 (Pass)[0m
[0;32mI (164) octal_psram: Latency      : 0x01 (Fixed)[0m
[0;32mI (169) octal_psram: VCC          : 0x01 (3V)[0m
[0;32mI (173) octal_psram: SRF          : 0x01 (Fast Refresh)[0m
[0;32mI (178) octal_psram: BurstType    : 0x01 (Hybrid Wrap)[0m
[0;32mI (183) octal_psram: BurstLen     : 0x01 (32 Byte)[0m
[0;32mI (187) octal_psram: Readlatency  : 0x02 (10 cycles@Fixed)[0m
[0;32mI (192) octal_psram: DriveStrength: 0x00 (1/1)[0m
[0;32mI (197) MSPI Timing: Enter psram timing tuning[0m
[0;32mI (201) esp_psram: Found 8MB PSRAM device[0m
[0;32mI (204) esp_psram: Speed: 80MHz[0m
[0;32mI (207) cpu_start: Multicore app[0m
[0;32mI (643) esp_psram: SPI SRAM memory test OK[0m
[0;32mI (651) cpu_start: GPIO 44 and 43 are used as console UART I/O pins[0m
[0;32mI (652) cpu_start: Pro cpu start user code[0m
[0;32mI (652) cpu_start: cpu freq: 160000000 Hz[0m
[0;32mI (653) app_init: Application information:[0m
[0;32mI (657) app_init: Project name:     Ejercicio_4[0m
[0;32mI (661) app_init: App version:      1[0m
[0;32mI (665) app_init: Compile time:     Mar 30 2026 22:31:40[0m
[0;32mI (670) app_init: ELF file SHA256:  8f977a12c...[0m
[0;32mI (674) app_init: ESP-IDF:          v6.1-dev-2938-g12f36a021f[0m
[0;32mI (680) efuse_init: Min chip rev:     v0.0[0m
[0;32mI (683) efuse_init: Max chip rev:     v0.99 [0m
[0;32mI (687) efuse_init: Chip rev:         v0.2[0m
[0;32mI (691) heap_init: Initializing. RAM available for dynamic allocation:[0m
[0;32mI (698) heap_init: At 3FC97340 len 000523D0 (328 KiB): RAM[0m
[0;32mI (703) heap_init: At 3FCE9710 len 00005724 (21 KiB): RAM[0m
[0;32mI (708) heap_init: At 3FCF0000 len 00008000 (32 KiB): DRAM[0m
[0;32mI (713) heap_init: At 600FE000 len 00001FE8 (7 KiB): RTCRAM[0m
[0;32mI (719) esp_psram: Adding pool of 8192K of PSRAM memory to heap allocator[0m
[0;32mI (725) spi_flash: detected chip: mxic[0m
[0;32mI (728) spi_flash: flash io: qio[0m
[0;33mW (731) spi_flash: Detected size(16384k) larger than the size in the binary image header(2048k). Using the size in the binary image header.[0m
[0;32mI (744) sleep_gpio: Configure to isolate all GPIO pins in sleep state[0m
[0;32mI (750) sleep_gpio: Enable automatic switching of GPIO sleep configuration[0m
[0;32mI (757) main_task: Started on CPU0[0m
[0;32mI (777) main_task: Calling app_main()[0m
ESP-ROM:esp32s3-20210327
Build:Mar 27 2021
rst:0x1 (POWERON),boot:0x28 (SPI_FAST_FLASH_BOOT)
SPIWP:0xee
mode:DIO, clock div:1
load:0x3fce2820,len:0x1664
load:0x403c8700,len:0xf38
load:0x403cb700,len:0x31ec
entry 0x403c8930
[0;32mI (25) boot: ESP-IDF v6.1-dev-2938-g12f36a021f 2nd stage bootloader[0m
[0;32mI (25) boot: compile time Mar 30 2026 22:31:18[0m
[0;32mI (25) boot: Multicore bootloader[0m
[0;32mI (27) boot: chip revision: v0.2[0m
[0;32mI (30) boot: efuse block revision: v1.4[0m
[0;32mI (33) qio_mode: Enabling QIO for flash chip MXIC[0m
[0;32mI (38) boot.esp32s3: Boot SPI Speed : 80MHz[0m
[0;32mI (41) boot.esp32s3: SPI Mode       : QIO[0m
[0;32mI (45) boot.esp32s3: SPI Flash Size : 2MB[0m
[0;32mI (49) boot: Enabling RNG early entropy source...[0m
[0;32mI (53) boot: Partition Table:[0m
[0;32mI (56) boot: ## Label            Usage          Type ST Offset   Length[0m
[0;32mI (62) boot:  0 nvs              WiFi data        01 02 00009000 00006000[0m
[0;32mI (69) boot:  1 phy_init         RF data          01 01 0000f000 00001000[0m
[0;32mI (75) boot:  2 factory          factory app      00 00 00010000 00100000[0m
[0;32mI (82) boot: End of partition table[0m
[0;32mI (85) esp_image: segment 0: paddr=00010020 vaddr=3c020020 size=0977ch ( 38780) map[0m
[0;32mI (99) esp_image: segment 1: paddr=000197a4 vaddr=3fc92400 size=04524h ( 17700) load[0m
[0;32mI (103) esp_image: segment 2: paddr=0001dcd0 vaddr=40374000 size=02348h (  9032) load[0m
[0;32mI (109) esp_image: segment 3: paddr=00020020 vaddr=42000020 size=1086ch ( 67692) map[0m
[0;32mI (125) esp_image: segment 4: paddr=00030894 vaddr=40376348 size=0bfc0h ( 49088) load[0m
[0;32mI (135) esp_image: segment 5: paddr=0003c85c vaddr=50000000 size=01024h (  4132) load[0m
[0;32mI (143) boot: Loaded app from partition at offset 0x10000[0m
[0;32mI (143) boot: Disabling RNG early entropy source...[0m
[0;32mI (154) octal_psram: vendor id    : 0x0d (AP)[0m
[0;32mI (154) octal_psram: dev id       : 0x02 (generation 3)[0m
[0;32mI (154) octal_psram: density      : 0x03 (64 Mbit)[0m
[0;32mI (156) octal_psram: good-die     : 0x01 (Pass)[0m
[0;32mI (160) octal_psram: Latency      : 0x01 (Fixed)[0m
[0;32mI (164) octal_psram: VCC          : 0x01 (3V)[0m
[0;32mI (169) octal_psram: SRF          : 0x01 (Fast Refresh)[0m
[0;32mI (173) octal_psram: BurstType    : 0x01 (Hybrid Wrap)[0m
[0;32mI (178) octal_psram: BurstLen     : 0x01 (32 Byte)[0m
[0;32mI (183) octal_psram: Readlatency  : 0x02 (10 cycles@Fixed)[0m
[0;32mI (188) octal_psram: DriveStrength: 0x00 (1/1)[0m
[0;32mI (192) MSPI Timing: Enter psram timing tuning[0m
[0;32mI (197) esp_psram: Found 8MB PSRAM device[0m
[0;32mI (200) esp_psram: Speed: 80MHz[0m
[0;32mI (203) cpu_start: Multicore app[0m
[0;32mI (639) esp_psram: SPI SRAM memory test OK[0m
[0;32mI (647) cpu_start: GPIO 44 and 43 are used as console UART I/O pins[0m
[0;32mI (647) cpu_start: Pro cpu start user code[0m
[0;32mI (647) cpu_start: cpu freq: 160000000 Hz[0m
[0;32mI (649) app_init: Application information:[0m
[0;32mI (653) app_init: Project name:     Ejercicio_4[0m
[0;32mI (657) app_init: App version:      1[0m
[0;32mI (661) app_init: Compile time:     Mar 30 2026 22:31:40[0m
[0;32mI (666) app_init: ELF file SHA256:  8f977a12c...[0m
[0;32mI (670) app_init: ESP-IDF:          v6.1-dev-2938-g12f36a021f[0m
[0;32mI (675) efuse_init: Min chip rev:     v0.0[0m
[0;32mI (679) efuse_init: Max chip rev:     v0.99 [0m
[0;32mI (683) efuse_init: Chip rev:         v0.2[0m
[0;32mI (687) heap_init: Initializing. RAM available for dynamic allocation:[0m
[0;32mI (693) heap_init: At 3FC97340 len 000523D0 (328 KiB): RAM[0m
[0;32mI (698) heap_init: At 3FCE9710 len 00005724 (21 KiB): RAM[0m
[0;32mI (704) heap_init: At 3FCF0000 len 00008000 (32 KiB): DRAM[0m
[0;32mI (709) heap_init: At 600FE000 len 00001FE8 (7 KiB): RTCRAM[0m
[0;32mI (714) esp_psram: Adding pool of 8192K of PSRAM memory to heap allocator[0m
[0;32mI (721) spi_flash: detected chip: mxic[0m
[0;32mI (724) spi_flash: flash io: qio[0m
[0;33mW (727) spi_flash: Detected size(16384k) larger than the size in the binary image header(2048k). Using the size in the binary image header.[0m
[0;32mI (740) sleep_gpio: Configure to isolate all GPIO pins in sleep state[0m
[0;32mI (746) sleep_gpio: Enable automatic switching of GPIO sleep configuration[0m
[0;32mI (753) main_task: Started on CPU0[0m
[0;32mI (773) main_task: Calling app_main()[0m
ESP-ROM:esp32s3-20210327
Build:Mar 27 2021
rst:0x1 (POWERON),boot:0x28 (SPI_FAST_FLASH_BOOT)
SPIWP:0xee
mode:DIO, clock div:1
load:0x3fce2820,len:0x1664
load:0x403c8700,len:0xf38
load:0x403cb700,len:0x31ec
entry 0x403c8930
[0;32mI (25) boot: ESP-IDF v6.1-dev-2938-g12f36a021f 2nd stage bootloader[0m
[0;32mI (25) boot: compile time Mar 30 2026 22:31:18[0m
[0;32mI (25) boot: Multicore bootloader[0m
[0;32mI (27) boot: chip revision: v0.2[0m
[0;32mI (30) boot: efuse block revision: v1.4[0m
[0;32mI (33) qio_mode: Enabling QIO for flash chip MXIC[0m
[0;32mI (38) boot.esp32s3: Boot SPI Speed : 80MHz[0m
[0;32mI (41) boot.esp32s3: SPI Mode       : QIO[0m
[0;32mI (45) boot.esp32s3: SPI Flash Size : 2MB[0m
[0;32mI (49) boot: Enabling RNG early entropy source...[0m
[0;32mI (53) boot: Partition Table:[0m
[0;32mI (56) boot: ## Label            Usage          Type ST Offset   Length[0m
[0;32mI (62) boot:  0 nvs              WiFi data        01 02 00009000 00006000[0m
[0;32mI (69) boot:  1 phy_init         RF data          01 01 0000f000 00001000[0m
[0;32mI (75) boot:  2 factory          factory app      00 00 00010000 00100000[0m
[0;32mI (82) boot: End of partition table[0m
[0;32mI (85) esp_image: segment 0: paddr=00010020 vaddr=3c020020 size=0977ch ( 38780) map[0m
[0;32mI (99) esp_image: segment 1: paddr=000197a4 vaddr=3fc92400 size=04524h ( 17700) load[0m
[0;32mI (103) esp_image: segment 2: paddr=0001dcd0 vaddr=40374000 size=02348h (  9032) load[0m
[0;32mI (109) esp_image: segment 3: paddr=00020020 vaddr=42000020 size=1086ch ( 67692) map[0m
[0;32mI (125) esp_image: segment 4: paddr=00030894 vaddr=40376348 size=0bfc0h ( 49088) load[0m
[0;32mI (135) esp_image: segment 5: paddr=0003c85c vaddr=50000000 size=01024h (  4132) load[0m
[0;32mI (143) boot: Loaded app from partition at offset 0x10000[0m
[0;32mI (143) boot: Disabling RNG early entropy source...[0m
[0;32mI (154) octal_psram: vendor id    : 0x0d (AP)[0m
[0;32mI (154) octal_psram: dev id       : 0x02 (generation 3)[0m
[0;32mI (154) octal_psram: density      : 0x03 (64 Mbit)[0m
[0;32mI (156) octal_psram: good-die     : 0x01 (Pass)[0m
[0;32mI (160) octal_psram: Latency      : 0x01 (Fixed)[0m
[0;32mI (164) octal_psram: VCC          : 0x01 (3V)[0m
[0;32mI (169) octal_psram: SRF          : 0x01 (Fast Refresh)[0m
[0;32mI (173) octal_psram: BurstType    : 0x01 (Hybrid Wrap)[0m
[0;32mI (178) octal_psram: BurstLen     : 0x01 (32 Byte)[0m
[0;32mI (183) octal_psram: Readlatency  : 0x02 (10 cycles@Fixed)[0m
[0;32mI (188) octal_psram: DriveStrength: 0x00 (1/1)[0m
[0;32mI (192) MSPI Timing: Enter psram timing tuning[0m
[0;32mI (197) esp_psram: Found 8MB PSRAM device[0m
[0;32mI (200) esp_psram: Speed: 80MHz[0m
[0;32mI (203) cpu_start: Multicore app[0m
[0;32mI (639) esp_psram: SPI SRAM memory test OK[0m
[0;32mI (647) cpu_start: GPIO 44 and 43 are used as console UART I/O pins[0m
[0;32mI (647) cpu_start: Pro cpu start user code[0m
[0;32mI (647) cpu_start: cpu freq: 160000000 Hz[0m
[0;32mI (649) app_init: Application information:[0m
[0;32mI (653) app_init: Project name:     Ejercicio_4[0m
[0;32mI (657) app_init: App version:      1[0m
[0;32mI (661) app_init: Compile time:     Mar 30 2026 22:31:40[0m
[0;32mI (666) app_init: ELF file SHA256:  8f977a12c...[0m
[0;32mI (670) app_init: ESP-IDF:          v6.1-dev-2938-g12f36a021f[0m
[0;32mI (675) efuse_init: Min chip rev:     v0.0[0m
[0;32mI (679) efuse_init: Max chip rev:     v0.99 [0m
[0;32mI (683) efuse_init: Chip rev:         v0.2[0m
[0;32mI (687) heap_init: Initializing. RAM available for dynamic allocation:[0m
[0;32mI (693) heap_init: At 3FC97340 len 000523D0 (328 KiB): RAM[0m
[0;32mI (698) heap_init: At 3FCE9710 len 00005724 (21 KiB): RAM[0m
[0;32mI (704) heap_init: At 3FCF0000 len 00008000 (32 KiB): DRAM[0m
[0;32mI (709) heap_init: At 600FE000 len 00001FE8 (7 KiB): RTCRAM[0m
[0;32mI (714) esp_psram: Adding pool of 8192K of PSRAM memory to heap allocator[0m
[0;32mI (721) spi_flash: detected chip: mxic[0m
[0;32mI (724) spi_flash: flash io: qio[0m
[0;33mW (727) spi_flash: Detected size(16384k) larger than the size in the binary image header(2048k). Using the size in the binary image header.[0m
[0;32mI (740) sleep_gpio: Configure to isolate all GPIO pins in sleep state[0m
[0;32mI (746) sleep_gpio: Enable automatic switching of GPIO sleep configuration[0m
[0;32mI (753) main_task: Started on CPU0[0m
[0;32mI (773) main_task: Calling app_main()[0m

==========================================================
     LABORATORIO 1 - EJERCICIO 4: ANALISIS DE MEMORIA      
     Hardware Detectado: ESP32-S3 con 8MB PSRAM Octal      
==========================================================

Tipo Memoria    | Total Ciclos | Ciclos/Byte    
----------------------------------------------------------
DRAM Estatica   |         9235 |         2.25
Guru Meditation Error: Core  / panic'ed (Cache error). 
Cache disabled but cached memory region accessed

Core  0 register dump:
PC      : 0x42008d71  PS      : 0x00060a34  A0      : 0x82008e2c  A1      : 0x3fc99b60  
A2      : 0x3c0258e8  A3      : 0x403777f0  A4      : 0x3c02587c  A5      : 0x3c025870  
A6      : 0x4200b648  A7      : 0x1a96a7ed  A8      : 0x00000000  A9      : 0x403777f0  
A10     : 0x403777f0  A11     : 0x3c0258d8  A12     : 0x00002413  A13     : 0x00000000  
A14     : 0x00000000  A15     : 0x40020980  SAR     : 0x00000004  EXCCAUSE: 0x00000007  
EXCVADDR: 0x00000000  LBEG    : 0x400570e8  LEND    : 0x400570f3  LCOUNT  : 0x00000000  


Backtrace: 0x42008d6e:0x3fc99b60 0x42008e29:0x3fc99b80 0x4200634b:0x3fc99ba0 0x4200e66a:0x3fc99bd0




ELF file SHA256: 8f977a12c

Rebooting...
ESP-ROM:esp32s3-20210327
Build:Mar 27 2021
rst:0xc (RTC_SW_CPU_RST),boot:0x28 (SPI_FAST_FLASH_BOOT)
Saved PC:0x4037ca65
SPIWP:0xee
mode:DIO, clock div:1
load:0x3fce2820,len:0x1664
load:0x403c8700,len:0xf38
load:0x403cb700,len:0x31ec
entry 0x403c8930
[0;32mI (29) boot: ESP-IDF v6.1-dev-2938-g12f36a021f 2nd stage bootloader[0m
[0;32mI (29) boot: compile time Mar 30 2026 22:31:18[0m
[0;32mI (29) boot: Multicore bootloader[0m
[0;32mI (31) boot: chip revision: v0.2[0m
[0;32mI (34) boot: efuse block revision: v1.4[0m
[0;32mI (37) qio_mode: Enabling QIO for flash chip MXIC[0m
[0;32mI (42) boot.esp32s3: Boot SPI Speed : 80MHz[0m
[0;32mI (46) boot.esp32s3: SPI Mode       : QIO[0m
[0;32mI (49) boot.esp32s3: SPI Flash Size : 2MB[0m
[0;32mI (53) boot: Enabling RNG early entropy source...[0m
[0;32mI (58) boot: Partition Table:[0m
[0;32mI (60) boot: ## Label            Usage          Type ST Offset   Length[0m
[0;32mI (67) boot:  0 nvs              WiFi data        01 02 00009000 00006000[0m
[0;32mI (73) boot:  1 phy_init         RF data          01 01 0000f000 00001000[0m
[0;32mI (80) boot:  2 factory          factory app      00 00 00010000 00100000[0m
[0;32mI (86) boot: End of partition table[0m
[0;32mI (90) esp_image: segment 0: paddr=00010020 vaddr=3c020020 size=0977ch ( 38780) map[0m
[0;32mI (103) esp_image: segment 1: paddr=000197a4 vaddr=3fc92400 size=04524h ( 17700) load[0m
[0;32mI (107) esp_image: segment 2: paddr=0001dcd0 vaddr=40374000 size=02348h (  9032) load[0m
[0;32mI (114) esp_image: segment 3: paddr=00020020 vaddr=42000020 size=1086ch ( 67692) map[0m
[0;32mI (130) esp_image: segment 4: paddr=00030894 vaddr=40376348 size=0bfc0h ( 49088) load[0m
[0;32mI (139) esp_image: segment 5: paddr=0003c85c vaddr=50000000 size=01024h (  4132) load[0m
[0;32mI (148) boot: Loaded app from partition at offset 0x10000[0m
[0;32mI (148) boot: Disabling RNG early entropy source...[0m
[0;32mI (158) octal_psram: vendor id    : 0x0d (AP)[0m
[0;32mI (158) octal_psram: dev id       : 0x02 (generation 3)[0m
[0;32mI (158) octal_psram: density      : 0x03 (64 Mbit)[0m
[0;32mI (160) octal_psram: good-die     : 0x01 (Pass)[0m
[0;32mI (164) octal_psram: Latency      : 0x01 (Fixed)[0m
[0;32mI (169) octal_psram: VCC          : 0x01 (3V)[0m
[0;32mI (173) octal_psram: SRF          : 0x01 (Fast Refresh)[0m
[0;32mI (178) octal_psram: BurstType    : 0x01 (Hybrid Wrap)[0m
[0;32mI (183) octal_psram: BurstLen     : 0x01 (32 Byte)[0m
[0;32mI (187) octal_psram: Readlatency  : 0x02 (10 cycles@Fixed)[0m
[0;32mI (192) octal_psram: DriveStrength: 0x00 (1/1)[0m
[0;32mI (196) MSPI Timing: Enter psram timing tuning[0m
[0;32mI (201) esp_psram: Found 8MB PSRAM device[0m
[0;32mI (204) esp_psram: Speed: 80MHz[0m
[0;32mI (207) cpu_start: Multicore app[0m
[0;32mI (643) esp_psram: SPI SRAM memory test OK[0m
[0;32mI (651) cpu_start: GPIO 44 and 43 are used as console UART I/O pins[0m
[0;32mI (652) cpu_start: Pro cpu start user code[0m
[0;32mI (652) cpu_start: cpu freq: 160000000 Hz[0m
[0;32mI (653) app_init: Application information:[0m
[0;32mI (657) app_init: Project name:     Ejercicio_4[0m
[0;32mI (661) app_init: App version:      1[0m
[0;32mI (665) app_init: Compile time:     Mar 30 2026 22:31:40[0m
[0;32mI (670) app_init: ELF file SHA256:  8f977a12c...[0m
[0;32mI (674) app_init: ESP-IDF:          v6.1-dev-2938-g12f36a021f[0m
[0;32mI (680) efuse_init: Min chip rev:     v0.0[0m
[0;32mI (683) efuse_init: Max chip rev:     v0.99 [0m
[0;32mI (687) efuse_init: Chip rev:         v0.2[0m
[0;32mI (691) heap_init: Initializing. RAM available for dynamic allocation:[0m
[0;32mI (698) heap_init: At 3FC97340 len 000523D0 (328 KiB): RAM[0m
[0;32mI (703) heap_init: At 3FCE9710 len 00005724 (21 KiB): RAM[0m
[0;32mI (708) heap_init: At 3FCF0000 len 00008000 (32 KiB): DRAM[0m
[0;32mI (713) heap_init: At 600FE000 len 00001FE8 (7 KiB): RTCRAM[0m
[0;32mI (719) esp_psram: Adding pool of 8192K of PSRAM memory to heap allocator[0m
[0;32mI (725) spi_flash: detected chip: mxic[0m
[0;32mI (728) spi_flash: flash io: qio[0m
[0;33mW (731) spi_flash: Detected size(16384k) larger than the size in the binary image header(2048k). Using the size in the binary image header.[0m
[0;32mI (744) sleep_gpio: Configure to isolate all GPIO pins in sleep state[0m
[0;32mI (750) sleep_gpio: Enable automatic switching of GPIO sleep configuration[0m
[0;32mI (757) main_task: Started on CPU0[0m
[0;32mI (777) main_task: Calling app_main()[0m
ESP-ROM:esp32s3-20210327
Build:Mar 27 2021
rst:0x1 (POWERON),boot:0x28 (SPI_FAST_FLASH_BOOT)
SPIWP:0xee
mode:DIO, clock div:1
load:0x3fce2820,len:0x1664
load:0x403c8700,len:0xf38
load:0x403cb700,len:0x31ec
entry 0x403c8930
[0;32mI (25) boot: ESP-IDF v6.1-dev-2938-g12f36a021f 2nd stage bootloader[0m
[0;32mI (25) boot: compile time Mar 30 2026 22:31:18[0m
[0;32mI (25) boot: Multicore bootloader[0m
[0;32mI (27) boot: chip revision: v0.2[0m
[0;32mI (30) boot: efuse block revision: v1.4[0m
[0;32mI (33) qio_mode: Enabling QIO for flash chip MXIC[0m
[0;32mI (38) boot.esp32s3: Boot SPI Speed : 80MHz[0m
[0;32mI (41) boot.esp32s3: SPI Mode       : QIO[0m
[0;32mI (45) boot.esp32s3: SPI Flash Size : 2MB[0m
[0;32mI (49) boot: Enabling RNG early entropy source...[0m
[0;32mI (53) boot: Partition Table:[0m
[0;32mI (56) boot: ## Label            Usage          Type ST Offset   Length[0m
[0;32mI (62) boot:  0 nvs              WiFi data        01 02 00009000 00006000[0m
[0;32mI (69) boot:  1 phy_init         RF data          01 01 0000f000 00001000[0m
[0;32mI (75) boot:  2 factory          factory app      00 00 00010000 00100000[0m
[0;32mI (82) boot: End of partition table[0m
[0;32mI (85) esp_image: segment 0: paddr=00010020 vaddr=3c020020 size=0977ch ( 38780) map[0m
[0;32mI (99) esp_image: segment 1: paddr=000197a4 vaddr=3fc92400 size=04524h ( 17700) load[0m
[0;32mI (103) esp_image: segment 2: paddr=0001dcd0 vaddr=40374000 size=02348h (  9032) load[0m
[0;32mI (109) esp_image: segment 3: paddr=00020020 vaddr=42000020 size=1086ch ( 67692) map[0m
[0;32mI (125) esp_image: segment 4: paddr=00030894 vaddr=40376348 size=0bfc0h ( 49088) load[0m
[0;32mI (135) esp_image: segment 5: paddr=0003c85c vaddr=50000000 size=01024h (  4132) load[0m
[0;32mI (143) boot: Loaded app from partition at offset 0x10000[0m
[0;32mI (143) boot: Disabling RNG early entropy source...[0m
[0;32mI (154) octal_psram: vendor id    : 0x0d (AP)[0m
[0;32mI (154) octal_psram: dev id       : 0x02 (generation 3)[0m
[0;32mI (154) octal_psram: density      : 0x03 (64 Mbit)[0m
[0;32mI (156) octal_psram: good-die     : 0x01 (Pass)[0m
[0;32mI (160) octal_psram: Latency      : 0x01 (Fixed)[0m
[0;32mI (164) octal_psram: VCC          : 0x01 (3V)[0m
[0;32mI (169) octal_psram: SRF          : 0x01 (Fast Refresh)[0m
[0;32mI (173) octal_psram: BurstType    : 0x01 (Hybrid Wrap)[0m
[0;32mI (178) octal_psram: BurstLen     : 0x01 (32 Byte)[0m
[0;32mI (183) octal_psram: Readlatency  : 0x02 (10 cycles@Fixed)[0m
[0;32mI (188) octal_psram: DriveStrength: 0x00 (1/1)[0m
[0;32mI (192) MSPI Timing: Enter psram timing tuning[0m
[0;32mI (197) esp_psram: Found 8MB PSRAM device[0m
[0;32mI (200) esp_psram: Speed: 80MHz[0m
[0;32mI (203) cpu_start: Multicore app[0m
[0;32mI (639) esp_psram: SPI SRAM memory test OK[0m
[0;32mI (647) cpu_start: GPIO 44 and 43 are used as console UART I/O pins[0m
[0;32mI (647) cpu_start: Pro cpu start user code[0m
[0;32mI (647) cpu_start: cpu freq: 160000000 Hz[0m
[0;32mI (649) app_init: Application information:[0m
[0;32mI (653) app_init: Project name:     Ejercicio_4[0m
[0;32mI (657) app_init: App version:      1[0m
[0;32mI (661) app_init: Compile time:     Mar 30 2026 22:31:40[0m
[0;32mI (666) app_init: ELF file SHA256:  8f977a12c...[0m
[0;32mI (670) app_init: ESP-IDF:          v6.1-dev-2938-g12f36a021f[0m
[0;32mI (675) efuse_init: Min chip rev:     v0.0[0m
[0;32mI (679) efuse_init: Max chip rev:     v0.99 [0m
[0;32mI (683) efuse_init: Chip rev:         v0.2[0m
[0;32mI (687) heap_init: Initializing. RAM available for dynamic allocation:[0m
[0;32mI (693) heap_init: At 3FC97340 len 000523D0 (328 KiB): RAM[0m
[0;32mI (698) heap_init: At 3FCE9710 len 00005724 (21 KiB): RAM[0m
[0;32mI (704) heap_init: At 3FCF0000 len 00008000 (32 KiB): DRAM[0m
[0;32mI (709) heap_init: At 600FE000 len 00001FE8 (7 KiB): RTCRAM[0m
[0;32mI (714) esp_psram: Adding pool of 8192K of PSRAM memory to heap allocator[0m
[0;32mI (721) spi_flash: detected chip: mxic[0m
[0;32mI (724) spi_flash: flash io: qio[0m
[0;33mW (727) spi_flash: Detected size(16384k) larger than the size in the binary image header(2048k). Using the size in the binary image header.[0m
[0;32mI (740) sleep_gpio: Configure to isolate all GPIO pins in sleep state[0m
[0;32mI (746) sleep_gpio: Enable automatic switching of GPIO sleep configuration[0m
[0;32mI (753) main_task: Started on CPU0[0m
[0;32mI (773) main_task: Calling app_main()[0m

==========================================================
     LABORATORIO 1 - EJERCICIO 4: ANALISIS DE MEMORIA      
     Hardware Detectado: ESP32-S3 con 8MB PSRAM Octal      
==========================================================

Tipo Memoria    | Total Ciclos | Ciclos/Byte    
----------------------------------------------------------
DRAM Estatica   |         9235 |         2.25
Guru Meditation Error: Core  / panic'ed (Cache error). 
Cache disabled but cached memory region accessed

Core  0 register dump:
PC      : 0x42008d71  PS      : 0x00060a34  A0      : 0x82008e2c  A1      : 0x3fc99b60  
A2      : 0x3c0258e8  A3      : 0x403777f0  A4      : 0x3c02587c  A5      : 0x3c025870  
A6      : 0x4200b648  A7      : 0x1a96a7fb  A8      : 0x00000000  A9      : 0x403777f0  
A10     : 0x403777f0  A11     : 0x3c0258d8  A12     : 0x00002413  A13     : 0x00000000  
A14     : 0x00000000  A15     : 0x40020980  SAR     : 0x00000004  EXCCAUSE: 0x00000007  
EXCVADDR: 0x00000000  LBEG    : 0x400570e8  LEND    : 0x400570f3  LCOUNT  : 0x00000000  


Backtrace: 0x42008d6e:0x3fc99b60 0x42008e29:0x3fc99b80 0x4200634b:0x3fc99ba0 0x4200e66a:0x3fc99bd0




ELF file SHA256: 8f977a12c

Rebooting...
ESP-ROM:esp32s3-20210327
Build:Mar 27 2021
rst:0xc (RTC_SW_CPU_RST),boot:0x28 (SPI_FAST_FLASH_BOOT)
Saved PC:0x4037ca65
SPIWP:0xee
mode:DIO, clock div:1
load:0x3fce2820,len:0x1664
load:0x403c8700,len:0xf38
load:0x403cb700,len:0x31ec
entry 0x403c8930
[0;32mI (29) boot: ESP-IDF v6.1-dev-2938-g12f36a021f 2nd stage bootloader[0m
[0;32mI (29) boot: compile time Mar 30 2026 22:31:18[0m
[0;32mI (29) boot: Multicore bootloader[0m
[0;32mI (31) boot: chip revision: v0.2[0m
[0;32mI (34) boot: efuse block revision: v1.4[0m
[0;32mI (37) qio_mode: Enabling QIO for flash chip MXIC[0m
[0;32mI (42) boot.esp32s3: Boot SPI Speed : 80MHz[0m
[0;32mI (46) boot.esp32s3: SPI Mode       : QIO[0m
[0;32mI (49) boot.esp32s3: SPI Flash Size : 2MB[0m
[0;32mI (53) boot: Enabling RNG early entropy source...[0m
[0;32mI (58) boot: Partition Table:[0m
[0;32mI (60) boot: ## Label            Usage          Type ST Offset   Length[0m
[0;32mI (67) boot:  0 nvs              WiFi data        01 02 00009000 00006000[0m
[0;32mI (73) boot:  1 phy_init         RF data          01 01 0000f000 00001000[0m
[0;32mI (80) boot:  2 factory          factory app      00 00 00010000 00100000[0m
[0;32mI (86) boot: End of partition table[0m
[0;32mI (90) esp_image: segment 0: paddr=00010020 vaddr=3c020020 size=0977ch ( 38780) map[0m
[0;32mI (103) esp_image: segment 1: paddr=000197a4 vaddr=3fc92400 size=04524h ( 17700) load[0m
[0;32mI (107) esp_image: segment 2: paddr=0001dcd0 vaddr=40374000 size=02348h (  9032) load[0m
[0;32mI (114) esp_image: segment 3: paddr=00020020 vaddr=42000020 size=1086ch ( 67692) map[0m
[0;32mI (130) esp_image: segment 4: paddr=00030894 vaddr=40376348 size=0bfc0h ( 49088) load[0m
[0;32mI (139) esp_image: segment 5: paddr=0003c85c vaddr=50000000 size=01024h (  4132) load[0m
[0;32mI (148) boot: Loaded app from partition at offset 0x10000[0m
[0;32mI (148) boot: Disabling RNG early entropy source...[0m
[0;32mI (158) octal_psram: vendor id    : 0x0d (AP)[0m
[0;32mI (158) octal_psram: dev id       : 0x02 (generation 3)[0m
[0;32mI (158) octal_psram: density      : 0x03 (64 Mbit)[0m
[0;32mI (160) octal_psram: good-die     : 0x01 (Pass)[0m
[0;32mI (164) octal_psram: Latency      : 0x01 (Fixed)[0m
[0;32mI (169) octal_psram: VCC          : 0x01 (3V)[0m
[0;32mI (173) octal_psram: SRF          : 0x01 (Fast Refresh)[0m
[0;32mI (178) octal_psram: BurstType    : 0x01 (Hybrid Wrap)[0m
[0;32mI (183) octal_psram: BurstLen     : 0x01 (32 Byte)[0m
[0;32mI (187) octal_psram: Readlatency  : 0x02 (10 cycles@Fixed)[0m
[0;32mI (192) octal_psram: DriveStrength: 0x00 (1/1)[0m
[0;32mI (197) MSPI Timing: Enter psram timing tuning[0m
[0;32mI (201) esp_psram: Found 8MB PSRAM device[0m
[0;32mI (204) esp_psram: Speed: 80MHz[0m
[0;32mI (207) cpu_start: Multicore app[0m
[0;32mI (643) esp_psram: SPI SRAM memory test OK[0m
[0;32mI (651) cpu_start: GPIO 44 and 43 are used as console UART I/O pins[0m
[0;32mI (652) cpu_start: Pro cpu start user code[0m
[0;32mI (652) cpu_start: cpu freq: 160000000 Hz[0m
[0;32mI (653) app_init: Application information:[0m
[0;32mI (657) app_init: Project name:     Ejercicio_4[0m
[0;32mI (661) app_init: App version:      1[0m
[0;32mI (665) app_init: Compile time:     Mar 30 2026 22:31:40[0m
[0;32mI (670) app_init: ELF file SHA256:  8f977a12c...[0m
[0;32mI (674) app_init: ESP-IDF:          v6.1-dev-2938-g12f36a021f[0m
[0;32mI (680) efuse_init: Min chip rev:     v0.0[0m
[0;32mI (683) efuse_init: Max chip rev:     v0.99 [0m
[0;32mI (687) efuse_init: Chip rev:         v0.2[0m
[0;32mI (691) heap_init: Initializing. RAM available for dynamic allocation:[0m
[0;32mI (698) heap_init: At 3FC97340 len 000523D0 (328 KiB): RAM[0m
[0;32mI (703) heap_init: At 3FCE9710 len 00005724 (21 KiB): RAM[0m
[0;32mI (708) heap_init: At 3FCF0000 len 00008000 (32 KiB): DRAM[0m
[0;32mI (713) heap_init: At 600FE000 len 00001FE8 (7 KiB): RTCRAM[0m
[0;32mI (719) esp_psram: Adding pool of 8192K of PSRAM memory to heap allocator[0m
[0;32mI (725) spi_flash: detected chip: mxic[0m
[0;32mI (728) spi_flash: flash io: qio[0m
[0;33mW (731) spi_flash: Detected size(16384k) larger than the size in the binary image header(2048k). Using the size in the binary image header.[0m
[0;32mI (744) sleep_gpio: Configure to isolate all GPIO pins in sleep state[0m
[0;32mI (750) sleep_gpio: Enable automatic switching of GPIO sleep configuration[0m
[0;32mI (757) main_task: Started on CPU0[0m
[0;32mI (777) main_task: Calling app_main()[0m
