Command: /home/diazb/esp/idf-tools/python_env/idf6.1_py3.12_env/bin/python /home/diazb/esp/esp-idf/tools/idf_monitor.py -p /dev/ttyUSB0 -b 115200 --toolchain-prefix xtensa-esp32s3-elf- --target esp32s3 --revision 0 /home/diazb/Proyecto-Sumo-grupo-Juan-Lucas-Cristobal/Lab_1/Ejercicio_7/build/Ejercicio_7.elf /home/diazb/Proyecto-Sumo-grupo-Juan-Lucas-Cristobal/Lab_1/Ejercicio_7/build/bootloader/bootloader.elf -m '/home/diazb/esp/idf-tools/python_env/idf6.1_py3.12_env/bin/python' '/home/diazb/esp/esp-idf/tools/idf.py' '-p' '/dev/ttyUSB0'
ESP-ROM:esp32s3-20210327
Build:Mar 27 2021
rst:0x1 (POWERON),boot:0x28 (SPI_FAST_FLASH_BOOT)
SPIWP:0xee
mode:DIO, clock div:1
load:0x3fce2820,len:0x14f0
load:0x403c8700,len:0xda0
load:0x403cb700,len:0x2f58
entry 0x403c8908
[0;32mI (24) boot: ESP-IDF v6.1-dev-2938-g12f36a021f 2nd stage bootloader[0m
[0;32mI (25) boot: compile time Apr 11 2026 17:35:12[0m
[0;32mI (25) boot: Multicore bootloader[0m
[0;32mI (27) boot: chip revision: v0.2[0m
[0;32mI (29) boot: efuse block revision: v1.4[0m
[0;32mI (33) boot.esp32s3: Boot SPI Speed : 80MHz[0m
[0;32mI (37) boot.esp32s3: SPI Mode       : DIO[0m
[0;32mI (41) boot.esp32s3: SPI Flash Size : 2MB[0m
[0;32mI (44) boot: Enabling RNG early entropy source...[0m
[0;32mI (49) boot: Partition Table:[0m
[0;32mI (51) boot: ## Label            Usage          Type ST Offset   Length[0m
[0;32mI (58) boot:  0 nvs              WiFi data        01 02 00009000 00006000[0m
[0;32mI (64) boot:  1 phy_init         RF data          01 01 0000f000 00001000[0m
[0;32mI (71) boot:  2 factory          factory app      00 00 00010000 00100000[0m
[0;32mI (77) boot: End of partition table[0m
[0;32mI (81) esp_image: segment 0: paddr=00010020 vaddr=3c030020 size=0d904h ( 55556) map[0m
[0;32mI (98) esp_image: segment 1: paddr=0001d92c vaddr=3fc90d00 size=026ech (  9964) load[0m
[0;32mI (100) esp_image: segment 2: paddr=00020020 vaddr=42000020 size=22430h (140336) map[0m
[0;32mI (128) esp_image: segment 3: paddr=00042458 vaddr=3fc933ec size=02f80h ( 12160) load[0m
[0;32mI (131) esp_image: segment 4: paddr=000453e0 vaddr=40374000 size=0cce0h ( 52448) load[0m
[0;32mI (144) esp_image: segment 5: paddr=000520c8 vaddr=50000000 size=00024h (    36) load[0m
[0;32mI (150) boot: Loaded app from partition at offset 0x10000[0m
[0;32mI (150) boot: Disabling RNG early entropy source...[0m
[0;32mI (161) cpu_start: Multicore app[0m
[0;32mI (170) cpu_start: GPIO 44 and 43 are used as console UART I/O pins[0m
[0;32mI (170) cpu_start: Pro cpu start user code[0m
[0;32mI (171) cpu_start: cpu freq: 160000000 Hz[0m
[0;32mI (172) app_init: Application information:[0m
[0;32mI (176) app_init: Project name:     Ejercicio_7[0m
[0;32mI (180) app_init: App version:      2f7d5eff-dirty[0m
[0;32mI (185) app_init: Compile time:     Apr 11 2026 17:35:52[0m
[0;32mI (190) app_init: ELF file SHA256:  ce55f913a...[0m
[0;32mI (194) app_init: ESP-IDF:          v6.1-dev-2938-g12f36a021f[0m
[0;32mI (199) efuse_init: Min chip rev:     v0.0[0m
[0;32mI (203) efuse_init: Max chip rev:     v0.99 [0m
[0;32mI (207) efuse_init: Chip rev:         v0.2[0m
[0;32mI (211) heap_init: Initializing. RAM available for dynamic allocation:[0m
[0;32mI (217) heap_init: At 3FC975D0 len 00052140 (328 KiB): RAM[0m
[0;32mI (223) heap_init: At 3FCE9710 len 00005724 (21 KiB): RAM[0m
[0;32mI (228) heap_init: At 3FCF0000 len 00008000 (32 KiB): DRAM[0m
[0;32mI (233) heap_init: At 600FE000 len 00001FE8 (7 KiB): RTCRAM[0m
[0;32mI (239) spi_flash: detected chip: mxic[0m
[0;32mI (242) spi_flash: flash io: dio[0m
[0;33mW (245) spi_flash: Detected size(16384k) larger than the size in the binary image header(2048k). Using the size in the binary image header.[0m
[0;32mI (257) sleep_gpio: Configure to isolate all GPIO pins in sleep state[0m
[0;32mI (263) sleep_gpio: Enable automatic switching of GPIO sleep configuration[0m
[0;32mI (270) main_task: Started on CPU0[0m
[0;32mI (290) main_task: Calling app_main()[0m
Guru Meditation Error: Core  0 panic'ed (LoadProhibited). Exception was unhandled.

Core  0 register dump:
PC      : 0x42014e68  PS      : 0x00060730  A0      : 0x8200a802  A1      : 0x3fc99dd0  
A2      : 0x3fce9a54  A3      : 0x3fc91228  A4      : 0x00000008  A5      : 0x3fce9a54  
A6      : 0x3c03cbe4  A7      : 0x3fc91228  A8      : 0x3c03cc3c  A9      : 0x00000000  
A10     : 0x3fce9a54  A11     : 0x00000060  A12     : 0x00000060  A13     : 0x00000000  
A14     : 0x00000002  A15     : 0x00000009  SAR     : 0x0000001c  EXCCAUSE: 0x0000001c  
EXCVADDR: 0x00000000  LBEG    : 0x400570e8  LEND    : 0x400570f3  LCOUNT  : 0x00000000  


Backtrace: 0x42014e65:0x3fc99dd0 0x4200a7ff:0x3fc99e10 0x42009f85:0x3fc99e40 0x42009c9a:0x3fc99e80 0x4200757b:0x3fc99ea0 0x4202007e:0x3fc99ed0




ELF file SHA256: ce55f913a

Rebooting...
ESP-ROM:esp32s3-20210327
Build:Mar 27 2021
rst:0xc (RTC_SW_CPU_RST),boot:0x28 (SPI_FAST_FLASH_BOOT)
Saved PC:0x4037b34d
SPIWP:0xee
mode:DIO, clock div:1
load:0x3fce2820,len:0x14f0
load:0x403c8700,len:0xda0
load:0x403cb700,len:0x2f58
entry 0x403c8908
[0;32mI (29) boot: ESP-IDF v6.1-dev-2938-g12f36a021f 2nd stage bootloader[0m
[0;32mI (29) boot: compile time Apr 11 2026 17:35:12[0m
[0;32mI (29) boot: Multicore bootloader[0m
[0;32mI (31) boot: chip revision: v0.2[0m
[0;32mI (34) boot: efuse block revision: v1.4[0m
[0;32mI (37) boot.esp32s3: Boot SPI Speed : 80MHz[0m
[0;32mI (41) boot.esp32s3: SPI Mode       : DIO[0m
[0;32mI (45) boot.esp32s3: SPI Flash Size : 2MB[0m
[0;32mI (49) boot: Enabling RNG early entropy source...[0m
[0;32mI (53) boot: Partition Table:[0m
[0;32mI (56) boot: ## Label            Usage          Type ST Offset   Length[0m
[0;32mI (62) boot:  0 nvs              WiFi data        01 02 00009000 00006000[0m
[0;32mI (69) boot:  1 phy_init         RF data          01 01 0000f000 00001000[0m
[0;32mI (75) boot:  2 factory          factory app      00 00 00010000 00100000[0m
[0;32mI (82) boot: End of partition table[0m
[0;32mI (85) esp_image: segment 0: paddr=00010020 vaddr=3c030020 size=0d904h ( 55556) map[0m
[0;32mI (102) esp_image: segment 1: paddr=0001d92c vaddr=3fc90d00 size=026ech (  9964) load[0m
[0;32mI (105) esp_image: segment 2: paddr=00020020 vaddr=42000020 size=22430h (140336) map[0m
[0;32mI (133) esp_image: segment 3: paddr=00042458 vaddr=3fc933ec size=02f80h ( 12160) load[0m
[0;32mI (135) esp_image: segment 4: paddr=000453e0 vaddr=40374000 size=0cce0h ( 52448) load[0m
[0;32mI (148) esp_image: segment 5: paddr=000520c8 vaddr=50000000 size=00024h (    36) load[0m
[0;32mI (154) boot: Loaded app from partition at offset 0x10000[0m
[0;32mI (155) boot: Disabling RNG early entropy source...[0m
[0;32mI (166) cpu_start: Multicore app[0m
[0;32mI (174) cpu_start: GPIO 44 and 43 are used as console UART I/O pins[0m
[0;32mI (175) cpu_start: Pro cpu start user code[0m
[0;32mI (175) cpu_start: cpu freq: 160000000 Hz[0m
[0;32mI (177) app_init: Application information:[0m
[0;32mI (180) app_init: Project name:     Ejercicio_7[0m
[0;32mI (185) app_init: App version:      2f7d5eff-dirty[0m
[0;32mI (189) app_init: Compile time:     Apr 11 2026 17:35:52[0m
[0;32mI (194) app_init: ELF file SHA256:  ce55f913a...[0m
[0;32mI (198) app_init: ESP-IDF:          v6.1-dev-2938-g12f36a021f[0m
[0;32mI (204) efuse_init: Min chip rev:     v0.0[0m
[0;32mI (208) efuse_init: Max chip rev:     v0.99 [0m
[0;32mI (212) efuse_init: Chip rev:         v0.2[0m
[0;32mI (216) heap_init: Initializing. RAM available for dynamic allocation:[0m
[0;32mI (222) heap_init: At 3FC975D0 len 00052140 (328 KiB): RAM[0m
[0;32mI (227) heap_init: At 3FCE9710 len 00005724 (21 KiB): RAM[0m
[0;32mI (232) heap_init: At 3FCF0000 len 00008000 (32 KiB): DRAM[0m
[0;32mI (237) heap_init: At 600FE000 len 00001FE8 (7 KiB): RTCRAM[0m
[0;32mI (244) spi_flash: detected chip: mxic[0m
[0;32mI (246) spi_flash: flash io: dio[0m
[0;33mW (249) spi_flash: Detected size(16384k) larger than the size in the binary image header(2048k). Using the size in the binary image header.[0m
[0;32mI (262) sleep_gpio: Configure to isolate all GPIO pins in sleep state[0m
[0;32mI (268) sleep_gpio: Enable automatic switching of GPIO sleep configuration[0m
[0;32mI (275) main_task: Started on CPU0[0m
[0;32mI (295) main_task: Calling app_main()[0m
Guru Meditation Error: Core  0 panic'ed (LoadProhibited). Exception was unhandled.

Core  0 register dump:
PC      : 0x42014e68  PS      : 0x00060730  A0      : 0x8200a802  A1      : 0x3fc99dd0  
A2      : 0x3fce9a54  A3      : 0x3fc91228  A4      : 0x00000008  A5      : 0x3fce9a54  
A6      : 0x3c03cbe4  A7      : 0x3fc91228  A8      : 0x3c03cc3c  A9      : 0x00000000  
A10     : 0x3fce9a54  A11     : 0x00000060  A12     : 0x00000060  A13     : 0x00000000  
A14     : 0x00000002  A15     : 0x00000009  SAR     : 0x0000001c  EXCCAUSE: 0x0000001c  
EXCVADDR: 0x00000000  LBEG    : 0x400570e8  LEND    : 0x400570f3  LCOUNT  : 0x00000000  


Backtrace: 0x42014e65:0x3fc99dd0 0x4200a7ff:0x3fc99e10 0x42009f85:0x3fc99e40 0x42009c9a:0x3fc99e80 0x4200757b:0x3fc99ea0 0x4202007e:0x3fc99ed0




ELF file SHA256: ce55f913a

Rebooting...
���ESP-ROM:esp32s3-20210327
Build:Mar 27 2021
rst:0xc (RTC_SW_CPU_RST),boot:0x28 (SPI_FAST_FLASH_BOOT)
Saved PC:0x4037b34d
SPIWP:0xee
mode:DIO, clock div:1
load:0x3fce2820,len:0x14f0
load:0x403c8700,len:0xda0
load:0x403cb700,len:0x2f58
entry 0x403c8908
[0;32mI (29) boot: ESP-IDF v6.1-dev-2938-g12f36a021f 2nd stage bootloader[0m
[0;32mI (29) boot: compile time Apr 11 2026 17:35:12[0m
[0;32mI (29) boot: Multicore bootloader[0m
[0;32mI (31) boot: chip revision: v0.2[0m
[0;32mI (34) boot: efuse block revision: v1.4[0m
[0;32mI (37) boot.esp32s3: Boot SPI Speed : 80MHz[0m
[0;32mI (41) boot.esp32s3: SPI Mode       : DIO[0m
[0;32mI (45) boot.esp32s3: SPI Flash Size : 2MB[0m
[0;32mI (49) boot: Enabling RNG early entropy source...[0m
[0;32mI (53) boot: Partition Table:[0m
[0;32mI (56) boot: ## Label            Usage          Type ST Offset   Length[0m
[0;32mI (62) boot:  0 nvs              WiFi data        01 02 00009000 00006000[0m
[0;32mI (69) boot:  1 phy_init         RF data          01 01 0000f000 00001000[0m
[0;32mI (75) boot:  2 factory          factory app      00 00 00010000 00100000[0m
[0;32mI (82) boot: End of partition table[0m
[0;32mI (85) esp_image: segment 0: paddr=00010020 vaddr=3c030020 size=0d904h ( 55556) map[0m
[0;32mI (102) esp_image: segment 1: paddr=0001d92c vaddr=3fc90d00 size=026ech (  9964) load[0m
[0;32mI (105) esp_image: segment 2: paddr=00020020 vaddr=42000020 size=22430h (140336) map[0m
[0;32mI (133) esp_image: segment 3: paddr=00042458 vaddr=3fc933ec size=02f80h ( 12160) load[0m
[0;32mI (135) esp_image: segment 4: paddr=000453e0 vaddr=40374000 size=0cce0h ( 52448) load[0m
[0;32mI (148) esp_image: segment 5: paddr=000520c8 vaddr=50000000 size=00024h (    36) load[0m
[0;32mI (154) boot: Loaded app from partition at offset 0x10000[0m
[0;32mI (155) boot: Disabling RNG early entropy source...[0m
[0;32mI (166) cpu_start: Multicore app[0m
[0;32mI (174) cpu_start: GPIO 44 and 43 are used as console UART I/O pins[0m
[0;32mI (175) cpu_start: Pro cpu start user code[0m
[0;32mI (175) cpu_start: cpu freq: 160000000 Hz[0m
[0;32mI (177) app_init: Application information:[0m
[0;32mI (180) app_init: Project name:     Ejercicio_7[0m
[0;32mI (185) app_init: App version:      2f7d5eff-dirty[0m
[0;32mI (189) app_init: Compile time:     Apr 11 2026 17:35:52[0m
[0;32mI (194) app_init: ELF file SHA256:  ce55f913a...[0m
[0;32mI (198) app_init: ESP-IDF:          v6.1-dev-2938-g12f36a021f[0m
[0;32mI (204) efuse_init: Min chip rev:     v0.0[0m
[0;32mI (208) efuse_init: Max chip rev:     v0.99 [0m
[0;32mI (212) efuse_init: Chip rev:         v0.2[0m
[0;32mI (216) heap_init: Initializing. RAM available for dynamic allocation:[0m
[0;32mI (222) heap_init: At 3FC975D0 len 00052140 (328 KiB): RAM[0m
[0;32mI (227) heap_init: At 3FCE9710 len 00005724 (21 KiB): RAM[0m
[0;32mI (232) heap_init: At 3FCF0000 len 00008000 (32 KiB): DRAM[0m
[0;32mI (237) heap_init: At 600FE000 len 00001FE8 (7 KiB): RTCRAM[0m
[0;32mI (244) spi_flash: detected chip: mxic[0m
[0;32mI (246) spi_flash: flash io: dio[0m
[0;33mW (249) spi_flash: Detected size(16384k) larger than the size in the binary image header(2048k). Using the size in the binary image header.[0m
[0;32mI (262) sleep_gpio: Configure to isolate all GPIO pins in sleep state[0m
[0;32mI (268) sleep_gpio: Enable automatic switching of GPIO sleep configuration[0m
[0;32mI (275) main_task: Started on CPU0[0m
[0;32mI (295) main_task: Calling app_main()[0m
Guru Meditation Error: Core  0 panic'ed (LoadProhibited). Exception was unhandled.

Core  0 register dump:
PC      : 0x42014e68  PS      : 0x00060730  A0      : 0x8200a802  A1      : 0x3fc99dd0  
A2      : 0x3fce9a54  A3      : 0x3fc91228  A4      : 0x00000008  A5      : 0x3fce9a54  
A6      : 0x3c03cbe4  A7      : 0x3fc91228  A8      : 0x3c03cc3c  A9      : 0x00000000  
A10     : 0x3fce9a54  A11     : 0x00000060  A12     : 0x00000060  A13     : 0x00000000  
A14     : 0x00000002  A15     : 0x00000009  SAR     : 0x0000001c  EXCCAUSE: 0x0000001c  
EXCVADDR: 0x00000000  LBEG    : 0x400570e8  LEND    : 0x400570f3  LCOUNT  : 0x00000000  


Backtrace: 0x42014e65:0x3fc99dd0 0x4200a7ff:0x3fc99e10 0x42009f85:0x3fc99e40 0x42009c9a:0x3fc99e80 0x4200757b:0x3fc99ea0 0x4202007e:0x3fc99ed0




ELF file SHA256: ce55f913a

Rebooting...
���ESP-ROM:esp32s3-20210327
Build:Mar 27 2021
rst:0xc (RTC_SW_CPU_RST),boot:0x28 (SPI_FAST_FLASH_BOOT)
Saved PC:0x4037b34d
SPIWP:0xee
mode:DIO, clock div:1
load:0x3fce2820,len:0x14f0
load:0x403c8700,len:0xda0
load:0x403cb700,len:0x2f58
entry 0x403c8908
[0;32mI (29) boot: ESP-IDF v6.1-dev-2938-g12f36a021f 2nd stage bootloader[0m
[0;32mI (29) boot: compile time Apr 11 2026 17:35:12[0m
[0;32mI (29) boot: Multicore bootloader[0m
[0;32mI (31) boot: chip revision: v0.2[0m
I (34) boot: efuse block revision: v1.4
[0;32mI (37) boot.esp32s3: Boot SPI Speed : 80MHz[0m
[0;32mI (41) boot.esp32s3: SPI Mode       : DIO[0m
[0;32mI (45) boot.esp32s3: SPI Flash Size : 2MB[0m
[0;32mI (49) boot: Enabling RNG early entropy source...[0m
[0;32mI (53) boot: Partition Table:[0m
[0;32mI (56) boot: ## Label            Usage          Type ST Offset   Length[0m
[0;32mI (62) boot:  0 nvs              WiFi data        01 02 00009000 00006000[0m
[0;32mI (69) boot:  1 phy_init         RF data          01 01 0000f000 00001000[0m
[0;32mI (75) boot:  2 factory          factory app      00 00 00010000 00100000[0m
[0;32mI (82) boot: End of partition table[0m
[0;32mI (85) esp_image: segment 0: paddr=00010020 vaddr=3c030020 size=0d904h ( 55556) map[0m
[0;32mI (102) esp_image: segment 1: paddr=0001d92c vaddr=3fc90d00 size=026ech (  9964) load[0m
[0;32mI (105) esp_image: segment 2: paddr=00020020 vaddr=42000020 size=22430h (140336) map[0m
[0;32mI (133) esp_image: segment 3: paddr=00042458 vaddr=3fc933ec size=02f80h ( 12160) load[0m
[0;32mI (135) esp_image: segment 4: paddr=000453e0 vaddr=40374000 size=0cce0h ( 52448) load[0m
[0;32mI (148) esp_image: segment 5: paddr=000520c8 vaddr=50000000 size=00024h (    36) load[0m
[0;32mI (154) boot: Loaded app from partition at offset 0x10000[0m
[0;32mI (155) boot: Disabling RNG early entropy source...[0m
[0;32mI (166) cpu_start: Multicore app[0m
[0;32mI (174) cpu_start: GPIO 44 and 43 are used as console UART I/O pins[0m
[0;32mI (175) cpu_start: Pro cpu start user code[0m
[0;32mI (175) cpu_start: cpu freq: 160000000 Hz[0m
[0;32mI (177) app_init: Application information:[0m
[0;32mI (180) app_init: Project name:     Ejercicio_7[0m
[0;32mI (185) app_init: App version:      2f7d5eff-dirty[0m
[0;32mI (189) app_init: Compile time:     Apr 11 2026 17:35:52[0m
[0;32mI (194) app_init: ELF file SHA256:  ce55f913a...[0m
[0;32mI (198) app_init: ESP-IDF:          v6.1-dev-2938-g12f36a021f[0m
[0;32mI (204) efuse_init: Min chip rev:     v0.0[0m
[0;32mI (208) efuse_init: Max chip rev:     v0.99 [0m
[0;32mI (212) efuse_init: Chip rev:         v0.2[0m
[0;32mI (216) heap_init: Initializing. RAM available for dynamic allocation:[0m
[0;32mI (222) heap_init: At 3FC975D0 len 00052140 (328 KiB): RAM[0m
[0;32mI (227) heap_init: At 3FCE9710 len 00005724 (21 KiB): RAM[0m
[0;32mI (232) heap_init: At 3FCF0000 len 00008000 (32 KiB): DRAM[0m
[0;32mI (237) heap_init: At 600FE000 len 00001FE8 (7 KiB): RTCRAM[0m
[0;32mI (244) spi_flash: detected chip: mxic[0m
[0;32mI (246) spi_flash: flash io: dio[0m
[0;33mW (249) spi_flash: Detected size(16384k) larger than the size in the binary image header(2048k). Using the size in the binary image header.[0m
[0;32mI (262) sleep_gpio: Configure to isolate all GPIO pins in sleep state[0m
[0;32mI (268) sleep_gpio: Enable automatic switching of GPIO sleep configuration[0m
[0;32mI (275) main_task: Started on CPU0[0m
[0;32mI (295) main_task: Calling app_main()[0m
Guru Meditation Error: Core  0 panic'ed (LoadProhibited). Exception was unhandled.

Core  0 register dump:
PC      : 0x42014e68  PS      : 0x00060730  A0      : 0x8200a802  A1      : 0x3fc99dd0  
A2      : 0x3fce9a54  A3      : 0x3fc91228  A4      : 0x00000008  A5      : 0x3fce9a54  
A6      : 0x3c03cbe4  A7      : 0x3fc91228  A8      : 0x3c03cc3c  A9      : 0x00000000  
A10     : 0x3fce9a54  A11     : 0x00000060  A12     : 0x00000060  A13     : 0x00000000  
A14     : 0x00000002  A15     : 0x00000009  SAR     : 0x0000001c  EXCCAUSE: 0x0000001c  
EXCVADDR: 0x00000000  LBEG    : 0x400570e8  LEND    : 0x400570f3  LCOUNT  : 0x00000000  


Backtrace: 0x42014e65:0x3fc99dd0 0x4200a7ff:0x3fc99e10 0x42009f85:0x3fc99e40 0x42009c9a:0x3fc99e80 0x4200757b:0x3fc99ea0 0x4202007e:0x3fc99ed0




ELF file SHA256: ce55f913a

Rebooting...
���ESP-ROM:esp32s3-20210327
Build:Mar 27 2021
rst:0xc (RTC_SW_CPU_RST),boot:0x28 (SPI_FAST_FLASH_BOOT)
Saved PC:0x4037b34d
SPIWP:0xee
mode:DIO, clock div:1
load:0x3fce2820,len:0x14f0
load:0x403c8700,len:0xda0
load:0x403cb700,len:0x2f58
entry 0x403c8908
[0;32mI (29) boot: ESP-IDF v6.1-dev-2938-g12f36a021f 2nd stage bootloader[0m
[0;32mI (29) boot: compile time Apr 11 2026 17:35:12[0m
[0;32mI (29) boot: Multicore bootloader[0m
[0;32mI (31) boot: chip revision: v0.2[0m
[0;32mI (34) boot: efuse block revision: v1.4[0m
[0;32mI (37) boot.esp32s3: Boot SPI Speed : 80MHz[0m
[0;32mI (41) boot.esp32s3: SPI Mode       : DIO[0m
[0;32mI (45) boot.esp32s3: SPI Flash Size : 2MB[0m
[0;32mI (49) boot: Enabling RNG early entropy source...[0m
[0;32mI (53) boot: Partition Table:[0m
[0;32mI (56) boot: ## Label            Usage          Type ST Offset   Length[0m
[0;32mI (62) boot:  0 nvs              WiFi data        01 02 00009000 00006000[0m
[0;32mI (69) boot:  1 phy_init         RF data          01 01 0000f000 00001000[0m
[0;32mI (75) boot:  2 factory          factory app      00 00 00010000 00100000[0m
[0;32mI (82) boot: End of partition table[0m
[0;32mI (85) esp_image: segment 0: paddr=00010020 vaddr=3c030020 size=0d904h ( 55556) map[0m
[0;32mI (102) esp_image: segment 1: paddr=0001d92c vaddr=3fc90d00 size=026ech (  9964) load[0m
[0;32mI (105) esp_image: segment 2: paddr=00020020 vaddr=42000020 size=22430h (140336) map[0m
[0;32mI (133) esp_image: segment 3: paddr=00042458 vaddr=3fc933ec size=02f80h ( 12160) load[0m
[0;32mI (135) esp_image: segment 4: paddr=000453e0 vaddr=40374000 size=0cce0h ( 52448) load[0m
[0;32mI (148) esp_image: segment 5: paddr=000520c8 vaddr=50000000 size=00024h (    36) load[0m
[0;32mI (154) boot: Loaded app from partition at offset 0x10000[0m
[0;32mI (155) boot: Disabling RNG early entropy source...[0m
[0;32mI (166) cpu_start: Multicore app[0m
[0;32mI (174) cpu_start: GPIO 44 and 43 are used as console UART I/O pins[0m
[0;32mI (175) cpu_start: Pro cpu start user code[0m
[0;32mI (175) cpu_start: cpu freq: 160000000 Hz[0m
[0;32mI (177) app_init: Application information:[0m
[0;32mI (180) app_init: Project name:     Ejercicio_7[0m
[0;32mI (185) app_init: App version:      2f7d5eff-dirty[0m
[0;32mI (189) app_init: Compile time:     Apr 11 2026 17:35:52[0m
[0;32mI (194) app_init: ELF file SHA256:  ce55f913a...[0m
[0;32mI (198) app_init: ESP-IDF:          v6.1-dev-2938-g12f36a021f[0m
[0;32mI (204) efuse_init: Min chip rev:     v0.0[0m
[0;32mI (208) efuse_init: Max chip rev:     v0.99 [0m
[0;32mI (212) efuse_init: Chip rev:         v0.2[0m
[0;32mI (216) heap_init: Initializing. RAM available for dynamic allocation:[0m
[0;32mI (222) heap_init: At 3FC975D0 len 00052140 (328 KiB): RAM[0m
[0;32mI (227) heap_init: At 3FCE9710 len 00005724 (21 KiB): RAM[0m
[0;32mI (232) heap_init: At 3FCF0000 len 00008000 (32 KiB): DRAM[0m
[0;32mI (237) heap_init: At 600FE000 len 00001FE8 (7 KiB): RTCRAM[0m
[0;32mI (244) spi_flash: detected chip: mxic[0m
[0;32mI (246) spi_flash: flash io: dio[0m
[0;33mW (249) spi_flash: Detected size(16384k) larger than the size in the binary image header(2048k). Using the size in the binary image header.[0m
[0;32mI (262) sleep_gpio: Configure to isolate all GPIO pins in sleep state[0m
[0;32mI (268) sleep_gpio: Enable automatic switching of GPIO sleep configuration[0m
[0;32mI (275) main_task: Started on CPU0[0m
[0;32mI (295) main_task: Calling app_main()[0m
Guru Meditation Error: Core  0 panic'ed (LoadProhibited). Exception was unhandled.

Core  0 register dump:
PC      : 0x42014e68  PS      : 0x00060730  A0      : 0x8200a802  A1      : 0x3fc99dd0  
A2      : 0x3fce9a54  A3      : 0x3fc91228  A4      : 0x00000008  A5      : 0x3fce9a54  
A6      : 0x3c03cbe4  A7      : 0x3fc91228  A8      : 0x3c03cc3c  A9      : 0x00000000  
A10     : 0x3fce9a54  A11     : 0x00000060  A12     : 0x00000060  A13     : 0x00000000  
A14     : 0x00000002  A15     : 0x00000009  SAR     : 0x0000001c  EXCCAUSE: 0x0000001c  
EXCVADDR: 0x00000000  LBEG    : 0x400570e8  LEND    : 0x400570f3  LCOUNT  : 0x00000000  


Backtrace: 0x42014e65:0x3fc99dd0 0x4200a7ff:0x3fc99e10 0x42009f85:0x3fc99e40 0x42009c9a:0x3fc99e80 0x4200757b:0x3fc99ea0 0x4202007e:0x3fc99ed0




ELF file SHA256: ce55f913a

Rebooting...
���ESP-ROM:esp32s3-20210327
Build:Mar 27 2021
rst:0xc (RTC_SW_CPU_RST),boot:0x28 (SPI_FAST_FLASH_BOOT)
Saved PC:0x4037b34d
SPIWP:0xee
mode:DIO, clock div:1
load:0x3fce2820,len:0x14f0
load:0x403c8700,len:0xda0
load:0x403cb700,len:0x2f58
entry 0x403c8908
[0;32mI (29) boot: ESP-IDF v6.1-dev-2938-g12f36a021f 2nd stage bootloader[0m
[0;32mI (29) boot: compile time Apr 11 2026 17:35:12[0m
[0;32mI (29) boot: Multicore bootloader[0m
[0;32mI (31) boot: chip revision: v0.2[0m
[0;32mI (34) boot: efuse block revision: v1.4[0m
[0;32mI (37) boot.esp32s3: Boot SPI Speed : 80MHz[0m
[0;32mI (41) boot.esp32s3: SPI Mode       : DIO[0m
[0;32mI (45) boot.esp32s3: SPI Flash Size : 2MB[0m
[0;32mI (49) boot: Enabling RNG early entropy source...[0m
[0;32mI (53) boot: Partition Table:[0m
[0;32mI (56) boot: ## Label            Usage          Type ST Offset   Length[0m
[0;32mI (62) boot:  0 nvs              WiFi data        01 02 00009000 00006000[0m
[0;32mI (69) boot:  1 phy_init         RF data          01 01 0000f000 00001000[0m
[0;32mI (75) boot:  2 factory          factory app      00 00 00010000 00100000[0m
[0;32mI (82) boot: End of partition table[0m
[0;32mI (85) esp_image: segment 0: paddr=00010020 vaddr=3c030020 size=0d904h ( 55556) map[0m
[0;32mI (102) esp_image: segment 1: paddr=0001d92c vaddr=3fc90d00 size=026ech (  9964) load[0m
[0;32mI (105) esp_image: segment 2: paddr=00020020 vaddr=42000020 size=22430h (140336) map[0m
[0;32mI (133) esp_image: segment 3: paddr=00042458 vaddr=3fc933ec size=02f80h ( 12160) load[0m
[0;32mI (135) esp_image: segment 4: paddr=000453e0 vaddr=40374000 size=0cce0h ( 52448) load[0m
[0;32mI (148) esp_image: segment 5: paddr=000520c8 vaddr=50000000 size=00024h (    36) load[0m
[0;32mI (154) boot: Loaded app from partition at offset 0x10000[0m
[0;32mI (155) boot: Disabling RNG early entropy source...[0m
[0;32mI (166) cpu_start: Multicore app[0m
[0;32mI (174) cpu_start: GPIO 44 and 43 are used as console UART I/O pins[0m
[0;32mI (175) cpu_start: Pro cpu start user code[0m
[0;32mI (175) cpu_start: cpu freq: 160000000 Hz[0m
[0;32mI (177) app_init: Application information:[0m
[0;32mI (180) app_init: Project name:     Ejercicio_7[0m
[0;32mI (185) app_init: App version:      2f7d5eff-dirty[0m
[0;32mI (189) app_init: Compile time:     Apr 11 2026 17:35:52[0m
[0;32mI (194) app_init: ELF file SHA256:  ce55f913a...[0m
[0;32mI (198) app_init: ESP-IDF:          v6.1-dev-2938-g12f36a021f[0m
[0;32mI (204) efuse_init: Min chip rev:     v0.0[0m
[0;32mI (208) efuse_init: Max chip rev:     v0.99 [0m
[0;32mI (212) efuse_init: Chip rev:         v0.2[0m
[0;32mI (216) heap_init: Initializing. RAM available for dynamic allocation:[0m
[0;32mI (222) heap_init: At 3FC975D0 len 00052140 (328 KiB): RAM[0m
[0;32mI (227) heap_init: At 3FCE9710 len 00005724 (21 KiB): RAM[0m
[0;32mI (232) heap_init: At 3FCF0000 len 00008000 (32 KiB): DRAM[0m
[0;32mI (237) heap_init: At 600FE000 len 00001FE8 (7 KiB): RTCRAM[0m
[0;32mI (244) spi_flash: detected chip: mxic[0m
[0;32mI (246) spi_flash: flash io: dio[0m
[0;33mW (249) spi_flash: Detected size(16384k) larger than the size in the binary image header(2048k). Using the size in the binary image header.[0m
[0;32mI (262) sleep_gpio: Configure to isolate all GPIO pins in sleep state[0m
[0;32mI (268) sleep_gpio: Enable automatic switching of GPIO sleep configuration[0m
[0;32mI (275) main_task: Started on CPU0[0m
[0;32mI (295) main_task: Calling app_main()[0m
Guru Meditation Error: Core  0 panic'ed (LoadProhibited). Exception was unhandled.

Core  0 register dump:
PC      : 0x42014e68  PS      : 0x00060730  A0      : 0x8200a802  A1      : 0x3fc99dd0  
A2      : 0x3fce9a54  A3      : 0x3fc91228  A4      : 0x00000008  A5      : 0x3fce9a54  
A6      : 0x3c03cbe4  A7      : 0x3fc91228  A8      : 0x3c03cc3c  A9      : 0x00000000  
A10     : 0x3fce9a54  A11     : 0x00000060  A12     : 0x00000060  A13     : 0x00000000  
A14     : 0x00000002  A15     : 0x00000009  SAR     : 0x0000001c  EXCCAUSE: 0x0000001c  
EXCVADDR: 0x00000000  LBEG    : 0x400570e8  LEND    : 0x400570f3  LCOUNT  : 0x00000000  


Backtrace: 0x42014e65:0x3fc99dd0 0x4200a7ff:0x3fc99e10 0x42009f85:0x3fc99e40 0x42009c9a:0x3fc99e80 0x4200757b:0x3fc99ea0 0x4202007e:0x3fc99ed0




ELF file SHA256: ce55f913a

Rebooting...
���ESP-ROM:esp32s3-20210327
Build:Mar 27 2021
rst:0xc (RTC_SW_CPU_RST),boot:0x28 (SPI_FAST_FLASH_BOOT)
Saved PC:0x4037b34d
SPIWP:0xee
mode:DIO, clock div:1
load:0x3fce2820,len:0x14f0
load:0x403c8700,len:0xda0
load:0x403cb700,len:0x2f58
entry 0x403c8908
[0;32mI (29) boot: ESP-IDF v6.1-dev-2938-g12f36a021f 2nd stage bootloader[0m
[0;32mI (29) boot: compile time Apr 11 2026 17:35:12[0m
[0;32mI (29) boot: Multicore bootloader[0m
[0;32mI (31) boot: chip revision: v0.2[0m
[0;32mI (34) boot: efuse block revision: v1.4[0m
[0;32mI (37) boot.esp32s3: Boot SPI Speed : 80MHz[0m
[0;32mI (41) boot.esp32s3: SPI Mode       : DIO[0m
[0;32mI (45) boot.esp32s3: SPI Flash Size : 2MB[0m
[0;32mI (49) boot: Enabling RNG early entropy source...[0m
[0;32mI (53) boot: Partition Table:[0m
[0;32mI (56) boot: ## Label            Usage          Type ST Offset   Length[0m
[0;32mI (62) boot:  0 nvs              WiFi data        01 02 00009000 00006000[0m
[0;32mI (69) boot:  1 phy_init         RF data          01 01 0000f000 00001000[0m
[0;32mI (75) boot:  2 factory          factory app      00 00 00010000 00100000[0m
[0;32mI (82) boot: End of partition table[0m
[0;32mI (85) esp_image: segment 0: paddr=00010020 vaddr=3c030020 size=0d904h ( 55556) map[0m
[0;32mI (102) esp_image: segment 1: paddr=0001d92c vaddr=3fc90d00 size=026ech (  9964) load[0m
[0;32mI (105) esp_image: segment 2: paddr=00020020 vaddr=42000020 size=22430h (140336) map[0m
[0;32mI (133) esp_image: segment 3: paddr=00042458 vaddr=3fc933ec size=02f80h ( 12160) load[0m
[0;32mI (135) esp_image: segment 4: paddr=000453e0 vaddr=40374000 size=0cce0h ( 52448) load[0m
[0;32mI (148) esp_image: segment 5: paddr=000520c8 vaddr=50000000 size=00024h (    36) load[0m
[0;32mI (154) boot: Loaded app from partition at offset 0x10000[0m
[0;32mI (155) boot: Disabling RNG early entropy source...[0m
[0;32mI (166) cpu_start: Multicore app[0m
[0;32mI (174) cpu_start: GPIO 44 and 43 are used as console UART I/O pins[0m
[0;32mI (175) cpu_start: Pro cpu start user code[0m
[0;32mI (175) cpu_start: cpu freq: 160000000 Hz[0m
[0;32mI (177) app_init: Application information:[0m
[0;32mI (180) app_init: Project name:     Ejercicio_7[0m
[0;32mI (185) app_init: App version:      2f7d5eff-dirty[0m
[0;32mI (189) app_init: Compile time:     Apr 11 2026 17:35:52[0m
[0;32mI (194) app_init: ELF file SHA256:  ce55f913a...[0m
[0;32mI (198) app_init: ESP-IDF:          v6.1-dev-2938-g12f36a021f[0m
[0;32mI (204) efuse_init: Min chip rev:     v0.0[0m
[0;32mI (208) efuse_init: Max chip rev:     v0.99 [0m
[0;32mI (212) efuse_init: Chip rev:         v0.2[0m
[0;32mI (216) heap_init: Initializing. RAM available for dynamic allocation:[0m
[0;32mI (222) heap_init: At 3FC975D0 len 00052140 (328 KiB): RAM[0m
[0;32mI (227) heap_init: At 3FCE9710 len 00005724 (21 KiB): RAM[0m
[0;32mI (232) heap_init: At 3FCF0000 len 00008000 (32 KiB): DRAM[0m
[0;32mI (237) heap_init: At 600FE000 len 00001FE8 (7 KiB): RTCRAM[0m
[0;32mI (244) spi_flash: detected chip: mxic[0m
[0;32mI (246) spi_flash: flash io: dio[0m
[0;33mW (249) spi_flash: Detected size(16384k) larger than the size in the binary image header(2048k). Using the size in the binary image header.[0m
[0;32mI (262) sleep_gpio: Configure to isolate all GPIO pins in sleep state[0m
[0;32mI (268) sleep_gpio: Enable automatic switching of GPIO sleep configuration[0m
[0;32mI (275) main_task: Started on CPU0[0m
[0;32mI (295) main_task: Calling app_main()[0m
Guru Meditation Error: Core  0 panic'ed (LoadProhibited). Exception was unhandled.

Core  0 register dump:
PC      : 0x42014e68  PS      : 0x00060730  A0      : 0x8200a802  A1      : 0x3fc99dd0  
A2      : 0x3fce9a54  A3      : 0x3fc91228  A4      : 0x00000008  A5      : 0x3fce9a54  
A6      : 0x3c03cbe4  A7      : 0x3fc91228  A8      : 0x3c03cc3c  A9      : 0x00000000  
A10     : 0x3fce9a54  A11     : 0x00000060  A12     : 0x00000060  A13     : 0x00000000  
A14     : 0x00000002  A15     : 0x00000009  SAR     : 0x0000001c  EXCCAUSE: 0x0000001c  
EXCVADDR: 0x00000000  LBEG    : 0x400570e8  LEND    : 0x400570f3  LCOUNT  : 0x00000000  


Backtrace: 0x42014e65:0x3fc99dd0 0x4200a7ff:0x3fc99e10 0x42009f85:0x3fc99e40 0x42009c9a:0x3fc99e80 0x4200757b:0x3fc99ea0 0x4202007e:0x3fc99ed0




ELF file SHA256: ce55f913a

Rebooting...
���ESP-ROM:esp32s3-20210327
Build:Mar 27 2021
rst:0xc (RTC_SW_CPU_RST),boot:0x28 (SPI_FAST_FLASH_BOOT)
Saved PC:0x4037b34d
SPIWP:0xee
mode:DIO, clock div:1
load:0x3fce2820,len:0x14f0
load:0x403c8700,len:0xda0
load:0x403cb700,len:0x2f58
entry 0x403c8908
[0;32mI (29) boot: ESP-IDF v6.1-dev-2938-g12f36a021f 2nd stage bootloader[0m
[0;32mI (29) boot: compile time Apr 11 2026 17:35:12[0m
[0;32mI (29) boot: Multicore bootloader[0m
[0;32mI (31) boot: chip revision: v0.2[0m
[0;32mI (34) boot: efuse block revision: v1.4[0m
[0;32mI (37) boot.esp32s3: Boot SPI Speed : 80MHz[0m
[0;32mI (41) boot.esp32s3: SPI Mode       : DIO[0m
[0;32mI (45) boot.esp32s3: SPI Flash Size : 2MB[0m
[0;32mI (49) boot: Enabling RNG early entropy source...[0m
[0;32mI (53) boot: Partition Table:[0m
[0;32mI (56) boot: ## Label            Usage          Type ST Offset   Length[0m
[0;32mI (62) boot:  0 nvs              WiFi data        01 02 00009000 00006000[0m
[0;32mI (69) boot:  1 phy_init         RF data          01 01 0000f000 00001000[0m
[0;32mI (75) boot:  2 factory          factory app      00 00 00010000 00100000[0m
[0;32mI (82) boot: End of partition table[0m
[0;32mI (85) esp_image: segment 0: paddr=00010020 vaddr=3c030020 size=0d904h ( 55556) map[0m
[0;32mI (102) esp_image: segment 1: paddr=0001d92c vaddr=3fc90d00 size=026ech (  9964) load[0m
[0;32mI (105) esp_image: segment 2: paddr=00020020 vaddr=42000020 size=22430h (140336) map[0m
[0;32mI (133) esp_image: segment 3: paddr=00042458 vaddr=3fc933ec size=02f80h ( 12160) load[0m
[0;32mI (135) esp_image: segment 4: paddr=000453e0 vaddr=40374000 size=0cce0h ( 52448) load[0m
[0;32mI (148) esp_image: segment 5: paddr=000520c8 vaddr=50000000 size=00024h (    36) load[0m
[0;32mI (154) boot: Loaded app from partition at offset 0x10000[0m
[0;32mI (155) boot: Disabling RNG early entropy source...[0m
[0;32mI (166) cpu_start: Multicore app[0m
[0;32mI (174) cpu_start: GPIO 44 and 43 are used as console UART I/O pins[0m
[0;32mI (175) cpu_start: Pro cpu start user code[0m
[0;32mI (175) cpu_start: cpu freq: 160000000 Hz[0m
[0;32mI (177) app_init: Application information:[0m
[0;32mI (180) app_init: Project name:     Ejercicio_7[0m
[0;32mI (185) app_init: App version:      2f7d5eff-dirty[0m
[0;32mI (189) app_init: Compile time:     Apr 11 2026 17:35:52[0m
[0;32mI (194) app_init: ELF file SHA256:  ce55f913a...[0m
[0;32mI (198) app_init: ESP-IDF:          v6.1-dev-2938-g12f36a021f[0m
[0;32mI (204) efuse_init: Min chip rev:     v0.0[0m
[0;32mI (208) efuse_init: Max chip rev:     v0.99 [0m
[0;32mI (212) efuse_init: Chip rev:         v0.2[0m
[0;32mI (216) heap_init: Initializing. RAM available for dynamic allocation:[0m
[0;32mI (222) heap_init: At 3FC975D0 len 00052140 (328 KiB): RAM[0m
[0;32mI (227) heap_init: At 3FCE9710 len 00005724 (21 KiB): RAM[0m
[0;32mI (232) heap_init: At 3FCF0000 len 00008000 (32 KiB): DRAM[0m
[0;32mI (237) heap_init: At 600FE000 len 00001FE8 (7 KiB): RTCRAM[0m
[0;32mI (244) spi_flash: detected chip: mxic[0m
[0;32mI (246) spi_flash: flash io: dio[0m
[0;33mW (249) spi_flash: Detected size(16384k) larger than the size in the binary image header(2048k). Using the size in the binary image header.[0m
[0;32mI (262) sleep_gpio: Configure to isolate all GPIO pins in sleep state[0m
[0;32mI (268) sleep_gpio: Enable automatic switching of GPIO sleep configuration[0m
[0;32mI (275) main_task: Started on CPU0[0m
[0;32mI (295) main_task: Calling app_main()[0m
Guru Meditation Error: Core  0 panic'ed (LoadProhibited). Exception was unhandled.

Core  0 register dump:
PC      : 0x42014e68  PS      : 0x00060730  A0      : 0x8200a802  A1      : 0x3fc99dd0  
A2      : 0x3fce9a54  A3      : 0x3fc91228  A4      : 0x00000008  A5      : 0x3fce9a54  
A6      : 0x3c03cbe4  A7      : 0x3fc91228  A8      : 0x3c03cc3c  A9      : 0x00000000  
A10     : 0x3fce9a54  A11     : 0x00000060  A12     : 0x00000060  A13     : 0x00000000  
A14     : 0x00000002  A15     : 0x00000009  SAR     : 0x0000001c  EXCCAUSE: 0x0000001c  
EXCVADDR: 0x00000000  LBEG    : 0x400570e8  LEND    : 0x400570f3  LCOUNT  : 0x00000000  


Backtrace: 0x42014e65:0x3fc99dd0 0x4200a7ff:0x3fc99e10 0x42009f85:0x3fc99e40 0x42009c9a:0x3fc99e80 0x4200757b:0x3fc99ea0 0x4202007e:0x3fc99ed0




ELF file SHA256: ce55f913a

Rebooting...
���ESP-ROM:esp32s3-20210327
Build:Mar 27 2021
rst:0xc (RTC_SW_CPU_RST),boot:0x28 (SPI_FAST_FLASH_BOOT)
Saved PC:0x4037b34d
SPIWP:0xee
mode:DIO, clock div:1
load:0x3fce2820,len:0x14f0
load:0x403c8700,len:0xda0
load:0x403cb700,len:0x2f58
entry 0x403c8908
[0;32mI (29) boot: ESP-IDF v6.1-dev-2938-g12f36a021f 2nd stage bootloader[0m
[0;32mI (29) boot: compile time Apr 11 2026 17:35:12[0m
[0;32mI (29) boot: Multicore bootloader[0m
[0;32mI (31) boot: chip revision: v0.2[0m
[0;32mI (34) boot: efuse block revision: v1.4[0m
[0;32mI (37) boot.esp32s3: Boot SPI Speed : 80MHz[0m
[0;32mI (41) boot.esp32s3: SPI Mode       : DIO[0m
[0;32mI (45) boot.esp32s3: SPI Flash Size : 2MB[0m
[0;32mI (49) boot: Enabling RNG early entropy source...[0m
[0;32mI (53) boot: Partition Table:[0m
[0;32mI (56) boot: ## Label            Usage          Type ST Offset   Length[0m
[0;32mI (62) boot:  0 nvs              WiFi data        01 02 00009000 00006000[0m
[0;32mI (69) boot:  1 phy_init         RF data          01 01 0000f000 00001000[0m
[0;32mI (75) boot:  2 factory          factory app      00 00 00010000 00100000[0m
[0;32mI (82) boot: End of partition table[0m
[0;32mI (85) esp_image: segment 0: paddr=00010020 vaddr=3c030020 size=0d904h ( 55556) map[0m
[0;32mI (102) esp_image: segment 1: paddr=0001d92c vaddr=3fc90d00 size=026ech (  9964) load[0m
[0;32mI (105) esp_image: segment 2: paddr=00020020 vaddr=42000020 size=22430h (140336) map[0m
[0;32mI (133) esp_image: segment 3: paddr=00042458 vaddr=3fc933ec size=02f80h ( 12160) load[0m
[0;32mI (135) esp_image: segment 4: paddr=000453e0 vaddr=40374000 size=0cce0h ( 52448) load[0m
[0;32mI (148) esp_image: segment 5: paddr=000520c8 vaddr=50000000 size=00024h (    36) load[0m
[0;32mI (154) boot: Loaded app from partition at offset 0x10000[0m
[0;32mI (155) boot: Disabling RNG early entropy source...[0m
[0;32mI (166) cpu_start: Multicore app[0m
[0;32mI (174) cpu_start: GPIO 44 and 43 are used as console UART I/O pins[0m
[0;32mI (175) cpu_start: Pro cpu start user code[0m
[0;32mI (175) cpu_start: cpu freq: 160000000 Hz[0m
[0;32mI (177) app_init: Application information:[0m
[0;32mI (180) app_init: Project name:     Ejercicio_7[0m
[0;32mI (185) app_init: App version:      2f7d5eff-dirty[0m
[0;32mI (189) app_init: Compile time:     Apr 11 2026 17:35:52[0m
[0;32mI (194) app_init: ELF file SHA256:  ce55f913a...[0m
[0;32mI (198) app_init: ESP-IDF:          v6.1-dev-2938-g12f36a021f[0m
[0;32mI (204) efuse_init: Min chip rev:     v0.0[0m
[0;32mI (208) efuse_init: Max chip rev:     v0.99 [0m
[0;32mI (212) efuse_init: Chip rev:         v0.2[0m
[0;32mI (216) heap_init: Initializing. RAM available for dynamic allocation:[0m
[0;32mI (222) heap_init: At 3FC975D0 len 00052140 (328 KiB): RAM[0m
[0;32mI (227) heap_init: At 3FCE9710 len 00005724 (21 KiB): RAM[0m
[0;32mI (232) heap_init: At 3FCF0000 len 00008000 (32 KiB): DRAM[0m
[0;32mI (237) heap_init: At 600FE000 len 00001FE8 (7 KiB): RTCRAM[0m
[0;32mI (244) spi_flash: detected chip: mxic[0m
[0;32mI (246) spi_flash: flash io: dio[0m
[0;33mW (249) spi_flash: Detected size(16384k) larger than the size in the binary image header(2048k). Using the size in the binary image header.[0m
[0;32mI (262) sleep_gpio: Configure to isolate all GPIO pins in sleep state[0m
[0;32mI (268) sleep_gpio: Enable automatic switching of GPIO sleep configuration[0m
[0;32mI (275) main_task: Started on CPU0[0m
[0;32mI (295) main_task: Calling app_main()[0m
Guru Meditation Error: Core  0 panic'ed (LoadProhibited). Exception was unhandled.

Core  0 register dump:
PC      : 0x42014e68  PS      : 0x00060730  A0      : 0x8200a802  A1      : 0x3fc99dd0  
A2      : 0x3fce9a54  A3      : 0x3fc91228  A4      : 0x00000008  A5      : 0x3fce9a54  
A6      : 0x3c03cbe4  A7      : 0x3fc91228  A8      : 0x3c03cc3c  A9      : 0x00000000  
A10     : 0x3fce9a54  A11     : 0x00000060  A12     : 0x00000060  A13     : 0x00000000  
A14     : 0x00000002  A15     : 0x00000009  SAR     : 0x0000001c  EXCCAUSE: 0x0000001c  
EXCVADDR: 0x00000000  LBEG    : 0x400570e8  LEND    : 0x400570f3  LCOUNT  : 0x00000000  


Backtrace: 0x42014e65:0x3fc99dd0 0x4200a7ff:0x3fc99e10 0x42009f85:0x3fc99e40 0x42009c9a:0x3fc99e80 0x4200757b:0x3fc99ea0 0x4202007e:0x3fc99ed0




ELF file SHA256: ce55f913a

Rebooting...
���ESP-ROM:esp32s3-20210327
Build:Mar 27 2021
rst:0xc (RTC_SW_CPU_RST),boot:0x28 (SPI_FAST_FLASH_BOOT)
Saved PC:0x4037b34d
SPIWP:0xee
mode:DIO, clock div:1
load:0x3fce2820,len:0x14f0
load:0x403c8700,len:0xda0
load:0x403cb700,len:0x2f58
entry 0x403c8908
[0;32mI (29) boot: ESP-IDF v6.1-dev-2938-g12f36a021f 2nd stage bootloader[0m
[0;32mI (29) boot: compile time Apr 11 2026 17:35:12[0m
[0;32mI (29) boot: Multicore bootloader[0m
[0;32mI (31) boot: chip revision: v0.2[0m
[0;32mI (34) boot: efuse block revision: v1.4[0m
[0;32mI (37) boot.esp32s3: Boot SPI Speed : 80MHz[0m
[0;32mI (41) boot.esp32s3: SPI Mode       : DIO[0m
[0;32mI (45) boot.esp32s3: SPI Flash Size : 2MB[0m
[0;32mI (49) boot: Enabling RNG early entropy source...[0m
[0;32mI (53) boot: Partition Table:[0m
[0;32mI (56) boot: ## Label            Usage          Type ST Offset   Length[0m
[0;32mI (62) boot:  0 nvs              WiFi data        01 02 00009000 00006000[0m
[0;32mI (69) boot:  1 phy_init         RF data          01 01 0000f000 00001000[0m
[0;32mI (75) boot:  2 factory          factory app      00 00 00010000 00100000[0m
[0;32mI (82) boot: End of partition table[0m
[0;32mI (85) esp_image: segment 0: paddr=00010020 vaddr=3c030020 size=0d904h ( 55556) map[0m
[0;32mI (102) esp_image: segment 1: paddr=0001d92c vaddr=3fc90d00 size=026ech (  9964) load[0m
[0;32mI (105) esp_image: segment 2: paddr=00020020 vaddr=42000020 size=22430h (140336) map[0m
[0;32mI (133) esp_image: segment 3: paddr=00042458 vaddr=3fc933ec size=02f80h ( 12160) load[0m
[0;32mI (135) esp_image: segment 4: paddr=000453e0 vaddr=40374000 size=0cce0h ( 52448) load[0m
[0;32mI (148) esp_image: segment 5: paddr=000520c8 vaddr=50000000 size=00024h (    36) load[0m
[0;32mI (154) boot: Loaded app from partition at offset 0x10000[0m
[0;32mI (155) boot: Disabling RNG early entropy source...[0m
[0;32mI (166) cpu_start: Multicore app[0m
[0;32mI (174) cpu_start: GPIO 44 and 43 are used as console UART I/O pins[0m
[0;32mI (175) cpu_start: Pro cpu start user code[0m
[0;32mI (175) cpu_start: cpu freq: 160000000 Hz[0m
[0;32mI (177) app_init: Application information:[0m
[0;32mI (180) app_init: Project name:     Ejercicio_7[0m
[0;32mI (185) app_init: App version:      2f7d5eff-dirty[0m
[0;32mI (189) app_init: Compile time:     Apr 11 2026 17:35:52[0m
[0;32mI (194) app_init: ELF file SHA256:  ce55f913a...[0m
[0;32mI (198) app_init: ESP-IDF:          v6.1-dev-2938-g12f36a021f[0m
[0;32mI (204) efuse_init: Min chip rev:     v0.0[0m
[0;32mI (208) efuse_init: Max chip rev:     v0.99 [0m
[0;32mI (212) efuse_init: Chip rev:         v0.2[0m
[0;32mI (216) heap_init: Initializing. RAM available for dynamic allocation:[0m
[0;32mI (222) heap_init: At 3FC975D0 len 00052140 (328 KiB): RAM[0m
[0;32mI (227) heap_init: At 3FCE9710 len 00005724 (21 KiB): RAM[0m
[0;32mI (232) heap_init: At 3FCF0000 len 00008000 (32 KiB): DRAM[0m
[0;32mI (237) heap_init: At 600FE000 len 00001FE8 (7 KiB): RTCRAM[0m
[0;32mI (244) spi_flash: detected chip: mxic[0m
[0;32mI (246) spi_flash: flash io: dio[0m
[0;33mW (249) spi_flash: Detected size(16384k) larger than the size in the binary image header(2048k). Using the size in the binary image header.[0m
[0;32mI (262) sleep_gpio: Configure to isolate all GPIO pins in sleep state[0m
[0;32mI (268) sleep_gpio: Enable automatic switching of GPIO sleep configuration[0m
[0;32mI (275) main_task: Started on CPU0[0m
[0;32mI (295) main_task: Calling app_main()[0m
Guru Meditation Error: Core  0 panic'ed (LoadProhibited). Exception was unhandled.

Core  0 register dump:
PC      : 0x42014e68  PS      : 0x00060730  A0      : 0x8200a802  A1      : 0x3fc99dd0  
A2      : 0x3fce9a54  A3      : 0x3fc91228  A4      : 0x00000008  A5      : 0x3fce9a54  
A6      : 0x3c03cbe4  A7      : 0x3fc91228  A8      : 0x3c03cc3c  A9      : 0x00000000  
A10     : 0x3fce9a54  A11     : 0x00000060  A12     : 0x00000060  A13     : 0x00000000  
A14     : 0x00000002  A15     : 0x00000009  SAR     : 0x0000001c  EXCCAUSE: 0x0000001c  
EXCVADDR: 0x00000000  LBEG    : 0x400570e8  LEND    : 0x400570f3  LCOUNT  : 0x00000000  


Backtrace: 0x42014e65:0x3fc99dd0 0x4200a7ff:0x3fc99e10 0x42009f85:0x3fc99e40 0x42009c9a:0x3fc99e80 0x4200757b:0x3fc99ea0 0x4202007e:0x3fc99ed0




ELF file SHA256: ce55f913a

Rebooting...
���ESP-ROM:esp32s3-20210327
Build:Mar 27 2021
rst:0xc (RTC_SW_CPU_RST),boot:0x28 (SPI_FAST_FLASH_BOOT)
Saved PC:0x4037b34d
SPIWP:0xee
mode:DIO, clock div:1
load:0x3fce2820,len:0x14f0
load:0x403c8700,len:0xda0
load:0x403cb700,len:0x2f58
entry 0x403c8908
[0;32mI (29) boot: ESP-IDF v6.1-dev-2938-g12f36a021f 2nd stage bootloader[0m
[0;32mI (29) boot: compile time Apr 11 2026 17:35:12[0m
[0;32mI (29) boot: Multicore bootloader[0m
[0;32mI (31) boot: chip revision: v0.2[0m
[0;32mI (34) boot: efuse block revision: v1.4[0m
[0;32mI (37) boot.esp32s3: Boot SPI Speed : 80MHz[0m
[0;32mI (41) boot.esp32s3: SPI Mode       : DIO[0m
[0;32mI (45) boot.esp32s3: SPI Flash Size : 2MB[0m
[0;32mI (49) boot: Enabling RNG early entropy source...[0m
[0;32mI (53) boot: Partition Table:[0m
[0;32mI (56) boot: ## Label            Usage          Type ST Offset   Length[0m
[0;32mI (62) boot:  0 nvs              WiFi data        01 02 00009000 00006000[0m
[0;32mI (69) boot:  1 phy_init         RF data          01 01 0000f000 00001000[0m
[0;32mI (75) boot:  2 factory          factory app      00 00 00010000 00100000[0m
[0;32mI (82) boot: End of partition table[0m
[0;32mI (85) esp_image: segment 0: paddr=00010020 vaddr=3c030020 size=0d904h ( 55556) map[0m
[0;32mI (102) esp_image: segment 1: paddr=0001d92c vaddr=3fc90d00 size=026ech (  9964) load[0m
[0;32mI (105) esp_image: segment 2: paddr=00020020 vaddr=42000020 size=22430h (140336) map[0m
[0;32mI (133) esp_image: segment 3: paddr=00042458 vaddr=3fc933ec size=02f80h ( 12160) load[0m
[0;32mI (135) esp_image: segment 4: paddr=000453e0 vaddr=40374000 size=0cce0h ( 52448) load[0m
[0;32mI (148) esp_image: segment 5: paddr=000520c8 vaddr=50000000 size=00024h (    36) load[0m
[0;32mI (154) boot: Loaded app from partition at offset 0x10000[0m
[0;32mI (155) boot: Disabling RNG early entropy source...[0m
[0;32mI (166) cpu_start: Multicore app[0m
[0;32mI (174) cpu_start: GPIO 44 and 43 are used as console UART I/O pins[0m
[0;32mI (175) cpu_start: Pro cpu start user code[0m
[0;32mI (175) cpu_start: cpu freq: 160000000 Hz[0m
[0;32mI (177) app_init: Application information:[0m
[0;32mI (180) app_init: Project name:     Ejercicio_7[0m
[0;32mI (185) app_init: App version:      2f7d5eff-dirty[0m
[0;32mI (189) app_init: Compile time:     Apr 11 2026 17:35:52[0m
[0;32mI (194) app_init: ELF file SHA256:  ce55f913a...[0m
[0;32mI (198) app_init: ESP-IDF:          v6.1-dev-2938-g12f36a021f[0m
[0;32mI (204) efuse_init: Min chip rev:     v0.0[0m
[0;32mI (208) efuse_init: Max chip rev:     v0.99 [0m
[0;32mI (212) efuse_init: Chip rev:         v0.2[0m
I (216) heap_init: Initializing. RAM available for dynamic allocation:
[0;32mI (222) heap_init: At 3FC975D0 len 00052140 (328 KiB): RAM[0m
[0;32mI (227) heap_init: At 3FCE9710 len 00005724 (21 KiB): RAM[0m
[0;32mI (232) heap_init: At 3FCF0000 len 00008000 (32 KiB): DRAM[0m
[0;32mI (237) heap_init: At 600FE000 len 00001FE8 (7 KiB): RTCRAM[0m
[0;32mI (244) spi_flash: detected chip: mxic[0m
[0;32mI (246) spi_flash: flash io: dio[0m
[0;33mW (249) spi_flash: Detected size(16384k) larger than the size in the binary image header(2048k). Using the size in the binary image header.[0m
[0;32mI (262) sleep_gpio: Configure to isolate all GPIO pins in sleep state[0m
[0;32mI (268) sleep_gpio: Enable automatic switching of GPIO sleep configuration[0m
[0;32mI (275) main_task: Started on CPU0[0m
[0;32mI (295) main_task: Calling app_main()[0m
Guru Meditation Error: Core  0 panic'ed (LoadProhibited). Exception was unhandled.

Core  0 register dump:
PC      : 0x42014e68  PS      : 0x00060730  A0      : 0x8200a802  A1      : 0x3fc99dd0  
A2      : 0x3fce9a54  A3      : 0x3fc91228  A4      : 0x00000008  A5      : 0x3fce9a54  
A6      : 0x3c03cbe4  A7      : 0x3fc91228  A8      : 0x3c03cc3c  A9      : 0x00000000  
A10     : 0x3fce9a54  A11     : 0x00000060  A12     : 0x00000060  A13     : 0x00000000  
A14     : 0x00000002  A15     : 0x00000009  SAR     : 0x0000001c  EXCCAUSE: 0x0000001c  
EXCVADDR: 0x00000000  LBEG    : 0x400570e8  LEND    : 0x400570f3  LCOUNT  : 0x00000000  


Backtrace: 0x42014e65:0x3fc99dd0 0x4200a7ff:0x3fc99e10 0x42009f85:0x3fc99e40 0x42009c9a:0x3fc99e80 0x4200757b:0x3fc99ea0 0x4202007e:0x3fc99ed0




ELF file SHA256: ce55f913a

Rebooting...
���ESP-ROM:esp32s3-20210327
Build:Mar 27 2021
rst:0xc (RTC_SW_CPU_RST),boot:0x28 (SPI_FAST_FLASH_BOOT)
Saved PC:0x4037b34d
SPIWP:0xee
mode:DIO, clock div:1
load:0x3fce2820,len:0x14f0
load:0x403c8700,len:0xda0
load:0x403cb700,len:0x2f58
entry 0x403c8908
[0;32mI (29) boot: ESP-IDF v6.1-dev-2938-g12f36a021f 2nd stage bootloader[0m
[0;32mI (29) boot: compile time Apr 11 2026 17:35:12[0m
[0;32mI (29) boot: Multicore bootloader[0m
[0;32mI (31) boot: chip revision: v0.2[0m
[0;32mI (34) boot: efuse block revision: v1.4[0m
[0;32mI (37) boot.esp32s3: Boot SPI Speed : 80MHz[0m
[0;32mI (41) boot.esp32s3: SPI Mode       : DIO[0m
[0;32mI (45) boot.esp32s3: SPI Flash Size : 2MB[0m
[0;32mI (49) boot: Enabling RNG early entropy source...[0m
[0;32mI (53) boot: Partition Table:[0m
[0;32mI (56) boot: ## Label            Usage          Type ST Offset   Length[0m
[0;32mI (62) boot:  0 nvs              WiFi data        01 02 00009000 00006000[0m
[0;32mI (69) boot:  1 phy_init         RF data          01 01 0000f000 00001000[0m
[0;32mI (75) boot:  2 factory          factory app      00 00 00010000 00100000[0m
[0;32mI (82) boot: End of partition table[0m
[0;32mI (85) esp_image: segment 0: paddr=00010020 vaddr=3c030020 size=0d904h ( 55556) map[0m
[0;32mI (102) esp_image: segment 1: paddr=0001d92c vaddr=3fc90d00 size=026ech (  9964) load[0m
[0;32mI (105) esp_image: segment 2: paddr=00020020 vaddr=42000020 size=22430h (140336) map[0m
[0;32mI (133) esp_image: segment 3: paddr=00042458 vaddr=3fc933ec size=02f80h ( 12160) load[0m
[0;32mI (135) esp_image: segment 4: paddr=000453e0 vaddr=40374000 size=0cce0h ( 52448) load[0m
[0;32mI (148) esp_image: segment 5: paddr=000520c8 vaddr=50000000 size=00024h (    36) load[0m
[0;32mI (154) boot: Loaded app from partition at offset 0x10000[0m
[0;32mI (155) boot: Disabling RNG early entropy source...[0m
[0;32mI (166) cpu_start: Multicore app[0m
[0;32mI (174) cpu_start: GPIO 44 and 43 are used as console UART I/O pins[0m
[0;32mI (175) cpu_start: Pro cpu start user code[0m
[0;32mI (175) cpu_start: cpu freq: 160000000 Hz[0m
[0;32mI (177) app_init: Application information:[0m
[0;32mI (180) app_init: Project name:     Ejercicio_7[0m
[0;32mI (185) app_init: App version:      2f7d5eff-dirty[0m
[0;32mI (189) app_init: Compile time:     Apr 11 2026 17:35:52[0m
[0;32mI (194) app_init: ELF file SHA256:  ce55f913a...[0m
[0;32mI (198) app_init: ESP-IDF:          v6.1-dev-2938-g12f36a021f[0m
[0;32mI (204) efuse_init: Min chip rev:     v0.0[0m
[0;32mI (208) efuse_init: Max chip rev:     v0.99 [0m
[0;32mI (212) efuse_init: Chip rev:         v0.2[0m
[0;32mI (216) heap_init: Initializing. RAM available for dynamic allocation:[0m
[0;32mI (222) heap_init: At 3FC975D0 len 00052140 (328 KiB): RAM[0m
[0;32mI (227) heap_init: At 3FCE9710 len 00005724 (21 KiB): RAM[0m
[0;32mI (232) heap_init: At 3FCF0000 len 00008000 (32 KiB): DRAM[0m
[0;32mI (237) heap_init: At 600FE000 len 00001FE8 (7 KiB): RTCRAM[0m
[0;32mI (244) spi_flash: detected chip: mxic[0m
[0;32mI (246) spi_flash: flash io: dio[0m
[0;33mW (249) spi_flash: Detected size(16384k) larger than the size in the binary image header(2048k). Using the size in the binary image header.[0m
[0;32mI (262) sleep_gpio: Configure to isolate all GPIO pins in sleep state[0m
[0;32mI (268) sleep_gpio: Enable automatic switching of GPIO sleep configuration[0m
[0;32mI (275) main_task: Started on CPU0[0m
[0;32mI (295) main_task: Calling app_main()[0m
Guru Meditation Error: Core  0 panic'ed (LoadProhibited). Exception was unhandled.

Core  0 register dump:
PC      : 0x42014e68  PS      : 0x00060730  A0      : 0x8200a802  A1      : 0x3fc99dd0  
A2      : 0x3fce9a54  A3      : 0x3fc91228  A4      : 0x00000008  A5      : 0x3fce9a54  
A6      : 0x3c03cbe4  A7      : 0x3fc91228  A8      : 0x3c03cc3c  A9      : 0x00000000  
A10     : 0x3fce9a54  A11     : 0x00000060  A12     : 0x00000060  A13     : 0x00000000  
A14     : 0x00000002  A15     : 0x00000009  SAR     : 0x0000001c  EXCCAUSE: 0x0000001c  
EXCVADDR: 0x00000000  LBEG    : 0x400570e8  LEND    : 0x400570f3  LCOUNT  : 0x00000000  


Backtrace: 0x42014e65:0x3fc99dd0 0x4200a7ff:0x3fc99e10 0x42009f85:0x3fc99e40 0x42009c9a:0x3fc99e80 0x4200757b:0x3fc99ea0 0x4202007e:0x3fc99ed0




ELF file SHA256: ce55f913a

Rebooting...
���ESP-ROM:esp32s3-20210327
Build:Mar 27 2021
rst:0xc (RTC_SW_CPU_RST),boot:0x28 (SPI_FAST_FLASH_BOOT)
Saved PC:0x4037b34d
SPIWP:0xee
mode:DIO, clock div:1
load:0x3fce2820,len:0x14f0
load:0x403c8700,len:0xda0
load:0x403cb700,len:0x2f58
entry 0x403c8908
[0;32mI (29) boot: ESP-IDF v6.1-dev-2938-g12f36a021f 2nd stage bootloader[0m
[0;32mI (29) boot: compile time Apr 11 2026 17:35:12[0m
[0;32mI (29) boot: Multicore bootloader[0m
[0;32mI (31) boot: chip revision: v0.2[0m
[0;32mI (34) boot: efuse block revision: v1.4[0m
[0;32mI (37) boot.esp32s3: Boot SPI Speed : 80MHz[0m
[0;32mI (41) boot.esp32s3: SPI Mode       : DIO[0m
[0;32mI (45) boot.esp32s3: SPI Flash Size : 2MB[0m
[0;32mI (49) boot: Enabling RNG early entropy source...[0m
[0;32mI (53) boot: Partition Table:[0m
[0;32mI (56) boot: ## Label            Usage          Type ST Offset   Length[0m
[0;32mI (62) boot:  0 nvs              WiFi data        01 02 00009000 00006000[0m
[0;32mI (69) boot:  1 phy_init         RF data          01 01 0000f000 00001000[0m
[0;32mI (75) boot:  2 factory          factory app      00 00 00010000 00100000[0m
[0;32mI (82) boot: End of partition table[0m
[0;32mI (85) esp_image: segment 0: paddr=00010020 vaddr=3c030020 size=0d904h ( 55556) map[0m
[0;32mI (102) esp_image: segment 1: paddr=0001d92c vaddr=3fc90d00 size=026ech (  9964) load[0m
[0;32mI (105) esp_image: segment 2: paddr=00020020 vaddr=42000020 size=22430h (140336) map[0m
[0;32mI (133) esp_image: segment 3: paddr=00042458 vaddr=3fc933ec size=02f80h ( 12160) load[0m
[0;32mI (135) esp_image: segment 4: paddr=000453e0 vaddr=40374000 size=0cce0h ( 52448) load[0m
[0;32mI (148) esp_image: segment 5: paddr=000520c8 vaddr=50000000 size=00024h (    36) load[0m
[0;32mI (154) boot: Loaded app from partition at offset 0x10000[0m
[0;32mI (155) boot: Disabling RNG early entropy source...[0m
[0;32mI (166) cpu_start: Multicore app[0m
[0;32mI (174) cpu_start: GPIO 44 and 43 are used as console UART I/O pins[0m
[0;32mI (175) cpu_start: Pro cpu start user code[0m
[0;32mI (175) cpu_start: cpu freq: 160000000 Hz[0m
[0;32mI (177) app_init: Application information:[0m
[0;32mI (180) app_init: Project name:     Ejercicio_7[0m
[0;32mI (185) app_init: App version:      2f7d5eff-dirty[0m
[0;32mI (189) app_init: Compile time:     Apr 11 2026 17:35:52[0m
[0;32mI (194) app_init: ELF file SHA256:  ce55f913a...[0m
[0;32mI (198) app_init: ESP-IDF:          v6.1-dev-2938-g12f36a021f[0m
[0;32mI (204) efuse_init: Min chip rev:     v0.0[0m
[0;32mI (208) efuse_init: Max chip rev:     v0.99 [0m
[0;32mI (212) efuse_init: Chip rev:         v0.2[0m
[0;32mI (216) heap_init: Initializing. RAM available for dynamic allocation:[0m
[0;32mI (222) heap_init: At 3FC975D0 len 00052140 (328 KiB): RAM[0m
[0;32mI (227) heap_init: At 3FCE9710 len 00005724 (21 KiB): RAM[0m
[0;32mI (232) heap_init: At 3FCF0000 len 00008000 (32 KiB): DRAM[0m
[0;32mI (237) heap_init: At 600FE000 len 00001FE8 (7 KiB): RTCRAM[0m
[0;32mI (244) spi_flash: detected chip: mxic[0m
[0;32mI (246) spi_flash: flash io: dio[0m
[0;33mW (249) spi_flash: Detected size(16384k) larger than the size in the binary image header(2048k). Using the size in the binary image header.[0m
[0;32mI (262) sleep_gpio: Configure to isolate all GPIO pins in sleep state[0m
[0;32mI (268) sleep_gpio: Enable automatic switching of GPIO sleep configuration[0m
[0;32mI (275) main_task: Started on CPU0[0m
[0;32mI (295) main_task: Calling app_main()[0m
Guru Meditation Error: Core  0 panic'ed (LoadProhibited). Exception was unhandled.

Core  0 register dump:
PC      : 0x42014e68  PS      : 0x00060730  A0      : 0x8200a802  A1      : 0x3fc99dd0  
A2      : 0x3fce9a54  A3      : 0x3fc91228  A4      : 0x00000008  A5      : 0x3fce9a54  
A6      : 0x3c03cbe4  A7      : 0x3fc91228  A8      : 0x3c03cc3c  A9      : 0x00000000  
A10     : 0x3fce9a54  A11     : 0x00000060  A12     : 0x00000060  A13     : 0x00000000  
A14     : 0x00000002  A15     : 0x00000009  SAR     : 0x0000001c  EXCCAUSE: 0x0000001c  
EXCVADDR: 0x00000000  LBEG    : 0x400570e8  LEND    : 0x400570f3  LCOUNT  : 0x00000000  


Backtrace: 0x42014e65:0x3fc99dd0 0x4200a7ff:0x3fc99e10 0x42009f85:0x3fc99e40 0x42009c9a:0x3fc99e80 0x4200757b:0x3fc99ea0 0x4202007e:0x3fc99ed0




ELF file SHA256: ce55f913a

Rebooting...
���ESP-ROM:esp32s3-20210327
Build:Mar 27 2021
rst:0xc (RTC_SW_CPU_RST),boot:0x28 (SPI_FAST_FLASH_BOOT)
Saved PC:0x4037b34d
SPIWP:0xee
mode:DIO, clock div:1
load:0x3fce2820,len:0x14f0
load:0x403c8700,len:0xda0
load:0x403cb700,len:0x2f58
entry 0x403c8908
[0;32mI (29) boot: ESP-IDF v6.1-dev-2938-g12f36a021f 2nd stage bootloader[0m
[0;32mI (29) boot: compile time Apr 11 2026 17:35:12[0m
[0;32mI (29) boot: Multicore bootloader[0m
[0;32mI (31) boot: chip revision: v0.2[0m
[0;32mI (34) boot: efuse block revision: v1.4[0m
[0;32mI (37) boot.esp32s3: Boot SPI Speed : 80MHz[0m
[0;32mI (41) boot.esp32s3: SPI Mode       : DIO[0m
[0;32mI (45) boot.esp32s3: SPI Flash Size : 2MB[0m
[0;32mI (49) boot: Enabling RNG early entropy source...[0m
[0;32mI (53) boot: Partition Table:[0m
[0;32mI (56) boot: ## Label            Usage          Type ST Offset   Length[0m
[0;32mI (62) boot:  0 nvs              WiFi data        01 02 00009000 00006000[0m
[0;32mI (69) boot:  1 phy_init         RF data          01 01 0000f000 00001000[0m
[0;32mI (75) boot:  2 factory          factory app      00 00 00010000 00100000[0m
[0;32mI (82) boot: End of partition table[0m
[0;32mI (85) esp_image: segment 0: paddr=00010020 vaddr=3c030020 size=0d904h ( 55556) map[0m
[0;32mI (102) esp_image: segment 1: paddr=0001d92c vaddr=3fc90d00 size=026ech (  9964) load[0m
[0;32mI (105) esp_image: segment 2: paddr=00020020 vaddr=42000020 size=22430h (140336) map[0m
[0;32mI (133) esp_image: segment 3: paddr=00042458 vaddr=3fc933ec size=02f80h ( 12160) load[0m
[0;32mI (135) esp_image: segment 4: paddr=000453e0 vaddr=40374000 size=0cce0h ( 52448) load[0m
[0;32mI (148) esp_image: segment 5: paddr=000520c8 vaddr=50000000 size=00024h (    36) load[0m
[0;32mI (154) boot: Loaded app from partition at offset 0x10000[0m
[0;32mI (155) boot: Disabling RNG early entropy source...[0m
[0;32mI (166) cpu_start: Multicore app[0m
[0;32mI (174) cpu_start: GPIO 44 and 43 are used as console UART I/O pins[0m
[0;32mI (175) cpu_start: Pro cpu start user code[0m
[0;32mI (175) cpu_start: cpu freq: 160000000 Hz[0m
[0;32mI (177) app_init: Application information:[0m
[0;32mI (180) app_init: Project name:     Ejercicio_7[0m
[0;32mI (185) app_init: App version:      2f7d5eff-dirty[0m
[0;32mI (189) app_init: Compile time:     Apr 11 2026 17:35:52[0m
[0;32mI (194) app_init: ELF file SHA256:  ce55f913a...[0m
[0;32mI (198) app_init: ESP-IDF:          v6.1-dev-2938-g12f36a021f[0m
[0;32mI (204) efuse_init: Min chip rev:     v0.0[0m
[0;32mI (208) efuse_init: Max chip rev:     v0.99 [0m
[0;32mI (212) efuse_init: Chip rev:         v0.2[0m
[0;32mI (216) heap_init: Initializing. RAM available for dynamic allocation:[0m
[0;32mI (222) heap_init: At 3FC975D0 len 00052140 (328 KiB): RAM[0m
[0;32mI (227) heap_init: At 3FCE9710 len 00005724 (21 KiB): RAM[0m
[0;32mI (232) heap_init: At 3FCF0000 len 00008000 (32 KiB): DRAM[0m
[0;32mI (237) heap_init: At 600FE000 len 00001FE8 (7 KiB): RTCRAM[0m
[0;32mI (244) spi_flash: detected chip: mxic[0m
[0;32mI (246) spi_flash: flash io: dio[0m
[0;33mW (249) spi_flash: Detected size(16384k) larger than the size in the binary image header(2048k). Using the size in the binary image header.[0m
[0;32mI (262) sleep_gpio: Configure to isolate all GPIO pins in sleep state[0m
[0;32mI (268) sleep_gpio: Enable automatic switching of GPIO sleep configuration[0m
[0;32mI (275) main_task: Started on CPU0[0m
[0;32mI (295) main_task: Calling app_main()[0m
Guru Meditation Error: Core  0 panic'ed (LoadProhibited). Exception was unhandled.

Core  0 register dump:
PC      : 0x42014e68  PS      : 0x00060730  A0      : 0x8200a802  A1      : 0x3fc99dd0  
A2      : 0x3fce9a54  A3      : 0x3fc91228  A4      : 0x00000008  A5      : 0x3fce9a54  
A6      : 0x3c03cbe4  A7      : 0x3fc91228  A8      : 0x3c03cc3c  A9      : 0x00000000  
A10     : 0x3fce9a54  A11     : 0x00000060  A12     : 0x00000060  A13     : 0x00000000  
A14     : 0x00000002  A15     : 0x00000009  SAR     : 0x0000001c  EXCCAUSE: 0x0000001c  
EXCVADDR: 0x00000000  LBEG    : 0x400570e8  LEND    : 0x400570f3  LCOUNT  : 0x00000000  


Backtrace: 0x42014e65:0x3fc99dd0 0x4200a7ff:0x3fc99e10 0x42009f85:0x3fc99e40 0x42009c9a:0x3fc99e80 0x4200757b:0x3fc99ea0 0x4202007e:0x3fc99ed0




ELF file SHA256: ce55f913a

Rebooting...
���ESP-ROM:esp32s3-20210327
Build:Mar 27 2021
rst:0xc (RTC_SW_CPU_RST),boot:0x28 (SPI_FAST_FLASH_BOOT)
Saved PC:0x4037b34d
SPIWP:0xee
mode:DIO, clock div:1
load:0x3fce2820,len:0x14f0
load:0x403c8700,len:0xda0
load:0x403cb700,len:0x2f58
entry 0x403c8908
[0;32mI (29) boot: ESP-IDF v6.1-dev-2938-g12f36a021f 2nd stage bootloader[0m
[0;32mI (29) boot: compile time Apr 11 2026 17:35:12[0m
[0;32mI (29) boot: Multicore bootloader[0m
[0;32mI (31) boot: chip revision: v0.2[0m
[0;32mI (34) boot: efuse block revision: v1.4[0m
[0;32mI (37) boot.esp32s3: Boot SPI Speed : 80MHz[0m
[0;32mI (41) boot.esp32s3: SPI Mode       : DIO[0m
[0;32mI (45) boot.esp32s3: SPI Flash Size : 2MB[0m
[0;32mI (49) boot: Enabling RNG early entropy source...[0m
[0;32mI (53) boot: Partition Table:[0m
[0;32mI (56) boot: ## Label            Usage          Type ST Offset   Length[0m
[0;32mI (62) boot:  0 nvs              WiFi data        01 02 00009000 00006000[0m
[0;32mI (69) boot:  1 phy_init         RF data          01 01 0000f000 00001000[0m
[0;32mI (75) boot:  2 factory          factory app      00 00 00010000 00100000[0m
[0;32mI (82) boot: End of partition table[0m
[0;32mI (85) esp_image: segment 0: paddr=00010020 vaddr=3c030020 size=0d904h ( 55556) map[0m
[0;32mI (102) esp_image: segment 1: paddr=0001d92c vaddr=3fc90d00 size=026ech (  9964) load[0m
[0;32mI (105) esp_image: segment 2: paddr=00020020 vaddr=42000020 size=22430h (140336) map[0m
[0;32mI (133) esp_image: segment 3: paddr=00042458 vaddr=3fc933ec size=02f80h ( 12160) load[0m
[0;32mI (135) esp_image: segment 4: paddr=000453e0 vaddr=40374000 size=0cce0h ( 52448) load[0m
[0;32mI (148) esp_image: segment 5: paddr=000520c8 vaddr=50000000 size=00024h (    36) load[0m
[0;32mI (154) boot: Loaded app from partition at offset 0x10000[0m
[0;32mI (155) boot: Disabling RNG early entropy source...[0m
[0;32mI (166) cpu_start: Multicore app[0m
[0;32mI (174) cpu_start: GPIO 44 and 43 are used as console UART I/O pins[0m
[0;32mI (175) cpu_start: Pro cpu start user code[0m
[0;32mI (175) cpu_start: cpu freq: 160000000 Hz[0m
[0;32mI (177) app_init: Application information:[0m
[0;32mI (180) app_init: Project name:     Ejercicio_7[0m
[0;32mI (185) app_init: App version:      2f7d5eff-dirty[0m
[0;32mI (189) app_init: Compile time:     Apr 11 2026 17:35:52[0m
[0;32mI (194) app_init: ELF file SHA256:  ce55f913a...[0m
[0;32mI (198) app_init: ESP-IDF:          v6.1-dev-2938-g12f36a021f[0m
[0;32mI (204) efuse_init: Min chip rev:     v0.0[0m
[0;32mI (208) efuse_init: Max chip rev:     v0.99 [0m
[0;32mI (212) efuse_init: Chip rev:         v0.2[0m
[0;32mI (216) heap_init: Initializing. RAM available for dynamic allocation:[0m
[0;32mI (222) heap_init: At 3FC975D0 len 00052140 (328 KiB): RAM[0m
[0;32mI (227) heap_init: At 3FCE9710 len 00005724 (21 KiB): RAM[0m
[0;32mI (232) heap_init: At 3FCF0000 len 00008000 (32 KiB): DRAM[0m
[0;32mI (237) heap_init: At 600FE000 len 00001FE8 (7 KiB): RTCRAM[0m
[0;32mI (244) spi_flash: detected chip: mxic[0m
[0;32mI (246) spi_flash: flash io: dio[0m
[0;33mW (249) spi_flash: Detected size(16384k) larger than the size in the binary image header(2048k). Using the size in the binary image header.[0m
[0;32mI (262) sleep_gpio: Configure to isolate all GPIO pins in sleep state[0m
[0;32mI (268) sleep_gpio: Enable automatic switching of GPIO sleep configuration[0m
[0;32mI (275) main_task: Started on CPU0[0m
[0;32mI (295) main_task: Calling app_main()[0m
Guru Meditation Error: Core  0 panic'ed (LoadProhibited). Exception was unhandled.

Core  0 register dump:
PC      : 0x42014e68  PS      : 0x00060730  A0      : 0x8200a802  A1      : 0x3fc99dd0  
A2      : 0x3fce9a54  A3      : 0x3fc91228  A4      : 0x00000008  A5      : 0x3fce9a54  
A6      : 0x3c03cbe4  A7      : 0x3fc91228  A8      : 0x3c03cc3c  A9      : 0x00000000  
A10     : 0x3fce9a54  A11     : 0x00000060  A12     : 0x00000060  A13     : 0x00000000  
A14     : 0x00000002  A15     : 0x00000009  SAR     : 0x0000001c  EXCCAUSE: 0x0000001c  
EXCVADDR: 0x00000000  LBEG    : 0x400570e8  LEND    : 0x400570f3  LCOUNT  : 0x00000000  


Backtrace: 0x42014e65:0x3fc99dd0 0x4200a7ff:0x3fc99e10 0x42009f85:0x3fc99e40 0x42009c9a:0x3fc99e80 0x4200757b:0x3fc99ea0 0x4202007e:0x3fc99ed0




ELF file SHA256: ce55f913a

Rebooting...
���ESP-ROM:esp32s3-20210327
Build:Mar 27 2021
rst:0xc (RTC_SW_CPU_RST),boot:0x28 (SPI_FAST_FLASH_BOOT)
Saved PC:0x4037b34d
SPIWP:0xee
mode:DIO, clock div:1
load:0x3fce2820,len:0x14f0
load:0x403c8700,len:0xda0
load:0x403cb700,len:0x2f58
entry 0x403c8908
[0;32mI (29) boot: ESP-IDF v6.1-dev-2938-g12f36a021f 2nd stage bootloader[0m
[0;32mI (29) boot: compile time Apr 11 2026 17:35:12[0m
[0;32mI (29) boot: Multicore bootloader[0m
[0;32mI (31) boot: chip revision: v0.2[0m
[0;32mI (34) boot: efuse block revision: v1.4[0m
[0;32mI (37) boot.esp32s3: Boot SPI Speed : 80MHz[0m
[0;32mI (41) boot.esp32s3: SPI Mode       : DIO[0m
[0;32mI (45) boot.esp32s3: SPI Flash Size : 2MB[0m
[0;32mI (49) boot: Enabling RNG early entropy source...[0m
[0;32mI (53) boot: Partition Table:[0m
[0;32mI (56) boot: ## Label            Usage          Type ST Offset   Length[0m
[0;32mI (62) boot:  0 nvs              WiFi data        01 02 00009000 00006000[0m
[0;32mI (69) boot:  1 phy_init         RF data          01 01 0000f000 00001000[0m
[0;32mI (75) boot:  2 factory          factory app      00 00 00010000 00100000[0m
[0;32mI (82) boot: End of partition table[0m
[0;32mI (85) esp_image: segment 0: paddr=00010020 vaddr=3c030020 size=0d904h ( 55556) map[0m
[0;32mI (102) esp_image: segment 1: paddr=0001d92c vaddr=3fc90d00 size=026ech (  9964) load[0m
[0;32mI (105) esp_image: segment 2: paddr=00020020 vaddr=42000020 size=22430h (140336) map[0m
[0;32mI (133) esp_image: segment 3: paddr=00042458 vaddr=3fc933ec size=02f80h ( 12160) load[0m
[0;32mI (135) esp_image: segment 4: paddr=000453e0 vaddr=40374000 size=0cce0h ( 52448) load[0m
[0;32mI (148) esp_image: segment 5: paddr=000520c8 vaddr=50000000 size=00024h (    36) load[0m
[0;32mI (154) boot: Loaded app from partition at offset 0x10000[0m
[0;32mI (155) boot: Disabling RNG early entropy source...[0m
[0;32mI (166) cpu_start: Multicore app[0m
[0;32mI (174) cpu_start: GPIO 44 and 43 are used as console UART I/O pins[0m
[0;32mI (175) cpu_start: Pro cpu start user code[0m
[0;32mI (175) cpu_start: cpu freq: 160000000 Hz[0m
[0;32mI (177) app_init: Application information:[0m
[0;32mI (180) app_init: Project name:     Ejercicio_7[0m
[0;32mI (185) app_init: App version:      2f7d5eff-dirty[0m
[0;32mI (189) app_init: Compile time:     Apr 11 2026 17:35:52[0m
[0;32mI (194) app_init: ELF file SHA256:  ce55f913a...[0m
[0;32mI (198) app_init: ESP-IDF:          v6.1-dev-2938-g12f36a021f[0m
[0;32mI (204) efuse_init: Min chip rev:     v0.0[0m
[0;32mI (208) efuse_init: Max chip rev:     v0.99 [0m
[0;32mI (212) efuse_init: Chip rev:         v0.2[0m
[0;32mI (216) heap_init: Initializing. RAM available for dynamic allocation:[0m
[0;32mI (222) heap_init: At 3FC975D0 len 00052140 (328 KiB): RAM[0m
[0;32mI (227) heap_init: At 3FCE9710 len 00005724 (21 KiB): RAM[0m
[0;32mI (232) heap_init: At 3FCF0000 len 00008000 (32 KiB): DRAM[0m
[0;32mI (237) heap_init: At 600FE000 len 00001FE8 (7 KiB): RTCRAM[0m
[0;32mI (244) spi_flash: detected chip: mxic[0m
[0;32mI (246) spi_flash: flash io: dio[0m
[0;33mW (249) spi_flash: Detected size(16384k) larger than the size in the binary image header(2048k). Using the size in the binary image header.[0m
[0;32mI (262) sleep_gpio: Configure to isolate all GPIO pins in sleep state[0m
[0;32mI (268) sleep_gpio: Enable automatic switching of GPIO sleep configuration[0m
[0;32mI (275) main_task: Started on CPU0[0m
[0;32mI (295) main_task: Calling app_main()[0m
Guru Meditation Error: Core  0 panic'ed (LoadProhibited). Exception was unhandled.

Core  0 register dump:
PC      : 0x42014e68  PS      : 0x00060730  A0      : 0x8200a802  A1      : 0x3fc99dd0  
A2      : 0x3fce9a54  A3      : 0x3fc91228  A4      : 0x00000008  A5      : 0x3fce9a54  
A6      : 0x3c03cbe4  A7      : 0x3fc91228  A8      : 0x3c03cc3c  A9      : 0x00000000  
A10     : 0x3fce9a54  A11     : 0x00000060  A12     : 0x00000060  A13     : 0x00000000  
A14     : 0x00000002  A15     : 0x00000009  SAR     : 0x0000001c  EXCCAUSE: 0x0000001c  
EXCVADDR: 0x00000000  LBEG    : 0x400570e8  LEND    : 0x400570f3  LCOUNT  : 0x00000000  


Backtrace: 0x42014e65:0x3fc99dd0 0x4200a7ff:0x3fc99e10 0x42009f85:0x3fc99e40 0x42009c9a:0x3fc99e80 0x4200757b:0x3fc99ea0 0x4202007e:0x3fc99ed0




ELF file SHA256: ce55f913a

Rebooting...
���ESP-ROM:esp32s3-20210327
Build:Mar 27 2021
rst:0xc (RTC_SW_CPU_RST),boot:0x28 (SPI_FAST_FLASH_BOOT)
Saved PC:0x4037b34d
SPIWP:0xee
mode:DIO, clock div:1
load:0x3fce2820,len:0x14f0
load:0x403c8700,len:0xda0
load:0x403cb700,len:0x2f58
entry 0x403c8908
[0;32mI (29) boot: ESP-IDF v6.1-dev-2938-g12f36a021f 2nd stage bootloader[0m
[0;32mI (29) boot: compile time Apr 11 2026 17:35:12[0m
[0;32mI (29) boot: Multicore bootloader[0m
[0;32mI (31) boot: chip revision: v0.2[0m
[0;32mI (34) boot: efuse block revision: v1.4[0m
[0;32mI (37) boot.esp32s3: Boot SPI Speed : 80MHz[0m
[0;32mI (41) boot.esp32s3: SPI Mode       : DIO[0m
[0;32mI (45) boot.esp32s3: SPI Flash Size : 2MB[0m
[0;32mI (49) boot: Enabling RNG early entropy source...[0m
[0;32mI (53) boot: Partition Table:[0m
[0;32mI (56) boot: ## Label            Usage          Type ST Offset   Length[0m
[0;32mI (62) boot:  0 nvs              WiFi data        01 02 00009000 00006000[0m
[0;32mI (69) boot:  1 phy_init         RF data          01 01 0000f000 00001000[0m
[0;32mI (75) boot:  2 factory          factory app      00 00 00010000 00100000[0m
[0;32mI (82) boot: End of partition table[0m
[0;32mI (85) esp_image: segment 0: paddr=00010020 vaddr=3c030020 size=0d904h ( 55556) map[0m
[0;32mI (102) esp_image: segment 1: paddr=0001d92c vaddr=3fc90d00 size=026ech (  9964) load[0m
[0;32mI (105) esp_image: segment 2: paddr=00020020 vaddr=42000020 size=22430h (140336) map[0m
[0;32mI (133) esp_image: segment 3: paddr=00042458 vaddr=3fc933ec size=02f80h ( 12160) load[0m
[0;32mI (135) esp_image: segment 4: paddr=000453e0 vaddr=40374000 size=0cce0h ( 52448) load[0m
[0;32mI (148) esp_image: segment 5: paddr=000520c8 vaddr=50000000 size=00024h (    36) load[0m
[0;32mI (154) boot: Loaded app from partition at offset 0x10000[0m
[0;32mI (155) boot: Disabling RNG early entropy source...[0m
[0;32mI (166) cpu_start: Multicore app[0m
[0;32mI (174) cpu_start: GPIO 44 and 43 are used as console UART I/O pins[0m
[0;32mI (175) cpu_start: Pro cpu start user code[0m
[0;32mI (175) cpu_start: cpu freq: 160000000 Hz[0m
[0;32mI (177) app_init: Application information:[0m
[0;32mI (180) app_init: Project name:     Ejercicio_7[0m
[0;32mI (185) app_init: App version:      2f7d5eff-dirty[0m
[0;32mI (189) app_init: Compile time:     Apr 11 2026 17:35:52[0m
[0;32mI (194) app_init: ELF file SHA256:  ce55f913a...[0m
[0;32mI (198) app_init: ESP-IDF:          v6.1-dev-2938-g12f36a021f[0m
[0;32mI (204) efuse_init: Min chip rev:     v0.0[0m
[0;32mI (208) efuse_init: Max chip rev:     v0.99 [0m
[0;32mI (212) efuse_init: Chip rev:         v0.2[0m
[0;32mI (216) heap_init: Initializing. RAM available for dynamic allocation:[0m
[0;32mI (222) heap_init: At 3FC975D0 len 00052140 (328 KiB): RAM[0m
[0;32mI (227) heap_init: At 3FCE9710 len 00005724 (21 KiB): RAM[0m
[0;32mI (232) heap_init: At 3FCF0000 len 00008000 (32 KiB): DRAM[0m
[0;32mI (237) heap_init: At 600FE000 len 00001FE8 (7 KiB): RTCRAM[0m
[0;32mI (244) spi_flash: detected chip: mxic[0m
[0;32mI (246) spi_flash: flash io: dio[0m
[0;33mW (249) spi_flash: Detected size(16384k) larger than the size in the binary image header(2048k). Using the size in the binary image header.[0m
[0;32mI (262) sleep_gpio: Configure to isolate all GPIO pins in sleep state[0m
[0;32mI (268) sleep_gpio: Enable automatic switching of GPIO sleep configuration[0m
[0;32mI (275) main_task: Started on CPU0[0m
[0;32mI (295) main_task: Calling app_main()[0m
Guru Meditation Error: Core  0 panic'ed (LoadProhibited). Exception was unhandled.

Core  0 register dump:
PC      : 0x42014e68  PS      : 0x00060730  A0      : 0x8200a802  A1      : 0x3fc99dd0  
A2      : 0x3fce9a54  A3      : 0x3fc91228  A4      : 0x00000008  A5      : 0x3fce9a54  
A6      : 0x3c03cbe4  A7      : 0x3fc91228  A8      : 0x3c03cc3c  A9      : 0x00000000  
A10     : 0x3fce9a54  A11     : 0x00000060  A12     : 0x00000060  A13     : 0x00000000  
A14     : 0x00000002  A15     : 0x00000009  SAR     : 0x0000001c  EXCCAUSE: 0x0000001c  
EXCVADDR: 0x00000000  LBEG    : 0x400570e8  LEND    : 0x400570f3  LCOUNT  : 0x00000000  


Backtrace: 0x42014e65:0x3fc99dd0 0x4200a7ff:0x3fc99e10 0x42009f85:0x3fc99e40 0x42009c9a:0x3fc99e80 0x4200757b:0x3fc99ea0 0x4202007e:0x3fc99ed0




ELF file SHA256: ce55f913a

Rebooting...
���ESP-ROM:esp32s3-20210327
Build:Mar 27 2021
rst:0xc (RTC_SW_CPU_RST),boot:0x28 (SPI_FAST_FLASH_BOOT)
Saved PC:0x4037b34d
SPIWP:0xee
mode:DIO, clock div:1
load:0x3fce2820,len:0x14f0
load:0x403c8700,len:0xda0
load:0x403cb700,len:0x2f58
entry 0x403c8908
[0;32mI (29) boot: ESP-IDF v6.1-dev-2938-g12f36a021f 2nd stage bootloader[0m
[0;32mI (29) boot: compile time Apr 11 2026 17:35:12[0m
[0;32mI (29) boot: Multicore bootloader[0m
[0;32mI (31) boot: chip revision: v0.2[0m
[0;32mI (34) boot: efuse block revision: v1.4[0m
[0;32mI (37) boot.esp32s3: Boot SPI Speed : 80MHz[0m
[0;32mI (41) boot.esp32s3: SPI Mode       : DIO[0m
[0;32mI (45) boot.esp32s3: SPI Flash Size : 2MB[0m
[0;32mI (49) boot: Enabling RNG early entropy source...[0m
[0;32mI (53) boot: Partition Table:[0m
[0;32mI (56) boot: ## Label            Usage          Type ST Offset   Length[0m
[0;32mI (62) boot:  0 nvs              WiFi data        01 02 00009000 00006000[0m
[0;32mI (69) boot:  1 phy_init         RF data          01 01 0000f000 00001000[0m
[0;32mI (75) boot:  2 factory          factory app      00 00 00010000 00100000[0m
[0;32mI (82) boot: End of partition table[0m
[0;32mI (85) esp_image: segment 0: paddr=00010020 vaddr=3c030020 size=0d904h ( 55556) map[0m
[0;32mI (102) esp_image: segment 1: paddr=0001d92c vaddr=3fc90d00 size=026ech (  9964) load[0m
[0;32mI (105) esp_image: segment 2: paddr=00020020 vaddr=42000020 size=22430h (140336) map[0m
[0;32mI (133) esp_image: segment 3: paddr=00042458 vaddr=3fc933ec size=02f80h ( 12160) load[0m
[0;32mI (135) esp_image: segment 4: paddr=000453e0 vaddr=40374000 size=0cce0h ( 52448) load[0m
[0;32mI (148) esp_image: segment 5: paddr=000520c8 vaddr=50000000 size=00024h (    36) load[0m
[0;32mI (154) boot: Loaded app from partition at offset 0x10000[0m
[0;32mI (155) boot: Disabling RNG early entropy source...[0m
[0;32mI (166) cpu_start: Multicore app[0m
[0;32mI (174) cpu_start: GPIO 44 and 43 are used as console UART I/O pins[0m
[0;32mI (175) cpu_start: Pro cpu start user code[0m
[0;32mI (175) cpu_start: cpu freq: 160000000 Hz[0m
[0;32mI (177) app_init: Application information:[0m
[0;32mI (180) app_init: Project name:     Ejercicio_7[0m
[0;32mI (185) app_init: App version:      2f7d5eff-dirty[0m
[0;32mI (189) app_init: Compile time:     Apr 11 2026 17:35:52[0m
[0;32mI (194) app_init: ELF file SHA256:  ce55f913a...[0m
[0;32mI (198) app_init: ESP-IDF:          v6.1-dev-2938-g12f36a021f[0m
[0;32mI (204) efuse_init: Min chip rev:     v0.0[0m
[0;32mI (208) efuse_init: Max chip rev:     v0.99 [0m
[0;32mI (212) efuse_init: Chip rev:         v0.2[0m
[0;32mI (216) heap_init: Initializing. RAM available for dynamic allocation:[0m
[0;32mI (222) heap_init: At 3FC975D0 len 00052140 (328 KiB): RAM[0m
[0;32mI (227) heap_init: At 3FCE9710 len 00005724 (21 KiB): RAM[0m
[0;32mI (232) heap_init: At 3FCF0000 len 00008000 (32 KiB): DRAM[0m
[0;32mI (237) heap_init: At 600FE000 len 00001FE8 (7 KiB): RTCRAM[0m
[0;32mI (244) spi_flash: detected chip: mxic[0m
[0;32mI (246) spi_flash: flash io: dio[0m
[0;33mW (249) spi_flash: Detected size(16384k) larger than the size in the binary image header(2048k). Using the size in the binary image header.[0m
[0;32mI (262) sleep_gpio: Configure to isolate all GPIO pins in sleep state[0m
[0;32mI (268) sleep_gpio: Enable automatic switching of GPIO sleep configuration[0m
[0;32mI (275) main_task: Started on CPU0[0m
[0;32mI (295) main_task: Calling app_main()[0m
Guru Meditation Error: Core  0 panic'ed (LoadProhibited). Exception was unhandled.

Core  0 register dump:
PC      : 0x42014e68  PS      : 0x00060730  A0      : 0x8200a802  A1      : 0x3fc99dd0  
A2      : 0x3fce9a54  A3      : 0x3fc91228  A4      : 0x00000008  A5      : 0x3fce9a54  
A6      : 0x3c03cbe4  A7      : 0x3fc91228  A8      : 0x3c03cc3c  A9      : 0x00000000  
A10     : 0x3fce9a54  A11     : 0x00000060  A12     : 0x00000060  A13     : 0x00000000  
A14     : 0x00000002  A15     : 0x00000009  SAR     : 0x0000001c  EXCCAUSE: 0x0000001c  
EXCVADDR: 0x00000000  LBEG    : 0x400570e8  LEND    : 0x400570f3  LCOUNT  : 0x00000000  


Backtrace: 0x42014e65:0x3fc99dd0 0x4200a7ff:0x3fc99e10 0x42009f85:0x3fc99e40 0x42009c9a:0x3fc99e80 0x4200757b:0x3fc99ea0 0x4202007e:0x3fc99ed0




ELF file SHA256: ce55f913a

Rebooting...
���ESP-ROM:esp32s3-20210327
Build:Mar 27 2021
rst:0xc (RTC_SW_CPU_RST),boot:0x28 (SPI_FAST_FLASH_BOOT)
Saved PC:0x4037b34d
SPIWP:0xee
mode:DIO, clock div:1
load:0x3fce2820,len:0x14f0
load:0x403c8700,len:0xda0
load:0x403cb700,len:0x2f58
entry 0x403c8908
[0;32mI (29) boot: ESP-IDF v6.1-dev-2938-g12f36a021f 2nd stage bootloader[0m
[0;32mI (29) boot: compile time Apr 11 2026 17:35:12[0m
[0;32mI (29) boot: Multicore bootloader[0m
[0;32mI (31) boot: chip revision: v0.2[0m
[0;32mI (34) boot: efuse block revision: v1.4[0m
[0;32mI (37) boot.esp32s3: Boot SPI Speed : 80MHz[0m
[0;32mI (41) boot.esp32s3: SPI Mode       : DIO[0m
[0;32mI (45) boot.esp32s3: SPI Flash Size : 2MB[0m
[0;32mI (49) boot: Enabling RNG early entropy source...[0m
[0;32mI (53) boot: Partition Table:[0m
[0;32mI (56) boot: ## Label            Usage          Type ST Offset   Length[0m
[0;32mI (62) boot:  0 nvs              WiFi data        01 02 00009000 00006000[0m
[0;32mI (69) boot:  1 phy_init         RF data          01 01 0000f000 00001000[0m
[0;32mI (75) boot:  2 factory          factory app      00 00 00010000 00100000[0m
[0;32mI (82) boot: End of partition table[0m
[0;32mI (85) esp_image: segment 0: paddr=00010020 vaddr=3c030020 size=0d904h ( 55556) map[0m
[0;32mI (102) esp_image: segment 1: paddr=0001d92c vaddr=3fc90d00 size=026ech (  9964) load[0m
[0;32mI (105) esp_image: segment 2: paddr=00020020 vaddr=42000020 size=22430h (140336) map[0m
[0;32mI (133) esp_image: segment 3: paddr=00042458 vaddr=3fc933ec size=02f80h ( 12160) load[0m
[0;32mI (135) esp_image: segment 4: paddr=000453e0 vaddr=40374000 size=0cce0h ( 52448) load[0m
[0;32mI (148) esp_image: segment 5: paddr=000520c8 vaddr=50000000 size=00024h (    36) load[0m
[0;32mI (154) boot: Loaded app from partition at offset 0x10000[0m
[0;32mI (155) boot: Disabling RNG early entropy source...[0m
[0;32mI (166) cpu_start: Multicore app[0m
[0;32mI (174) cpu_start: GPIO 44 and 43 are used as console UART I/O pins[0m
[0;32mI (175) cpu_start: Pro cpu start user code[0m
[0;32mI (175) cpu_start: cpu freq: 160000000 Hz[0m
[0;32mI (177) app_init: Application information:[0m
[0;32mI (180) app_init: Project name:     Ejercicio_7[0m
[0;32mI (185) app_init: App version:      2f7d5eff-dirty[0m
[0;32mI (189) app_init: Compile time:     Apr 11 2026 17:35:52[0m
[0;32mI (194) app_init: ELF file SHA256:  ce55f913a...[0m
[0;32mI (198) app_init: ESP-IDF:          v6.1-dev-2938-g12f36a021f[0m
[0;32mI (204) efuse_init: Min chip rev:     v0.0[0m
[0;32mI (208) efuse_init: Max chip rev:     v0.99 [0m
[0;32mI (212) efuse_init: Chip rev:         v0.2[0m
I (216) heap_init: Initializing. RAM available for dynamic allocation:
[0;32mI (222) heap_init: At 3FC975D0 len 00052140 (328 KiB): RAM[0m
[0;32mI (227) heap_init: At 3FCE9710 len 00005724 (21 KiB): RAM[0m
[0;32mI (232) heap_init: At 3FCF0000 len 00008000 (32 KiB): DRAM[0m
[0;32mI (237) heap_init: At 600FE000 len 00001FE8 (7 KiB): RTCRAM[0m
[0;32mI (244) spi_flash: detected chip: mxic[0m
[0;32mI (246) spi_flash: flash io: dio[0m
[0;33mW (249) spi_flash: Detected size(16384k) larger than the size in the binary image header(2048k). Using the size in the binary image header.[0m
[0;32mI (262) sleep_gpio: Configure to isolate all GPIO pins in sleep state[0m
[0;32mI (268) sleep_gpio: Enable automatic switching of GPIO sleep configuration[0m
[0;32mI (275) main_task: Started on CPU0[0m
[0;32mI (295) main_task: Calling app_main()[0m
Guru Meditation Error: Core  0 panic'ed (LoadProhibited). Exception was unhandled.

Core  0 register dump:
PC      : 0x42014e68  PS      : 0x00060730  A0      : 0x8200a802  A1      : 0x3fc99dd0  
A2      : 0x3fce9a54  A3      : 0x3fc91228  A4      : 0x00000008  A5      : 0x3fce9a54  
A6      : 0x3c03cbe4  A7      : 0x3fc91228  A8      : 0x3c03cc3c  A9      : 0x00000000  
A10     : 0x3fce9a54  A11     : 0x00000060  A12     : 0x00000060  A13     : 0x00000000  
A14     : 0x00000002  A15     : 0x00000009  SAR     : 0x0000001c  EXCCAUSE: 0x0000001c  
EXCVADDR: 0x00000000  LBEG    : 0x400570e8  LEND    : 0x400570f3  LCOUNT  : 0x00000000  


Backtrace: 0x42014e65:0x3fc99dd0 0x4200a7ff:0x3fc99e10 0x42009f85:0x3fc99e40 0x42009c9a:0x3fc99e80 0x4200757b:0x3fc99ea0 0x4202007e:0x3fc99ed0




ELF file SHA256: ce55f913a

Rebooting...
���ESP-ROM:esp32s3-20210327
Build:Mar 27 2021
rst:0xc (RTC_SW_CPU_RST),boot:0x28 (SPI_FAST_FLASH_BOOT)
Saved PC:0x4037b34d
SPIWP:0xee
mode:DIO, clock div:1
load:0x3fce2820,len:0x14f0
load:0x403c8700,len:0xda0
load:0x403cb700,len:0x2f58
entry 0x403c8908
[0;32mI (29) boot: ESP-IDF v6.1-dev-2938-g12f36a021f 2nd stage bootloader[0m
[0;32mI (29) boot: compile time Apr 11 2026 17:35:12[0m
[0;32mI (29) boot: Multicore bootloader[0m
[0;32mI (31) boot: chip revision: v0.2[0m
[0;32mI (34) boot: efuse block revision: v1.4[0m
[0;32mI (37) boot.esp32s3: Boot SPI Speed : 80MHz[0m
[0;32mI (41) boot.esp32s3: SPI Mode       : DIO[0m
[0;32mI (45) boot.esp32s3: SPI Flash Size : 2MB[0m
[0;32mI (49) boot: Enabling RNG early entropy source...[0m
[0;32mI (53) boot: Partition Table:[0m
[0;32mI (56) boot: ## Label            Usage          Type ST Offset   Length[0m
[0;32mI (62) boot:  0 nvs              WiFi data        01 02 00009000 00006000[0m
[0;32mI (69) boot:  1 phy_init         RF data          01 01 0000f000 00001000[0m
[0;32mI (75) boot:  2 factory          factory app      00 00 00010000 00100000[0m
[0;32mI (82) boot: End of partition table[0m
[0;32mI (85) esp_image: segment 0: paddr=00010020 vaddr=3c030020 size=0d904h ( 55556) map[0m
[0;32mI (102) esp_image: segment 1: paddr=0001d92c vaddr=3fc90d00 size=026ech (  9964) load[0m
[0;32mI (105) esp_image: segment 2: paddr=00020020 vaddr=42000020 size=22430h (140336) map[0m
[0;32mI (133) esp_image: segment 3: paddr=00042458 vaddr=3fc933ec size=02f80h ( 12160) load[0m
[0;32mI (135) esp_image: segment 4: paddr=000453e0 vaddr=40374000 size=0cce0h ( 52448) load[0m
[0;32mI (148) esp_image: segment 5: paddr=000520c8 vaddr=50000000 size=00024h (    36) load[0m
[0;32mI (154) boot: Loaded app from partition at offset 0x10000[0m
[0;32mI (155) boot: Disabling RNG early entropy source...[0m
[0;32mI (166) cpu_start: Multicore app[0m
[0;32mI (174) cpu_start: GPIO 44 and 43 are used as console UART I/O pins[0m
[0;32mI (175) cpu_start: Pro cpu start user code[0m
[0;32mI (175) cpu_start: cpu freq: 160000000 Hz[0m
[0;32mI (177) app_init: Application information:[0m
[0;32mI (180) app_init: Project name:     Ejercicio_7[0m
[0;32mI (185) app_init: App version:      2f7d5eff-dirty[0m
[0;32mI (189) app_init: Compile time:     Apr 11 2026 17:35:52[0m
[0;32mI (194) app_init: ELF file SHA256:  ce55f913a...[0m
[0;32mI (198) app_init: ESP-IDF:          v6.1-dev-2938-g12f36a021f[0m
[0;32mI (204) efuse_init: Min chip rev:     v0.0[0m
[0;32mI (208) efuse_init: Max chip rev:     v0.99 [0m
[0;32mI (212) efuse_init: Chip rev:         v0.2[0m
[0;32mI (216) heap_init: Initializing. RAM available for dynamic allocation:[0m
[0;32mI (222) heap_init: At 3FC975D0 len 00052140 (328 KiB): RAM[0m
[0;32mI (227) heap_init: At 3FCE9710 len 00005724 (21 KiB): RAM[0m
[0;32mI (232) heap_init: At 3FCF0000 len 00008000 (32 KiB): DRAM[0m
[0;32mI (237) heap_init: At 600FE000 len 00001FE8 (7 KiB): RTCRAM[0m
[0;32mI (244) spi_flash: detected chip: mxic[0m
[0;32mI (246) spi_flash: flash io: dio[0m
[0;33mW (249) spi_flash: Detected size(16384k) larger than the size in the binary image header(2048k). Using the size in the binary image header.[0m
[0;32mI (262) sleep_gpio: Configure to isolate all GPIO pins in sleep state[0m
[0;32mI (268) sleep_gpio: Enable automatic switching of GPIO sleep configuration[0m
[0;32mI (275) main_task: Started on CPU0[0m
[0;32mI (295) main_task: Calling app_main()[0m
Guru Meditation Error: Core  0 panic'ed (LoadProhibited). Exception was unhandled.

Core  0 register dump:
PC      : 0x42014e68  PS      : 0x00060730  A0      : 0x8200a802  A1      : 0x3fc99dd0  
A2      : 0x3fce9a54  A3      : 0x3fc91228  A4      : 0x00000008  A5      : 0x3fce9a54  
A6      : 0x3c03cbe4  A7      : 0x3fc91228  A8      : 0x3c03cc3c  A9      : 0x00000000  
A10     : 0x3fce9a54  A11     : 0x00000060  A12     : 0x00000060  A13     : 0x00000000  
A14     : 0x00000002  A15     : 0x00000009  SAR     : 0x0000001c  EXCCAUSE: 0x0000001c  
EXCVADDR: 0x00000000  LBEG    : 0x400570e8  LEND    : 0x400570f3  LCOUNT  : 0x00000000  


Backtrace: 0x42014e65:0x3fc99dd0 0x4200a7ff:0x3fc99e10 0x42009f85:0x3fc99e40 0x42009c9a:0x3fc99e80 0x4200757b:0x3fc99ea0 0x4202007e:0x3fc99ed0




ELF file SHA256: ce55f913a

Rebooting...
���ESP-ROM:esp32s3-20210327
Build:Mar 27 2021
rst:0xc (RTC_SW_CPU_RST),boot:0x28 (SPI_FAST_FLASH_BOOT)
Saved PC:0x4037b34d
SPIWP:0xee
mode:DIO, clock div:1
load:0x3fce2820,len:0x14f0
load:0x403c8700,len:0xda0
load:0x403cb700,len:0x2f58
entry 0x403c8908
[0;32mI (29) boot: ESP-IDF v6.1-dev-2938-g12f36a021f 2nd stage bootloader[0m
[0;32mI (29) boot: compile time Apr 11 2026 17:35:12[0m
[0;32mI (29) boot: Multicore bootloader[0m
[0;32mI (31) boot: chip revision: v0.2[0m
[0;32mI (34) boot: efuse block revision: v1.4[0m
[0;32mI (37) boot.esp32s3: Boot SPI Speed : 80MHz[0m
[0;32mI (41) boot.esp32s3: SPI Mode       : DIO[0m
[0;32mI (45) boot.esp32s3: SPI Flash Size : 2MB[0m
[0;32mI (49) boot: Enabling RNG early entropy source...[0m
[0;32mI (53) boot: Partition Table:[0m
[0;32mI (56) boot: ## Label            Usage          Type ST Offset   Length[0m
[0;32mI (62) boot:  0 nvs              WiFi data        01 02 00009000 00006000[0m
[0;32mI (69) boot:  1 phy_init         RF data          01 01 0000f000 00001000[0m
[0;32mI (75) boot:  2 factory          factory app      00 00 00010000 00100000[0m
[0;32mI (82) boot: End of partition table[0m
[0;32mI (85) esp_image: segment 0: paddr=00010020 vaddr=3c030020 size=0d904h ( 55556) map[0m
[0;32mI (102) esp_image: segment 1: paddr=0001d92c vaddr=3fc90d00 size=026ech (  9964) load[0m
[0;32mI (105) esp_image: segment 2: paddr=00020020 vaddr=42000020 size=22430h (140336) map[0m
[0;32mI (133) esp_image: segment 3: paddr=00042458 vaddr=3fc933ec size=02f80h ( 12160) load[0m
[0;32mI (135) esp_image: segment 4: paddr=000453e0 vaddr=40374000 size=0cce0h ( 52448) load[0m
[0;32mI (148) esp_image: segment 5: paddr=000520c8 vaddr=50000000 size=00024h (    36) load[0m
[0;32mI (154) boot: Loaded app from partition at offset 0x10000[0m
[0;32mI (155) boot: Disabling RNG early entropy source...[0m
[0;32mI (166) cpu_start: Multicore app[0m
[0;32mI (174) cpu_start: GPIO 44 and 43 are used as console UART I/O pins[0m
[0;32mI (175) cpu_start: Pro cpu start user code[0m
[0;32mI (175) cpu_start: cpu freq: 160000000 Hz[0m
[0;32mI (177) app_init: Application information:[0m
[0;32mI (180) app_init: Project name:     Ejercicio_7[0m
[0;32mI (185) app_init: App version:      2f7d5eff-dirty[0m
[0;32mI (189) app_init: Compile time:     Apr 11 2026 17:35:52[0m
[0;32mI (194) app_init: ELF file SHA256:  ce55f913a...[0m
[0;32mI (198) app_init: ESP-IDF:          v6.1-dev-2938-g12f36a021f[0m
[0;32mI (204) efuse_init: Min chip rev:     v0.0[0m
[0;32mI (208) efuse_init: Max chip rev:     v0.99 [0m
[0;32mI (212) efuse_init: Chip rev:         v0.2[0m
[0;32mI (216) heap_init: Initializing. RAM available for dynamic allocation:[0m
[0;32mI (222) heap_init: At 3FC975D0 len 00052140 (328 KiB): RAM[0m
[0;32mI (227) heap_init: At 3FCE9710 len 00005724 (21 KiB): RAM[0m
[0;32mI (232) heap_init: At 3FCF0000 len 00008000 (32 KiB): DRAM[0m
[0;32mI (237) heap_init: At 600FE000 len 00001FE8 (7 KiB): RTCRAM[0m
[0;32mI (244) spi_flash: detected chip: mxic[0m
[0;32mI (246) spi_flash: flash io: dio[0m
[0;33mW (249) spi_flash: Detected size(16384k) larger than the size in the binary image header(2048k). Using the size in the binary image header.[0m
[0;32mI (262) sleep_gpio: Configure to isolate all GPIO pins in sleep state[0m
[0;32mI (268) sleep_gpio: Enable automatic switching of GPIO sleep configuration[0m
[0;32mI (275) main_task: Started on CPU0[0m
[0;32mI (295) main_task: Calling app_main()[0m
Guru Meditation Error: Core  0 panic'ed (LoadProhibited). Exception was unhandled.

Core  0 register dump:
PC      : 0x42014e68  PS      : 0x00060730  A0      : 0x8200a802  A1      : 0x3fc99dd0  
A2      : 0x3fce9a54  A3      : 0x3fc91228  A4      : 0x00000008  A5      : 0x3fce9a54  
A6      : 0x3c03cbe4  A7      : 0x3fc91228  A8      : 0x3c03cc3c  A9      : 0x00000000  
A10     : 0x3fce9a54  A11     : 0x00000060  A12     : 0x00000060  A13     : 0x00000000  
A14     : 0x00000002  A15     : 0x00000009  SAR     : 0x0000001c  EXCCAUSE: 0x0000001c  
EXCVADDR: 0x00000000  LBEG    : 0x400570e8  LEND    : 0x400570f3  LCOUNT  : 0x00000000  


Backtrace: 0x42014e65:0x3fc99dd0 0x4200a7ff:0x3fc99e10 0x42009f85:0x3fc99e40 0x42009c9a:0x3fc99e80 0x4200757b:0x3fc99ea0 0x4202007e:0x3fc99ed0




ELF file SHA256: ce55f913a

Rebooting...
���ESP-ROM:esp32s3-20210327
Build:Mar 27 2021
rst:0xc (RTC_SW_CPU_RST),boot:0x28 (SPI_FAST_FLASH_BOOT)
Saved PC:0x4037b34d
SPIWP:0xee
mode:DIO, clock div:1
load:0x3fce2820,len:0x14f0
load:0x403c8700,len:0xda0
load:0x403cb700,len:0x2f58
entry 0x403c8908
[0;32mI (29) boot: ESP-IDF v6.1-dev-2938-g12f36a021f 2nd stage bootloader[0m
[0;32mI (29) boot: compile time Apr 11 2026 17:35:12[0m
[0;32mI (29) boot: Multicore bootloader[0m
[0;32mI (31) boot: chip revision: v0.2[0m
[0;32mI (34) boot: efuse block revision: v1.4[0m
[0;32mI (37) boot.esp32s3: Boot SPI Speed : 80MHz[0m
[0;32mI (41) boot.esp32s3: SPI Mode       : DIO[0m
[0;32mI (45) boot.esp32s3: SPI Flash Size : 2MB[0m
[0;32mI (49) boot: Enabling RNG early entropy source...[0m
[0;32mI (53) boot: Partition Table:[0m
[0;32mI (56) boot: ## Label            Usage          Type ST Offset   Length[0m
[0;32mI (62) boot:  0 nvs              WiFi data        01 02 00009000 00006000[0m
[0;32mI (69) boot:  1 phy_init         RF data          01 01 0000f000 00001000[0m
[0;32mI (75) boot:  2 factory          factory app      00 00 00010000 00100000[0m
[0;32mI (82) boot: End of partition table[0m
[0;32mI (85) esp_image: segment 0: paddr=00010020 vaddr=3c030020 size=0d904h ( 55556) map[0m
[0;32mI (102) esp_image: segment 1: paddr=0001d92c vaddr=3fc90d00 size=026ech (  9964) load[0m
[0;32mI (105) esp_image: segment 2: paddr=00020020 vaddr=42000020 size=22430h (140336) map[0m
[0;32mI (133) esp_image: segment 3: paddr=00042458 vaddr=3fc933ec size=02f80h ( 12160) load[0m
[0;32mI (135) esp_image: segment 4: paddr=000453e0 vaddr=40374000 size=0cce0h ( 52448) load[0m
[0;32mI (148) esp_image: segment 5: paddr=000520c8 vaddr=50000000 size=00024h (    36) load[0m
[0;32mI (154) boot: Loaded app from partition at offset 0x10000[0m
[0;32mI (155) boot: Disabling RNG early entropy source...[0m
[0;32mI (166) cpu_start: Multicore app[0m
[0;32mI (174) cpu_start: GPIO 44 and 43 are used as console UART I/O pins[0m
[0;32mI (175) cpu_start: Pro cpu start user code[0m
[0;32mI (175) cpu_start: cpu freq: 160000000 Hz[0m
[0;32mI (177) app_init: Application information:[0m
[0;32mI (180) app_init: Project name:     Ejercicio_7[0m
[0;32mI (185) app_init: App version:      2f7d5eff-dirty[0m
[0;32mI (189) app_init: Compile time:     Apr 11 2026 17:35:52[0m
[0;32mI (194) app_init: ELF file SHA256:  ce55f913a...[0m
[0;32mI (198) app_init: ESP-IDF:          v6.1-dev-2938-g12f36a021f[0m
[0;32mI (204) efuse_init: Min chip rev:     v0.0[0m
[0;32mI (208) efuse_init: Max chip rev:     v0.99 [0m
[0;32mI (212) efuse_init: Chip rev:         v0.2[0m
[0;32mI (216) heap_init: Initializing. RAM available for dynamic allocation:[0m
[0;32mI (222) heap_init: At 3FC975D0 len 00052140 (328 KiB): RAM[0m
[0;32mI (227) heap_init: At 3FCE9710 len 00005724 (21 KiB): RAM[0m
[0;32mI (232) heap_init: At 3FCF0000 len 00008000 (32 KiB): DRAM[0m
[0;32mI (237) heap_init: At 600FE000 len 00001FE8 (7 KiB): RTCRAM[0m
[0;32mI (244) spi_flash: detected chip: mxic[0m
[0;32mI (246) spi_flash: flash io: dio[0m
[0;33mW (249) spi_flash: Detected size(16384k) larger than the size in the binary image header(2048k). Using the size in the binary image header.[0m
[0;32mI (262) sleep_gpio: Configure to isolate all GPIO pins in sleep state[0m
[0;32mI (268) sleep_gpio: Enable automatic switching of GPIO sleep configuration[0m
[0;32mI (275) main_task: Started on CPU0[0m
[0;32mI (295) main_task: Calling app_main()[0m
Guru Meditation Error: Core  0 panic'ed (LoadProhibited). Exception was unhandled.

Core  0 register dump:
PC      : 0x42014e68  PS      : 0x00060730  A0      : 0x8200a802  A1      : 0x3fc99dd0  
A2      : 0x3fce9a54  A3      : 0x3fc91228  A4      : 0x00000008  A5      : 0x3fce9a54  
A6      : 0x3c03cbe4  A7      : 0x3fc91228  A8      : 0x3c03cc3c  A9      : 0x00000000  
A10     : 0x3fce9a54  A11     : 0x00000060  A12     : 0x00000060  A13     : 0x00000000  
A14     : 0x00000002  A15     : 0x00000009  SAR     : 0x0000001c  EXCCAUSE: 0x0000001c  
EXCVADDR: 0x00000000  LBEG    : 0x400570e8  LEND    : 0x400570f3  LCOUNT  : 0x00000000  


Backtrace: 0x42014e65:0x3fc99dd0 0x4200a7ff:0x3fc99e10 0x42009f85:0x3fc99e40 0x42009c9a:0x3fc99e80 0x4200757b:0x3fc99ea0 0x4202007e:0x3fc99ed0




ELF file SHA256: ce55f913a

Rebooting...
���ESP-ROM:esp32s3-20210327
Build:Mar 27 2021
rst:0xc (RTC_SW_CPU_RST),boot:0x28 (SPI_FAST_FLASH_BOOT)
Saved PC:0x4037b34d
SPIWP:0xee
mode:DIO, clock div:1
load:0x3fce2820,len:0x14f0
load:0x403c8700,len:0xda0
load:0x403cb700,len:0x2f58
entry 0x403c8908
[0;32mI (29) boot: ESP-IDF v6.1-dev-2938-g12f36a021f 2nd stage bootloader[0m
[0;32mI (29) boot: compile time Apr 11 2026 17:35:12[0m
[0;32mI (29) boot: Multicore bootloader[0m
[0;32mI (31) boot: chip revision: v0.2[0m
[0;32mI (34) boot: efuse block revision: v1.4[0m
[0;32mI (37) boot.esp32s3: Boot SPI Speed : 80MHz[0m
[0;32mI (41) boot.esp32s3: SPI Mode       : DIO[0m
[0;32mI (45) boot.esp32s3: SPI Flash Size : 2MB[0m
[0;32mI (49) boot: Enabling RNG early entropy source...[0m
[0;32mI (53) boot: Partition Table:[0m
[0;32mI (56) boot: ## Label            Usage          Type ST Offset   Length[0m
[0;32mI (62) boot:  0 nvs              WiFi data        01 02 00009000 00006000[0m
[0;32mI (69) boot:  1 phy_init         RF data          01 01 0000f000 00001000[0m
[0;32mI (75) boot:  2 factory          factory app      00 00 00010000 00100000[0m
[0;32mI (82) boot: End of partition table[0m
[0;32mI (85) esp_image: segment 0: paddr=00010020 vaddr=3c030020 size=0d904h ( 55556) map[0m
[0;32mI (102) esp_image: segment 1: paddr=0001d92c vaddr=3fc90d00 size=026ech (  9964) load[0m
[0;32mI (105) esp_image: segment 2: paddr=00020020 vaddr=42000020 size=22430h (140336) map[0m
[0;32mI (133) esp_image: segment 3: paddr=00042458 vaddr=3fc933ec size=02f80h ( 12160) load[0m
[0;32mI (135) esp_image: segment 4: paddr=000453e0 vaddr=40374000 size=0cce0h ( 52448) load[0m
[0;32mI (148) esp_image: segment 5: paddr=000520c8 vaddr=50000000 size=00024h (    36) load[0m
[0;32mI (154) boot: Loaded app from partition at offset 0x10000[0m
[0;32mI (155) boot: Disabling RNG early entropy source...[0m
