Command: /home/diazb/esp/idf-tools/python_env/idf6.1_py3.12_env/bin/python /home/diazb/esp/esp-idf/tools/idf_monitor.py -p /dev/ttyUSB0 -b 115200 --toolchain-prefix xtensa-esp32s3-elf- --target esp32s3 --revision 0 /home/diazb/Proyecto-Sumo-grupo-Juan-Lucas-Cristobal/Lab_1/Ejercicio_1/build/hello_world.elf /home/diazb/Proyecto-Sumo-grupo-Juan-Lucas-Cristobal/Lab_1/Ejercicio_1/build/bootloader/bootloader.elf -m '/home/diazb/esp/idf-tools/python_env/idf6.1_py3.12_env/bin/python' '/home/diazb/esp/esp-idf/tools/idf.py' '-p' '/dev/ttyUSB0'
ESP-ROM:esp32s3-20210327
Build:Mar 27 2021
rst:0x1 (POWERON),boot:0x28 (SPI_FAST_FLASH_BOOT)
SPIWP:0xee
mode:DIO, clock div:1
load:0x3fce2820,len:0x14f0
load:0x403c8700,len:0xda0
load:0x403cb700,len:0x2f58
entry 0x403c8908
[0;32mI (24) boot: ESP-IDF v6.1-dev-2938-g12f36a021f 2nd stage bootloader[0m
[0;32mI (25) boot: compile time Apr  4 2026 14:22:30[0m
[0;32mI (25) boot: Multicore bootloader[0m
[0;32mI (27) boot: chip revision: v0.2[0m
[0;32mI (29) boot: efuse block revision: v1.4[0m
[0;32mI (33) boot.esp32s3: Boot SPI Speed : 80MHz[0m
[0;32mI (37) boot.esp32s3: SPI Mode       : DIO[0m
[0;32mI (41) boot.esp32s3: SPI Flash Size : 2MB[0m
[0;32mI (44) boot: Enabling RNG early entropy source...[0m
[0;32mI (49) boot: Partition Table:[0m
[0;32mI (51) boot: ## Label            Usage          Type ST Offset   Length[0m
[0;32mI (58) boot:  0 nvs              WiFi data        01 02 00009000 00006000[0m
[0;32mI (64) boot:  1 phy_init         RF data          01 01 0000f000 00001000[0m
[0;32mI (71) boot:  2 factory          factory app      00 00 00010000 00100000[0m
[0;32mI (77) boot: End of partition table[0m
[0;32mI (81) esp_image: segment 0: paddr=00010020 vaddr=3c010020 size=072c4h ( 29380) map[0m
[0;32mI (93) esp_image: segment 1: paddr=000172ec vaddr=3fc8f800 size=02e0ch ( 11788) load[0m
[0;32mI (98) esp_image: segment 2: paddr=0001a100 vaddr=40374000 size=05f18h ( 24344) load[0m
[0;32mI (108) esp_image: segment 3: paddr=00020020 vaddr=42000020 size=0de44h ( 56900) map[0m
[0;32mI (121) esp_image: segment 4: paddr=0002de6c vaddr=40379f18 size=05820h ( 22560) load[0m
[0;32mI (126) esp_image: segment 5: paddr=00033694 vaddr=50000000 size=00024h (    36) load[0m
[0;32mI (131) boot: Loaded app from partition at offset 0x10000[0m
[0;32mI (131) boot: Disabling RNG early entropy source...[0m
[0;32mI (147) cpu_start: Multicore app[0m
[0;32mI (155) cpu_start: GPIO 44 and 43 are used as console UART I/O pins[0m
[0;32mI (156) cpu_start: Pro cpu start user code[0m
[0;32mI (156) cpu_start: cpu freq: 160000000 Hz[0m
[0;32mI (158) app_init: Application information:[0m
[0;32mI (161) app_init: Project name:     hello_world[0m
[0;32mI (166) app_init: App version:      fe457751-dirty[0m
[0;32mI (170) app_init: Compile time:     Apr  4 2026 14:22:32[0m
[0;32mI (175) app_init: ELF file SHA256:  2cc782861...[0m
[0;32mI (180) app_init: ESP-IDF:          v6.1-dev-2938-g12f36a021f[0m
[0;32mI (185) efuse_init: Min chip rev:     v0.0[0m
[0;32mI (189) efuse_init: Max chip rev:     v0.99 [0m
[0;32mI (193) efuse_init: Chip rev:         v0.2[0m
[0;32mI (197) heap_init: Initializing. RAM available for dynamic allocation:[0m
[0;32mI (203) heap_init: At 3FC92F30 len 000567E0 (345 KiB): RAM[0m
[0;32mI (208) heap_init: At 3FCE9710 len 00005724 (21 KiB): RAM[0m
[0;32mI (213) heap_init: At 3FCF0000 len 00008000 (32 KiB): DRAM[0m
[0;32mI (218) heap_init: At 600FE000 len 00001FE8 (7 KiB): RTCRAM[0m
[0;32mI (224) spi_flash: detected chip: mxic[0m
[0;32mI (227) spi_flash: flash io: dio[0m
[0;33mW (230) spi_flash: Detected size(16384k) larger than the size in the binary image header(2048k). Using the size in the binary image header.[0m
[0;32mI (243) sleep_gpio: Configure to isolate all GPIO pins in sleep state[0m
[0;32mI (249) sleep_gpio: Enable automatic switching of GPIO sleep configuration[0m
[0;32mI (256) main_task: Started on CPU0[0m
[0;32mI (266) main_task: Calling app_main()[0m
Cristóbal Díaz Barra!
This is esp32s3 chip with 2 CPU core(s), WiFi/BLE, silicon revision v0.2, 2MB external flash
Minimum free heap size: 401340 bytes
Restarting in 10 seconds...
Restarting in 9 seconds...
Restarting in 8 seconds...
Restarting in 7 seconds...
Restarting in 6 seconds...
Restarting in 5 seconds...
Restarting in 4 seconds...
Restarting in 3 seconds...
Restarting in 2 seconds...
Restarting in 1 seconds...
Restarting in 0 seconds...
Restarting now.
ESP-ROM:esp32s3-20210327
Build:Mar 27 2021
rst:0xc (RTC_SW_CPU_RST),boot:0x28 (SPI_FAST_FLASH_BOOT)
Saved PC:0x4037a439
SPIWP:0xee
mode:DIO, clock div:1
load:0x3fce2820,len:0x14f0
load:0x403c8700,len:0xda0
load:0x403cb700,len:0x2f58
entry 0x403c8908
[0;32mI (29) boot: ESP-IDF v6.1-dev-2938-g12f36a021f 2nd stage bootloader[0m
[0;32mI (29) boot: compile time Apr  4 2026 14:22:30[0m
[0;32mI (29) boot: Multicore bootloader[0m
[0;32mI (31) boot: chip revision: v0.2[0m
[0;32mI (34) boot: efuse block revision: v1.4[0m
[0;32mI (37) boot.esp32s3: Boot SPI Speed : 80MHz[0m
[0;32mI (41) boot.esp32s3: SPI Mode       : DIO[0m
[0;32mI (45) boot.esp32s3: SPI Flash Size : 2MB[0m
[0;32mI (49) boot: Enabling RNG early entropy source...[0m
[0;32mI (53) boot: Partition Table:[0m
[0;32mI (56) boot: ## Label            Usage          Type ST Offset   Length[0m
[0;32mI (62) boot:  0 nvs              WiFi data        01 02 00009000 00006000[0m
[0;32mI (69) boot:  1 phy_init         RF data          01 01 0000f000 00001000[0m
[0;32mI (75) boot:  2 factory          factory app      00 00 00010000 00100000[0m
[0;32mI (82) boot: End of partition table[0m
[0;32mI (85) esp_image: segment 0: paddr=00010020 vaddr=3c010020 size=072c4h ( 29380) map[0m
[0;32mI (98) esp_image: segment 1: paddr=000172ec vaddr=3fc8f800 size=02e0ch ( 11788) load[0m
[0;32mI (102) esp_image: segment 2: paddr=0001a100 vaddr=40374000 size=05f18h ( 24344) load[0m
[0;32mI (113) esp_image: segment 3: paddr=00020020 vaddr=42000020 size=0de44h ( 56900) map[0m
[0;32mI (125) esp_image: segment 4: paddr=0002de6c vaddr=40379f18 size=05820h ( 22560) load[0m
[0;32mI (130) esp_image: segment 5: paddr=00033694 vaddr=50000000 size=00024h (    36) load[0m
[0;32mI (136) boot: Loaded app from partition at offset 0x10000[0m
[0;32mI (136) boot: Disabling RNG early entropy source...[0m
[0;32mI (151) cpu_start: Multicore app[0m
[0;32mI (160) cpu_start: GPIO 44 and 43 are used as console UART I/O pins[0m
[0;32mI (160) cpu_start: Pro cpu start user code[0m
[0;32mI (161) cpu_start: cpu freq: 160000000 Hz[0m
[0;32mI (162) app_init: Application information:[0m
[0;32mI (166) app_init: Project name:     hello_world[0m
[0;32mI (170) app_init: App version:      fe457751-dirty[0m
[0;32mI (175) app_init: Compile time:     Apr  4 2026 14:22:32[0m
[0;32mI (180) app_init: ELF file SHA256:  2cc782861...[0m
[0;32mI (184) app_init: ESP-IDF:          v6.1-dev-2938-g12f36a021f[0m
[0;32mI (189) efuse_init: Min chip rev:     v0.0[0m
[0;32mI (193) efuse_init: Max chip rev:     v0.99 [0m
[0;32mI (197) efuse_init: Chip rev:         v0.2[0m
[0;32mI (201) heap_init: Initializing. RAM available for dynamic allocation:[0m
[0;32mI (207) heap_init: At 3FC92F30 len 000567E0 (345 KiB): RAM[0m
[0;32mI (213) heap_init: At 3FCE9710 len 00005724 (21 KiB): RAM[0m
[0;32mI (218) heap_init: At 3FCF0000 len 00008000 (32 KiB): DRAM[0m
[0;32mI (223) heap_init: At 600FE000 len 00001FE8 (7 KiB): RTCRAM[0m
[0;32mI (229) spi_flash: detected chip: mxic[0m
[0;32mI (232) spi_flash: flash io: dio[0m
[0;33mW (235) spi_flash: Detected size(16384k) larger than the size in the binary image header(2048k). Using the size in the binary image header.[0m
[0;32mI (247) sleep_gpio: Configure to isolate all GPIO pins in sleep state[0m
[0;32mI (253) sleep_gpio: Enable automatic switching of GPIO sleep configuration[0m
[0;32mI (260) main_task: Started on CPU0[0m
[0;32mI (270) main_task: Calling app_main()[0m
Cristóbal Díaz Barra!
This is esp32s3 chip with 2 CPU core(s), WiFi/BLE, silicon revision v0.2, 2MB external flash
Minimum free heap size: 401340 bytes
Restarting in 10 seconds...
Restarting in 9 seconds...
Restarting in 8 seconds...
Restarting in 7 seconds...
Restarting in 6 seconds...
Restarting in 5 seconds...
Restarting in 4 seconds...
Restarting in 3 seconds...
Restarting in 2 seconds...
Restarting in 1 seconds...
Restarting in 0 seconds...
Restarting now.
x��ESP-ROM:esp32s3-20210327
Build:Mar 27 2021
rst:0xc (RTC_SW_CPU_RST),boot:0x28 (SPI_FAST_FLASH_BOOT)
Saved PC:0x4037a439
SPIWP:0xee
mode:DIO, clock div:1
load:0x3fce2820,len:0x14f0
load:0x403c8700,len:0xda0
load:0x403cb700,len:0x2f58
entry 0x403c8908
[0;32mI (29) boot: ESP-IDF v6.1-dev-2938-g12f36a021f 2nd stage bootloader[0m
[0;32mI (29) boot: compile time Apr  4 2026 14:22:30[0m
[0;32mI (29) boot: Multicore bootloader[0m
[0;32mI (31) boot: chip revision: v0.2[0m
[0;32mI (34) boot: efuse block revision: v1.4[0m
[0;32mI (37) boot.esp32s3: Boot SPI Speed : 80MHz[0m
[0;32mI (41) boot.esp32s3: SPI Mode       : DIO[0m
[0;32mI (45) boot.esp32s3: SPI Flash Size : 2MB[0m
[0;32mI (49) boot: Enabling RNG early entropy source...[0m
[0;32mI (53) boot: Partition Table:[0m
[0;32mI (56) boot: ## Label            Usage          Type ST Offset   Length[0m
[0;32mI (62) boot:  0 nvs              WiFi data        01 02 00009000 00006000[0m
[0;32mI (69) boot:  1 phy_init         RF data          01 01 0000f000 00001000[0m
[0;32mI (75) boot:  2 factory          factory app      00 00 00010000 00100000[0m
[0;32mI (82) boot: End of partition table[0m
[0;32mI (85) esp_image: segment 0: paddr=00010020 vaddr=3c010020 size=072c4h ( 29380) map[0m
[0;32mI (98) esp_image: segment 1: paddr=000172ec vaddr=3fc8f800 size=02e0ch ( 11788) load[0m
[0;32mI (102) esp_image: segment 2: paddr=0001a100 vaddr=40374000 size=05f18h ( 24344) load[0m
[0;32mI (113) esp_image: segment 3: paddr=00020020 vaddr=42000020 size=0de44h ( 56900) map[0m
[0;32mI (125) esp_image: segment 4: paddr=0002de6c vaddr=40379f18 size=05820h ( 22560) load[0m
[0;32mI (130) esp_image: segment 5: paddr=00033694 vaddr=50000000 size=00024h (    36) load[0m
[0;32mI (136) boot: Loaded app from partition at offset 0x10000[0m
[0;32mI (136) boot: Disabling RNG early entropy source...[0m
[0;32mI (151) cpu_start: Multicore app[0m
[0;32mI (160) cpu_start: GPIO 44 and 43 are used as console UART I/O pins[0m
[0;32mI (160) cpu_start: Pro cpu start user code[0m
[0;32mI (161) cpu_start: cpu freq: 160000000 Hz[0m
[0;32mI (162) app_init: Application information:[0m
[0;32mI (166) app_init: Project name:     hello_world[0m
[0;32mI (170) app_init: App version:      fe457751-dirty[0m
[0;32mI (175) app_init: Compile time:     Apr  4 2026 14:22:32[0m
[0;32mI (180) app_init: ELF file SHA256:  2cc782861...[0m
[0;32mI (184) app_init: ESP-IDF:          v6.1-dev-2938-g12f36a021f[0m
[0;32mI (189) efuse_init: Min chip rev:     v0.0[0m
[0;32mI (193) efuse_init: Max chip rev:     v0.99 [0m
[0;32mI (197) efuse_init: Chip rev:         v0.2[0m
[0;32mI (201) heap_init: Initializing. RAM available for dynamic allocation:[0m
[0;32mI (207) heap_init: At 3FC92F30 len 000567E0 (345 KiB): RAM[0m
[0;32mI (213) heap_init: At 3FCE9710 len 00005724 (21 KiB): RAM[0m
[0;32mI (218) heap_init: At 3FCF0000 len 00008000 (32 KiB): DRAM[0m
[0;32mI (223) heap_init: At 600FE000 len 00001FE8 (7 KiB): RTCRAM[0m
[0;32mI (229) spi_flash: detected chip: mxic[0m
[0;32mI (232) spi_flash: flash io: dio[0m
[0;33mW (235) spi_flash: Detected size(16384k) larger than the size in the binary image header(2048k). Using the size in the binary image header.[0m
[0;32mI (247) sleep_gpio: Configure to isolate all GPIO pins in sleep state[0m
[0;32mI (253) sleep_gpio: Enable automatic switching of GPIO sleep configuration[0m
[0;32mI (260) main_task: Started on CPU0[0m
[0;32mI (270) main_task: Calling app_main()[0m
Cristóbal Díaz Barra!
This is esp32s3 chip with 2 CPU core(s), WiFi/BLE, silicon revision v0.2, 2MB external flash
Minimum free heap size: 401340 bytes
Restarting in 10 seconds...
Restarting in 9 seconds...
Restarting in 8 seconds...
Restarting in 7 seconds...
Restarting in 6 seconds...
Restarting in 5 seconds...
Restarting in 4 seconds...
